{"ts":"2026-06-22T03:37:13.444Z","level":"info","message":"Backup scheduled: 0 2 * * *"}
{"ts":"2026-06-22T03:37:13.449Z","level":"info","message":"🚀 POS Server running on port 3001"}
{"ts":"2026-06-22T03:37:13.450Z","level":"info","message":"   Environment: development"}
{"ts":"2026-06-22T03:37:13.450Z","level":"info","message":"   Client URL:  http://localhost:5173"}
{"ts":"2026-06-22T03:37:15.778Z","level":"info","message":"Backup scheduled: 0 2 * * *"}
{"ts":"2026-06-22T03:37:15.782Z","level":"info","message":"🚀 POS Server running on port 3001"}
{"ts":"2026-06-22T03:37:15.782Z","level":"info","message":"   Environment: development"}
{"ts":"2026-06-22T03:37:15.782Z","level":"info","message":"   Client URL:  http://localhost:5173"}
{"ts":"2026-06-22T03:38:12.204Z","level":"info","message":"GET /visits 200 45305ms","ip":"::1","userId":"f437545e-506c-4352-8e9b-cd44eaf5218b","userAgent":"Mozilla/5.0 (Windows NT 10.0; Win64; x64) AppleWebKit/537.36 (KHTML, like Gecko)"}
{"ts":"2026-06-22T03:38:12.219Z","level":"warn","message":"GET / 500 45338ms","ip":"::1","userId":"f437545e-506c-4352-8e9b-cd44eaf5218b","userAgent":"Mozilla/5.0 (Windows NT 10.0; Win64; x64) AppleWebKit/537.36 (KHTML, like Gecko)"}
{"ts":"2026-06-22T03:38:12.226Z","level":"warn","message":"GET /pending/all 500 45339ms","ip":"::1","userId":"f437545e-506c-4352-8e9b-cd44eaf5218b","userAgent":"Mozilla/5.0 (Windows NT 10.0; Win64; x64) AppleWebKit/537.36 (KHTML, like Gecko)"}
{"ts":"2026-06-22T03:38:12.228Z","level":"info","message":"GET /profit 200 45338ms","ip":"::1","userId":"f437545e-506c-4352-8e9b-cd44eaf5218b","userAgent":"Mozilla/5.0 (Windows NT 10.0; Win64; x64) AppleWebKit/537.36 (KHTML, like Gecko)"}
{"ts":"2026-06-22T03:38:12.237Z","level":"info","message":"GET /stats 200 45419ms","ip":"::1","userId":"f437545e-506c-4352-8e9b-cd44eaf5218b","userAgent":"Mozilla/5.0 (Windows NT 10.0; Win64; x64) AppleWebKit/537.36 (KHTML, like Gecko)"}
{"ts":"2026-06-22T03:38:31.952Z","level":"warn","message":"GET / 500 45139ms","ip":"::1","userId":"f437545e-506c-4352-8e9b-cd44eaf5218b","userAgent":"Mozilla/5.0 (Windows NT 10.0; Win64; x64) AppleWebKit/537.36 (KHTML, like Gecko)"}
{"ts":"2026-06-22T03:38:55.081Z","level":"info","message":"GET / 304 23125ms","ip":"::1","userId":"f437545e-506c-4352-8e9b-cd44eaf5218b","userAgent":"Mozilla/5.0 (Windows NT 10.0; Win64; x64) AppleWebKit/537.36 (KHTML, like Gecko)"}
{"ts":"2026-06-22T03:38:55.096Z","level":"info","message":"GET /visits 200 42831ms","ip":"::1","userId":"f437545e-506c-4352-8e9b-cd44eaf5218b","userAgent":"Mozilla/5.0 (Windows NT 10.0; Win64; x64) AppleWebKit/537.36 (KHTML, like Gecko)"}
{"ts":"2026-06-22T03:38:55.124Z","level":"info","message":"GET /pending/all 200 42872ms","ip":"::1","userId":"f437545e-506c-4352-8e9b-cd44eaf5218b","userAgent":"Mozilla/5.0 (Windows NT 10.0; Win64; x64) AppleWebKit/537.36 (KHTML, like Gecko)"}
{"ts":"2026-06-22T03:38:55.281Z","level":"info","message":"GET /profit 200 43025ms","ip":"::1","userId":"f437545e-506c-4352-8e9b-cd44eaf5218b","userAgent":"Mozilla/5.0 (Windows NT 10.0; Win64; x64) AppleWebKit/537.36 (KHTML, like Gecko)"}
{"ts":"2026-06-22T03:38:55.288Z","level":"info","message":"GET /stats 200 43049ms","ip":"::1","userId":"f437545e-506c-4352-8e9b-cd44eaf5218b","userAgent":"Mozilla/5.0 (Windows NT 10.0; Win64; x64) AppleWebKit/537.36 (KHTML, like Gecko)"}
{"ts":"2026-06-22T03:38:55.335Z","level":"info","message":"GET / 200 43046ms","ip":"::1","userId":"f437545e-506c-4352-8e9b-cd44eaf5218b","userAgent":"Mozilla/5.0 (Windows NT 10.0; Win64; x64) AppleWebKit/537.36 (KHTML, like Gecko)"}
{"ts":"2026-06-22T03:38:59.044Z","level":"info","message":"Backup scheduled: 0 2 * * *"}
{"ts":"2026-06-22T03:38:59.055Z","level":"info","message":"🚀 POS Server running on port 3001"}
{"ts":"2026-06-22T03:38:59.056Z","level":"info","message":"   Environment: development"}
{"ts":"2026-06-22T03:38:59.056Z","level":"info","message":"   Client URL:  http://localhost:5173"}
{"ts":"2026-06-22T03:39:02.535Z","level":"info","message":"POST /login 200 595ms","ip":"::1","userAgent":"Mozilla/5.0 (Windows NT 10.0; Win64; x64) AppleWebKit/537.36 (KHTML, like Gecko)"}
{"ts":"2026-06-22T03:39:02.829Z","level":"info","message":"GET / 200 262ms","ip":"::1","userId":"0c544294-e96b-4556-a5b2-a9af18dfcdcc","userAgent":"Mozilla/5.0 (Windows NT 10.0; Win64; x64) AppleWebKit/537.36 (KHTML, like Gecko)"}
{"ts":"2026-06-22T03:39:02.933Z","level":"info","message":"GET /pending/all 200 360ms","ip":"::1","userId":"0c544294-e96b-4556-a5b2-a9af18dfcdcc","userAgent":"Mozilla/5.0 (Windows NT 10.0; Win64; x64) AppleWebKit/537.36 (KHTML, like Gecko)"}
{"ts":"2026-06-22T03:39:03.041Z","level":"info","message":"GET / 304 210ms","ip":"::1","userId":"0c544294-e96b-4556-a5b2-a9af18dfcdcc","userAgent":"Mozilla/5.0 (Windows NT 10.0; Win64; x64) AppleWebKit/537.36 (KHTML, like Gecko)"}
{"ts":"2026-06-22T03:39:03.122Z","level":"info","message":"GET /visits 200 513ms","ip":"::1","userId":"0c544294-e96b-4556-a5b2-a9af18dfcdcc","userAgent":"Mozilla/5.0 (Windows NT 10.0; Win64; x64) AppleWebKit/537.36 (KHTML, like Gecko)"}
{"ts":"2026-06-22T03:39:03.133Z","level":"info","message":"GET /profit 200 556ms","ip":"::1","userId":"0c544294-e96b-4556-a5b2-a9af18dfcdcc","userAgent":"Mozilla/5.0 (Windows NT 10.0; Win64; x64) AppleWebKit/537.36 (KHTML, like Gecko)"}
{"ts":"2026-06-22T03:39:03.169Z","level":"info","message":"GET /stats 200 580ms","ip":"::1","userId":"0c544294-e96b-4556-a5b2-a9af18dfcdcc","userAgent":"Mozilla/5.0 (Windows NT 10.0; Win64; x64) AppleWebKit/537.36 (KHTML, like Gecko)"}
{"ts":"2026-06-22T03:39:03.203Z","level":"info","message":"GET /pending/all 304 267ms","ip":"::1","userId":"0c544294-e96b-4556-a5b2-a9af18dfcdcc","userAgent":"Mozilla/5.0 (Windows NT 10.0; Win64; x64) AppleWebKit/537.36 (KHTML, like Gecko)"}
{"ts":"2026-06-22T03:39:03.249Z","level":"info","message":"GET /visits 304 123ms","ip":"::1","userId":"0c544294-e96b-4556-a5b2-a9af18dfcdcc","userAgent":"Mozilla/5.0 (Windows NT 10.0; Win64; x64) AppleWebKit/537.36 (KHTML, like Gecko)"}
{"ts":"2026-06-22T03:39:03.289Z","level":"info","message":"GET /profit 304 155ms","ip":"::1","userId":"0c544294-e96b-4556-a5b2-a9af18dfcdcc","userAgent":"Mozilla/5.0 (Windows NT 10.0; Win64; x64) AppleWebKit/537.36 (KHTML, like Gecko)"}
{"ts":"2026-06-22T03:39:03.413Z","level":"info","message":"GET /stats 304 235ms","ip":"::1","userId":"0c544294-e96b-4556-a5b2-a9af18dfcdcc","userAgent":"Mozilla/5.0 (Windows NT 10.0; Win64; x64) AppleWebKit/537.36 (KHTML, like Gecko)"}
{"ts":"2026-06-22T03:39:06.463Z","level":"info","message":"GET /visits 304 110ms","ip":"::1","userId":"f437545e-506c-4352-8e9b-cd44eaf5218b","userAgent":"Mozilla/5.0 (Windows NT 10.0; Win64; x64) AppleWebKit/537.36 (KHTML, like Gecko)"}
{"ts":"2026-06-22T03:39:06.484Z","level":"info","message":"GET /pending/all 304 139ms","ip":"::1","userId":"f437545e-506c-4352-8e9b-cd44eaf5218b","userAgent":"Mozilla/5.0 (Windows NT 10.0; Win64; x64) AppleWebKit/537.36 (KHTML, like Gecko)"}
{"ts":"2026-06-22T03:39:06.487Z","level":"info","message":"GET /stats 304 147ms","ip":"::1","userId":"f437545e-506c-4352-8e9b-cd44eaf5218b","userAgent":"Mozilla/5.0 (Windows NT 10.0; Win64; x64) AppleWebKit/537.36 (KHTML, like Gecko)"}
{"ts":"2026-06-22T03:39:06.520Z","level":"info","message":"GET / 304 176ms","ip":"::1","userId":"f437545e-506c-4352-8e9b-cd44eaf5218b","userAgent":"Mozilla/5.0 (Windows NT 10.0; Win64; x64) AppleWebKit/537.36 (KHTML, like Gecko)"}
{"ts":"2026-06-22T03:39:06.626Z","level":"info","message":"GET /visits 304 161ms","ip":"::1","userId":"f437545e-506c-4352-8e9b-cd44eaf5218b","userAgent":"Mozilla/5.0 (Windows NT 10.0; Win64; x64) AppleWebKit/537.36 (KHTML, like Gecko)"}
{"ts":"2026-06-22T03:39:06.629Z","level":"info","message":"GET /profit 304 282ms","ip":"::1","userId":"f437545e-506c-4352-8e9b-cd44eaf5218b","userAgent":"Mozilla/5.0 (Windows NT 10.0; Win64; x64) AppleWebKit/537.36 (KHTML, like Gecko)"}
{"ts":"2026-06-22T03:39:06.697Z","level":"info","message":"GET /pending/all 304 209ms","ip":"::1","userId":"f437545e-506c-4352-8e9b-cd44eaf5218b","userAgent":"Mozilla/5.0 (Windows NT 10.0; Win64; x64) AppleWebKit/537.36 (KHTML, like Gecko)"}
{"ts":"2026-06-22T03:39:06.718Z","level":"info","message":"GET / 304 195ms","ip":"::1","userId":"f437545e-506c-4352-8e9b-cd44eaf5218b","userAgent":"Mozilla/5.0 (Windows NT 10.0; Win64; x64) AppleWebKit/537.36 (KHTML, like Gecko)"}
{"ts":"2026-06-22T03:39:06.779Z","level":"info","message":"GET /stats 304 289ms","ip":"::1","userId":"f437545e-506c-4352-8e9b-cd44eaf5218b","userAgent":"Mozilla/5.0 (Windows NT 10.0; Win64; x64) AppleWebKit/537.36 (KHTML, like Gecko)"}
{"ts":"2026-06-22T03:39:06.867Z","level":"info","message":"GET /profit 304 231ms","ip":"::1","userId":"f437545e-506c-4352-8e9b-cd44eaf5218b","userAgent":"Mozilla/5.0 (Windows NT 10.0; Win64; x64) AppleWebKit/537.36 (KHTML, like Gecko)"}
{"ts":"2026-06-22T04:50:58.619Z","level":"info","message":"GET /visits 304 7314ms","ip":"::1","userId":"0c544294-e96b-4556-a5b2-a9af18dfcdcc","userAgent":"Mozilla/5.0 (Windows NT 10.0; Win64; x64) AppleWebKit/537.36 (KHTML, like Gecko)"}
{"ts":"2026-06-22T04:50:58.629Z","level":"info","message":"GET /stats 304 7419ms","ip":"::1","userId":"0c544294-e96b-4556-a5b2-a9af18dfcdcc","userAgent":"Mozilla/5.0 (Windows NT 10.0; Win64; x64) AppleWebKit/537.36 (KHTML, like Gecko)"}
{"ts":"2026-06-22T04:50:58.640Z","level":"info","message":"GET /profit 304 7342ms","ip":"::1","userId":"0c544294-e96b-4556-a5b2-a9af18dfcdcc","userAgent":"Mozilla/5.0 (Windows NT 10.0; Win64; x64) AppleWebKit/537.36 (KHTML, like Gecko)"}
{"ts":"2026-06-22T04:50:58.657Z","level":"info","message":"GET / 304 7368ms","ip":"::1","userId":"0c544294-e96b-4556-a5b2-a9af18dfcdcc","userAgent":"Mozilla/5.0 (Windows NT 10.0; Win64; x64) AppleWebKit/537.36 (KHTML, like Gecko)"}
{"ts":"2026-06-22T04:50:58.705Z","level":"info","message":"GET /pending/all 304 7412ms","ip":"::1","userId":"0c544294-e96b-4556-a5b2-a9af18dfcdcc","userAgent":"Mozilla/5.0 (Windows NT 10.0; Win64; x64) AppleWebKit/537.36 (KHTML, like Gecko)"}
{"ts":"2026-06-22T04:50:59.328Z","level":"info","message":"GET /visits 304 687ms","ip":"::1","userId":"0c544294-e96b-4556-a5b2-a9af18dfcdcc","userAgent":"Mozilla/5.0 (Windows NT 10.0; Win64; x64) AppleWebKit/537.36 (KHTML, like Gecko)"}
{"ts":"2026-06-22T04:50:59.435Z","level":"info","message":"GET / 304 772ms","ip":"::1","userId":"0c544294-e96b-4556-a5b2-a9af18dfcdcc","userAgent":"Mozilla/5.0 (Windows NT 10.0; Win64; x64) AppleWebKit/537.36 (KHTML, like Gecko)"}
{"ts":"2026-06-22T04:50:59.441Z","level":"info","message":"GET /stats 304 796ms","ip":"::1","userId":"0c544294-e96b-4556-a5b2-a9af18dfcdcc","userAgent":"Mozilla/5.0 (Windows NT 10.0; Win64; x64) AppleWebKit/537.36 (KHTML, like Gecko)"}
{"ts":"2026-06-22T04:50:59.449Z","level":"info","message":"GET /pending/all 304 742ms","ip":"::1","userId":"0c544294-e96b-4556-a5b2-a9af18dfcdcc","userAgent":"Mozilla/5.0 (Windows NT 10.0; Win64; x64) AppleWebKit/537.36 (KHTML, like Gecko)"}
{"ts":"2026-06-22T04:50:59.525Z","level":"info","message":"GET /profit 304 866ms","ip":"::1","userId":"0c544294-e96b-4556-a5b2-a9af18dfcdcc","userAgent":"Mozilla/5.0 (Windows NT 10.0; Win64; x64) AppleWebKit/537.36 (KHTML, like Gecko)"}
{"ts":"2026-06-22T04:52:53.097Z","level":"info","message":"GET / 304 6973ms","ip":"::1","userId":"0c544294-e96b-4556-a5b2-a9af18dfcdcc","userAgent":"Mozilla/5.0 (Windows NT 10.0; Win64; x64) AppleWebKit/537.36 (KHTML, like Gecko)"}
{"ts":"2026-06-22T04:52:53.103Z","level":"info","message":"GET / 304 6973ms","ip":"::1","userId":"0c544294-e96b-4556-a5b2-a9af18dfcdcc","userAgent":"Mozilla/5.0 (Windows NT 10.0; Win64; x64) AppleWebKit/537.36 (KHTML, like Gecko)"}
{"ts":"2026-06-22T04:52:53.298Z","level":"info","message":"GET / 304 193ms","ip":"::1","userId":"0c544294-e96b-4556-a5b2-a9af18dfcdcc","userAgent":"Mozilla/5.0 (Windows NT 10.0; Win64; x64) AppleWebKit/537.36 (KHTML, like Gecko)"}
{"ts":"2026-06-22T04:52:53.314Z","level":"info","message":"GET / 304 204ms","ip":"::1","userId":"0c544294-e96b-4556-a5b2-a9af18dfcdcc","userAgent":"Mozilla/5.0 (Windows NT 10.0; Win64; x64) AppleWebKit/537.36 (KHTML, like Gecko)"}
{"ts":"2026-06-22T04:53:02.452Z","level":"warn","message":"GET /api/reports/reminder_logs 404 8ms","ip":"::1","userAgent":"Mozilla/5.0 (Windows NT 10.0; Win64; x64) AppleWebKit/537.36 (KHTML, like Gecko)"}
{"ts":"2026-06-22T04:53:02.455Z","level":"warn","message":"GET /api/reports/reminder_logs 404 1ms","ip":"::1","userAgent":"Mozilla/5.0 (Windows NT 10.0; Win64; x64) AppleWebKit/537.36 (KHTML, like Gecko)"}
{"ts":"2026-06-22T04:53:03.059Z","level":"info","message":"GET /pending/all 304 618ms","ip":"::1","userId":"0c544294-e96b-4556-a5b2-a9af18dfcdcc","userAgent":"Mozilla/5.0 (Windows NT 10.0; Win64; x64) AppleWebKit/537.36 (KHTML, like Gecko)"}
{"ts":"2026-06-22T04:53:03.333Z","level":"info","message":"GET /pending/all 304 271ms","ip":"::1","userId":"0c544294-e96b-4556-a5b2-a9af18dfcdcc","userAgent":"Mozilla/5.0 (Windows NT 10.0; Win64; x64) AppleWebKit/537.36 (KHTML, like Gecko)"}
{"ts":"2026-06-22T04:53:34.381Z","level":"info","message":"GET / 304 374ms","ip":"::1","userId":"0c544294-e96b-4556-a5b2-a9af18dfcdcc","userAgent":"Mozilla/5.0 (Windows NT 10.0; Win64; x64) AppleWebKit/537.36 (KHTML, like Gecko)"}
{"ts":"2026-06-22T04:53:34.401Z","level":"info","message":"GET /pending/all 304 393ms","ip":"::1","userId":"0c544294-e96b-4556-a5b2-a9af18dfcdcc","userAgent":"Mozilla/5.0 (Windows NT 10.0; Win64; x64) AppleWebKit/537.36 (KHTML, like Gecko)"}
{"ts":"2026-06-22T04:53:34.666Z","level":"info","message":"GET / 304 283ms","ip":"::1","userId":"0c544294-e96b-4556-a5b2-a9af18dfcdcc","userAgent":"Mozilla/5.0 (Windows NT 10.0; Win64; x64) AppleWebKit/537.36 (KHTML, like Gecko)"}
{"ts":"2026-06-22T04:53:34.669Z","level":"info","message":"GET /pending/all 304 264ms","ip":"::1","userId":"0c544294-e96b-4556-a5b2-a9af18dfcdcc","userAgent":"Mozilla/5.0 (Windows NT 10.0; Win64; x64) AppleWebKit/537.36 (KHTML, like Gecko)"}
{"ts":"2026-06-22T04:53:35.142Z","level":"info","message":"GET / 304 188ms","ip":"::1","userId":"0c544294-e96b-4556-a5b2-a9af18dfcdcc","userAgent":"Mozilla/5.0 (Windows NT 10.0; Win64; x64) AppleWebKit/537.36 (KHTML, like Gecko)"}
{"ts":"2026-06-22T04:53:35.161Z","level":"info","message":"GET / 304 206ms","ip":"::1","userId":"0c544294-e96b-4556-a5b2-a9af18dfcdcc","userAgent":"Mozilla/5.0 (Windows NT 10.0; Win64; x64) AppleWebKit/537.36 (KHTML, like Gecko)"}
{"ts":"2026-06-22T04:53:35.316Z","level":"info","message":"GET / 304 173ms","ip":"::1","userId":"0c544294-e96b-4556-a5b2-a9af18dfcdcc","userAgent":"Mozilla/5.0 (Windows NT 10.0; Win64; x64) AppleWebKit/537.36 (KHTML, like Gecko)"}
{"ts":"2026-06-22T04:53:35.360Z","level":"info","message":"GET / 304 196ms","ip":"::1","userId":"0c544294-e96b-4556-a5b2-a9af18dfcdcc","userAgent":"Mozilla/5.0 (Windows NT 10.0; Win64; x64) AppleWebKit/537.36 (KHTML, like Gecko)"}
{"ts":"2026-06-22T04:54:42.061Z","level":"info","message":"POST / 201 1036ms","ip":"::1","userId":"0c544294-e96b-4556-a5b2-a9af18dfcdcc","userAgent":"Mozilla/5.0 (Windows NT 10.0; Win64; x64) AppleWebKit/537.36 (KHTML, like Gecko)"}
{"ts":"2026-06-22T04:54:48.110Z","level":"info","message":"POST / 201 3103ms","ip":"::1","userId":"0c544294-e96b-4556-a5b2-a9af18dfcdcc","userAgent":"Mozilla/5.0 (Windows NT 10.0; Win64; x64) AppleWebKit/537.36 (KHTML, like Gecko)"}
{"ts":"2026-06-22T04:56:04.483Z","level":"info","message":"GET /pending/all 200 937ms","ip":"::1","userId":"0c544294-e96b-4556-a5b2-a9af18dfcdcc","userAgent":"Mozilla/5.0 (Windows NT 10.0; Win64; x64) AppleWebKit/537.36 (KHTML, like Gecko)"}
{"ts":"2026-06-22T04:56:04.792Z","level":"info","message":"GET /pending/all 304 300ms","ip":"::1","userId":"0c544294-e96b-4556-a5b2-a9af18dfcdcc","userAgent":"Mozilla/5.0 (Windows NT 10.0; Win64; x64) AppleWebKit/537.36 (KHTML, like Gecko)"}
{"ts":"2026-06-22T04:56:20.642Z","level":"info","message":"GET /pending/all 304 360ms","ip":"::1","userId":"0c544294-e96b-4556-a5b2-a9af18dfcdcc","userAgent":"Mozilla/5.0 (Windows NT 10.0; Win64; x64) AppleWebKit/537.36 (KHTML, like Gecko)"}
{"ts":"2026-06-22T04:56:21.659Z","level":"info","message":"PATCH /pending/7a58a19e-ec6f-4273-90da-bf32c0a3efd2/collect 200 999ms","ip":"::1","userId":"0c544294-e96b-4556-a5b2-a9af18dfcdcc","userAgent":"Mozilla/5.0 (Windows NT 10.0; Win64; x64) AppleWebKit/537.36 (KHTML, like Gecko)"}
{"ts":"2026-06-22T04:56:22.027Z","level":"info","message":"GET /pending/all 200 363ms","ip":"::1","userId":"0c544294-e96b-4556-a5b2-a9af18dfcdcc","userAgent":"Mozilla/5.0 (Windows NT 10.0; Win64; x64) AppleWebKit/537.36 (KHTML, like Gecko)"}
{"ts":"2026-06-22T04:57:04.912Z","level":"info","message":"GET / 200 910ms","ip":"::1","userId":"0c544294-e96b-4556-a5b2-a9af18dfcdcc","userAgent":"Mozilla/5.0 (Windows NT 10.0; Win64; x64) AppleWebKit/537.36 (KHTML, like Gecko)"}
{"ts":"2026-06-22T04:57:05.202Z","level":"info","message":"GET / 304 287ms","ip":"::1","userId":"0c544294-e96b-4556-a5b2-a9af18dfcdcc","userAgent":"Mozilla/5.0 (Windows NT 10.0; Win64; x64) AppleWebKit/537.36 (KHTML, like Gecko)"}
{"ts":"2026-06-22T04:57:48.651Z","level":"info","message":"GET / 200 1955ms","ip":"::1","userId":"0c544294-e96b-4556-a5b2-a9af18dfcdcc","userAgent":"Mozilla/5.0 (Windows NT 10.0; Win64; x64) AppleWebKit/537.36 (KHTML, like Gecko)"}
{"ts":"2026-06-22T04:57:48.653Z","level":"info","message":"GET / 304 1960ms","ip":"::1","userId":"0c544294-e96b-4556-a5b2-a9af18dfcdcc","userAgent":"Mozilla/5.0 (Windows NT 10.0; Win64; x64) AppleWebKit/537.36 (KHTML, like Gecko)"}
{"ts":"2026-06-22T04:57:48.777Z","level":"info","message":"GET / 304 120ms","ip":"::1","userId":"0c544294-e96b-4556-a5b2-a9af18dfcdcc","userAgent":"Mozilla/5.0 (Windows NT 10.0; Win64; x64) AppleWebKit/537.36 (KHTML, like Gecko)"}
{"ts":"2026-06-22T04:57:48.800Z","level":"info","message":"GET / 304 145ms","ip":"::1","userId":"0c544294-e96b-4556-a5b2-a9af18dfcdcc","userAgent":"Mozilla/5.0 (Windows NT 10.0; Win64; x64) AppleWebKit/537.36 (KHTML, like Gecko)"}
{"ts":"2026-06-22T04:57:55.985Z","level":"info","message":"GET / 304 667ms","ip":"::1","userId":"0c544294-e96b-4556-a5b2-a9af18dfcdcc","userAgent":"Mozilla/5.0 (Windows NT 10.0; Win64; x64) AppleWebKit/537.36 (KHTML, like Gecko)"}
{"ts":"2026-06-22T04:57:56.301Z","level":"info","message":"GET / 304 313ms","ip":"::1","userId":"0c544294-e96b-4556-a5b2-a9af18dfcdcc","userAgent":"Mozilla/5.0 (Windows NT 10.0; Win64; x64) AppleWebKit/537.36 (KHTML, like Gecko)"}
