{"ts":"2026-06-21T10:03:57.588Z","level":"info","message":"Backup scheduled: 0 2 * * *"}
{"ts":"2026-06-21T10:03:57.592Z","level":"info","message":"🚀 POS Server running on port 3001"}
{"ts":"2026-06-21T10:03:57.592Z","level":"info","message":"   Environment: development"}
{"ts":"2026-06-21T10:03:57.592Z","level":"info","message":"   Client URL:  http://localhost:5173"}
{"ts":"2026-06-21T10:03:59.133Z","level":"info","message":"Backup scheduled: 0 2 * * *"}
{"ts":"2026-06-21T10:03:59.136Z","level":"info","message":"🚀 POS Server running on port 3001"}
{"ts":"2026-06-21T10:03:59.136Z","level":"info","message":"   Environment: development"}
{"ts":"2026-06-21T10:03:59.137Z","level":"info","message":"   Client URL:  http://localhost:5173"}
{"ts":"2026-06-21T19:25:18.304Z","level":"info","message":"Backup scheduled: 0 2 * * *"}
{"ts":"2026-06-21T19:25:18.307Z","level":"info","message":"🚀 POS Server running on port 3001"}
{"ts":"2026-06-21T19:25:18.307Z","level":"info","message":"   Environment: development"}
{"ts":"2026-06-21T19:25:18.307Z","level":"info","message":"   Client URL:  http://localhost:5173"}
{"ts":"2026-06-21T19:25:19.845Z","level":"info","message":"Backup scheduled: 0 2 * * *"}
{"ts":"2026-06-21T19:25:19.848Z","level":"info","message":"🚀 POS Server running on port 3001"}
{"ts":"2026-06-21T19:25:19.849Z","level":"info","message":"   Environment: development"}
{"ts":"2026-06-21T19:25:19.849Z","level":"info","message":"   Client URL:  http://localhost:5173"}
{"ts":"2026-06-21T19:25:38.493Z","level":"info","message":"GET /visits 200 1340ms","ip":"::1","userId":"12b59a57-a87f-4cc4-aad2-433e231111a3","userAgent":"Mozilla/5.0 (Windows NT 10.0; Win64; x64) AppleWebKit/537.36 (KHTML, like Gecko)"}
{"ts":"2026-06-21T19:25:38.504Z","level":"info","message":"GET /profit 200 1356ms","ip":"::1","userId":"12b59a57-a87f-4cc4-aad2-433e231111a3","userAgent":"Mozilla/5.0 (Windows NT 10.0; Win64; x64) AppleWebKit/537.36 (KHTML, like Gecko)"}
{"ts":"2026-06-21T19:25:38.506Z","level":"info","message":"GET /stats 200 1369ms","ip":"::1","userId":"12b59a57-a87f-4cc4-aad2-433e231111a3","userAgent":"Mozilla/5.0 (Windows NT 10.0; Win64; x64) AppleWebKit/537.36 (KHTML, like Gecko)"}
{"ts":"2026-06-21T19:25:38.509Z","level":"info","message":"GET /pending/all 200 1422ms","ip":"::1","userId":"12b59a57-a87f-4cc4-aad2-433e231111a3","userAgent":"Mozilla/5.0 (Windows NT 10.0; Win64; x64) AppleWebKit/537.36 (KHTML, like Gecko)"}
{"ts":"2026-06-21T19:25:38.530Z","level":"info","message":"GET / 200 1383ms","ip":"::1","userId":"12b59a57-a87f-4cc4-aad2-433e231111a3","userAgent":"Mozilla/5.0 (Windows NT 10.0; Win64; x64) AppleWebKit/537.36 (KHTML, like Gecko)"}
{"ts":"2026-06-21T19:25:38.670Z","level":"info","message":"GET /visits 304 160ms","ip":"::1","userId":"12b59a57-a87f-4cc4-aad2-433e231111a3","userAgent":"Mozilla/5.0 (Windows NT 10.0; Win64; x64) AppleWebKit/537.36 (KHTML, like Gecko)"}
{"ts":"2026-06-21T19:25:38.682Z","level":"info","message":"GET / 304 149ms","ip":"::1","userId":"12b59a57-a87f-4cc4-aad2-433e231111a3","userAgent":"Mozilla/5.0 (Windows NT 10.0; Win64; x64) AppleWebKit/537.36 (KHTML, like Gecko)"}
{"ts":"2026-06-21T19:25:38.689Z","level":"info","message":"GET /pending/all 304 167ms","ip":"::1","userId":"12b59a57-a87f-4cc4-aad2-433e231111a3","userAgent":"Mozilla/5.0 (Windows NT 10.0; Win64; x64) AppleWebKit/537.36 (KHTML, like Gecko)"}
{"ts":"2026-06-21T19:25:38.696Z","level":"info","message":"GET /profit 304 183ms","ip":"::1","userId":"12b59a57-a87f-4cc4-aad2-433e231111a3","userAgent":"Mozilla/5.0 (Windows NT 10.0; Win64; x64) AppleWebKit/537.36 (KHTML, like Gecko)"}
{"ts":"2026-06-21T19:25:38.708Z","level":"info","message":"GET /stats 304 191ms","ip":"::1","userId":"12b59a57-a87f-4cc4-aad2-433e231111a3","userAgent":"Mozilla/5.0 (Windows NT 10.0; Win64; x64) AppleWebKit/537.36 (KHTML, like Gecko)"}
{"ts":"2026-06-21T19:40:55.490Z","level":"info","message":"GET / 200 896ms","ip":"::1","userId":"12b59a57-a87f-4cc4-aad2-433e231111a3","userAgent":"Mozilla/5.0 (Windows NT 10.0; Win64; x64) AppleWebKit/537.36 (KHTML, like Gecko)"}
{"ts":"2026-06-21T19:40:55.494Z","level":"info","message":"GET / 304 896ms","ip":"::1","userId":"12b59a57-a87f-4cc4-aad2-433e231111a3","userAgent":"Mozilla/5.0 (Windows NT 10.0; Win64; x64) AppleWebKit/537.36 (KHTML, like Gecko)"}
{"ts":"2026-06-21T19:40:55.679Z","level":"info","message":"GET / 304 182ms","ip":"::1","userId":"12b59a57-a87f-4cc4-aad2-433e231111a3","userAgent":"Mozilla/5.0 (Windows NT 10.0; Win64; x64) AppleWebKit/537.36 (KHTML, like Gecko)"}
{"ts":"2026-06-21T19:40:55.681Z","level":"info","message":"GET / 304 188ms","ip":"::1","userId":"12b59a57-a87f-4cc4-aad2-433e231111a3","userAgent":"Mozilla/5.0 (Windows NT 10.0; Win64; x64) AppleWebKit/537.36 (KHTML, like Gecko)"}
{"ts":"2026-06-21T19:41:01.179Z","level":"info","message":"GET / 304 300ms","ip":"::1","userId":"12b59a57-a87f-4cc4-aad2-433e231111a3","userAgent":"Mozilla/5.0 (Windows NT 10.0; Win64; x64) AppleWebKit/537.36 (KHTML, like Gecko)"}
{"ts":"2026-06-21T19:41:01.204Z","level":"info","message":"GET /pending/all 304 322ms","ip":"::1","userId":"12b59a57-a87f-4cc4-aad2-433e231111a3","userAgent":"Mozilla/5.0 (Windows NT 10.0; Win64; x64) AppleWebKit/537.36 (KHTML, like Gecko)"}
{"ts":"2026-06-21T19:41:01.320Z","level":"info","message":"GET / 304 138ms","ip":"::1","userId":"12b59a57-a87f-4cc4-aad2-433e231111a3","userAgent":"Mozilla/5.0 (Windows NT 10.0; Win64; x64) AppleWebKit/537.36 (KHTML, like Gecko)"}
{"ts":"2026-06-21T19:41:01.384Z","level":"info","message":"GET /pending/all 304 177ms","ip":"::1","userId":"12b59a57-a87f-4cc4-aad2-433e231111a3","userAgent":"Mozilla/5.0 (Windows NT 10.0; Win64; x64) AppleWebKit/537.36 (KHTML, like Gecko)"}
{"ts":"2026-06-21T19:41:03.775Z","level":"info","message":"GET /pending/all 304 181ms","ip":"::1","userId":"12b59a57-a87f-4cc4-aad2-433e231111a3","userAgent":"Mozilla/5.0 (Windows NT 10.0; Win64; x64) AppleWebKit/537.36 (KHTML, like Gecko)"}
{"ts":"2026-06-21T19:41:03.892Z","level":"info","message":"GET /pending/all 304 115ms","ip":"::1","userId":"12b59a57-a87f-4cc4-aad2-433e231111a3","userAgent":"Mozilla/5.0 (Windows NT 10.0; Win64; x64) AppleWebKit/537.36 (KHTML, like Gecko)"}
{"ts":"2026-06-21T19:41:04.713Z","level":"info","message":"GET / 304 120ms","ip":"::1","userId":"12b59a57-a87f-4cc4-aad2-433e231111a3","userAgent":"Mozilla/5.0 (Windows NT 10.0; Win64; x64) AppleWebKit/537.36 (KHTML, like Gecko)"}
{"ts":"2026-06-21T19:41:04.728Z","level":"info","message":"GET /pending/all 304 134ms","ip":"::1","userId":"12b59a57-a87f-4cc4-aad2-433e231111a3","userAgent":"Mozilla/5.0 (Windows NT 10.0; Win64; x64) AppleWebKit/537.36 (KHTML, like Gecko)"}
{"ts":"2026-06-21T19:41:04.826Z","level":"info","message":"GET / 304 104ms","ip":"::1","userId":"12b59a57-a87f-4cc4-aad2-433e231111a3","userAgent":"Mozilla/5.0 (Windows NT 10.0; Win64; x64) AppleWebKit/537.36 (KHTML, like Gecko)"}
{"ts":"2026-06-21T19:41:04.836Z","level":"info","message":"GET /pending/all 304 106ms","ip":"::1","userId":"12b59a57-a87f-4cc4-aad2-433e231111a3","userAgent":"Mozilla/5.0 (Windows NT 10.0; Win64; x64) AppleWebKit/537.36 (KHTML, like Gecko)"}
{"ts":"2026-06-21T19:41:11.998Z","level":"info","message":"GET /pending/all 304 303ms","ip":"::1","userId":"12b59a57-a87f-4cc4-aad2-433e231111a3","userAgent":"Mozilla/5.0 (Windows NT 10.0; Win64; x64) AppleWebKit/537.36 (KHTML, like Gecko)"}
{"ts":"2026-06-21T19:41:12.101Z","level":"info","message":"GET /pending/all 304 101ms","ip":"::1","userId":"12b59a57-a87f-4cc4-aad2-433e231111a3","userAgent":"Mozilla/5.0 (Windows NT 10.0; Win64; x64) AppleWebKit/537.36 (KHTML, like Gecko)"}
{"ts":"2026-06-21T19:41:33.238Z","level":"info","message":"GET / 304 326ms","ip":"::1","userId":"12b59a57-a87f-4cc4-aad2-433e231111a3","userAgent":"Mozilla/5.0 (Windows NT 10.0; Win64; x64) AppleWebKit/537.36 (KHTML, like Gecko)"}
{"ts":"2026-06-21T19:41:33.253Z","level":"info","message":"GET / 304 345ms","ip":"::1","userId":"12b59a57-a87f-4cc4-aad2-433e231111a3","userAgent":"Mozilla/5.0 (Windows NT 10.0; Win64; x64) AppleWebKit/537.36 (KHTML, like Gecko)"}
{"ts":"2026-06-21T19:41:33.338Z","level":"info","message":"GET / 304 98ms","ip":"::1","userId":"12b59a57-a87f-4cc4-aad2-433e231111a3","userAgent":"Mozilla/5.0 (Windows NT 10.0; Win64; x64) AppleWebKit/537.36 (KHTML, like Gecko)"}
{"ts":"2026-06-21T19:41:33.349Z","level":"info","message":"GET / 304 94ms","ip":"::1","userId":"12b59a57-a87f-4cc4-aad2-433e231111a3","userAgent":"Mozilla/5.0 (Windows NT 10.0; Win64; x64) AppleWebKit/537.36 (KHTML, like Gecko)"}
{"ts":"2026-06-21T19:42:23.606Z","level":"info","message":"Backup scheduled: 0 2 * * *"}
{"ts":"2026-06-21T19:42:23.608Z","level":"info","message":"🚀 POS Server running on port 3001"}
{"ts":"2026-06-21T19:42:23.609Z","level":"info","message":"   Environment: development"}
{"ts":"2026-06-21T19:42:23.609Z","level":"info","message":"   Client URL:  http://localhost:5173"}
{"ts":"2026-06-21T19:42:27.472Z","level":"info","message":"POST / 201 3668ms","ip":"::1","userId":"12b59a57-a87f-4cc4-aad2-433e231111a3","userAgent":"Mozilla/5.0 (Windows NT 10.0; Win64; x64) AppleWebKit/537.36 (KHTML, like Gecko)"}
{"ts":"2026-06-21T19:43:04.103Z","level":"info","message":"GET /pending/all 200 541ms","ip":"::ffff:127.0.0.1","userId":"12b59a57-a87f-4cc4-aad2-433e231111a3","userAgent":"Mozilla/5.0 (Windows NT 10.0; Win64; x64) AppleWebKit/537.36 (KHTML, like Gecko)"}
{"ts":"2026-06-21T19:43:04.242Z","level":"info","message":"GET /pending/all 304 137ms","ip":"::ffff:127.0.0.1","userId":"12b59a57-a87f-4cc4-aad2-433e231111a3","userAgent":"Mozilla/5.0 (Windows NT 10.0; Win64; x64) AppleWebKit/537.36 (KHTML, like Gecko)"}
{"ts":"2026-06-21T19:43:27.671Z","level":"info","message":"POST /login 200 383ms","ip":"::1","userAgent":"Mozilla/5.0 (Windows NT 10.0; Win64; x64) AppleWebKit/537.36 (KHTML, like Gecko)"}
{"ts":"2026-06-21T19:43:27.858Z","level":"info","message":"GET / 200 173ms","ip":"::1","userId":"12b59a57-a87f-4cc4-aad2-433e231111a3","userAgent":"Mozilla/5.0 (Windows NT 10.0; Win64; x64) AppleWebKit/537.36 (KHTML, like Gecko)"}
{"ts":"2026-06-21T19:43:28.049Z","level":"info","message":"GET /pending/all 304 342ms","ip":"::1","userId":"12b59a57-a87f-4cc4-aad2-433e231111a3","userAgent":"Mozilla/5.0 (Windows NT 10.0; Win64; x64) AppleWebKit/537.36 (KHTML, like Gecko)"}
{"ts":"2026-06-21T19:43:28.067Z","level":"info","message":"GET / 304 206ms","ip":"::1","userId":"12b59a57-a87f-4cc4-aad2-433e231111a3","userAgent":"Mozilla/5.0 (Windows NT 10.0; Win64; x64) AppleWebKit/537.36 (KHTML, like Gecko)"}
{"ts":"2026-06-21T19:43:28.073Z","level":"info","message":"GET /profit 200 361ms","ip":"::1","userId":"12b59a57-a87f-4cc4-aad2-433e231111a3","userAgent":"Mozilla/5.0 (Windows NT 10.0; Win64; x64) AppleWebKit/537.36 (KHTML, like Gecko)"}
{"ts":"2026-06-21T19:43:28.080Z","level":"info","message":"GET /stats 200 393ms","ip":"::1","userId":"12b59a57-a87f-4cc4-aad2-433e231111a3","userAgent":"Mozilla/5.0 (Windows NT 10.0; Win64; x64) AppleWebKit/537.36 (KHTML, like Gecko)"}
{"ts":"2026-06-21T19:43:28.096Z","level":"info","message":"GET /visits 200 370ms","ip":"::1","userId":"12b59a57-a87f-4cc4-aad2-433e231111a3","userAgent":"Mozilla/5.0 (Windows NT 10.0; Win64; x64) AppleWebKit/537.36 (KHTML, like Gecko)"}
{"ts":"2026-06-21T19:43:28.147Z","level":"info","message":"GET /pending/all 304 95ms","ip":"::1","userId":"12b59a57-a87f-4cc4-aad2-433e231111a3","userAgent":"Mozilla/5.0 (Windows NT 10.0; Win64; x64) AppleWebKit/537.36 (KHTML, like Gecko)"}
{"ts":"2026-06-21T19:43:28.192Z","level":"info","message":"GET /visits 304 94ms","ip":"::1","userId":"12b59a57-a87f-4cc4-aad2-433e231111a3","userAgent":"Mozilla/5.0 (Windows NT 10.0; Win64; x64) AppleWebKit/537.36 (KHTML, like Gecko)"}
{"ts":"2026-06-21T19:43:28.289Z","level":"info","message":"GET /stats 304 199ms","ip":"::1","userId":"12b59a57-a87f-4cc4-aad2-433e231111a3","userAgent":"Mozilla/5.0 (Windows NT 10.0; Win64; x64) AppleWebKit/537.36 (KHTML, like Gecko)"}
{"ts":"2026-06-21T19:43:28.302Z","level":"info","message":"GET /profit 304 218ms","ip":"::1","userId":"12b59a57-a87f-4cc4-aad2-433e231111a3","userAgent":"Mozilla/5.0 (Windows NT 10.0; Win64; x64) AppleWebKit/537.36 (KHTML, like Gecko)"}
{"ts":"2026-06-21T19:43:36.688Z","level":"info","message":"GET / 200 256ms","ip":"::1","userId":"12b59a57-a87f-4cc4-aad2-433e231111a3","userAgent":"Mozilla/5.0 (Windows NT 10.0; Win64; x64) AppleWebKit/537.36 (KHTML, like Gecko)"}
{"ts":"2026-06-21T19:43:36.703Z","level":"info","message":"GET / 304 268ms","ip":"::1","userId":"12b59a57-a87f-4cc4-aad2-433e231111a3","userAgent":"Mozilla/5.0 (Windows NT 10.0; Win64; x64) AppleWebKit/537.36 (KHTML, like Gecko)"}
{"ts":"2026-06-21T19:43:36.775Z","level":"info","message":"GET / 304 85ms","ip":"::1","userId":"12b59a57-a87f-4cc4-aad2-433e231111a3","userAgent":"Mozilla/5.0 (Windows NT 10.0; Win64; x64) AppleWebKit/537.36 (KHTML, like Gecko)"}
{"ts":"2026-06-21T19:43:36.798Z","level":"info","message":"GET / 304 93ms","ip":"::1","userId":"12b59a57-a87f-4cc4-aad2-433e231111a3","userAgent":"Mozilla/5.0 (Windows NT 10.0; Win64; x64) AppleWebKit/537.36 (KHTML, like Gecko)"}
{"ts":"2026-06-21T19:43:36.901Z","level":"info","message":"GET / 304 99ms","ip":"::1","userId":"12b59a57-a87f-4cc4-aad2-433e231111a3","userAgent":"Mozilla/5.0 (Windows NT 10.0; Win64; x64) AppleWebKit/537.36 (KHTML, like Gecko)"}
{"ts":"2026-06-21T19:43:36.902Z","level":"info","message":"GET /pending/all 304 100ms","ip":"::1","userId":"12b59a57-a87f-4cc4-aad2-433e231111a3","userAgent":"Mozilla/5.0 (Windows NT 10.0; Win64; x64) AppleWebKit/537.36 (KHTML, like Gecko)"}
{"ts":"2026-06-21T19:43:36.996Z","level":"info","message":"GET / 304 92ms","ip":"::1","userId":"12b59a57-a87f-4cc4-aad2-433e231111a3","userAgent":"Mozilla/5.0 (Windows NT 10.0; Win64; x64) AppleWebKit/537.36 (KHTML, like Gecko)"}
{"ts":"2026-06-21T19:43:37.002Z","level":"info","message":"GET /pending/all 304 97ms","ip":"::1","userId":"12b59a57-a87f-4cc4-aad2-433e231111a3","userAgent":"Mozilla/5.0 (Windows NT 10.0; Win64; x64) AppleWebKit/537.36 (KHTML, like Gecko)"}
{"ts":"2026-06-21T19:43:40.306Z","level":"info","message":"GET / 304 204ms","ip":"::1","userId":"12b59a57-a87f-4cc4-aad2-433e231111a3","userAgent":"Mozilla/5.0 (Windows NT 10.0; Win64; x64) AppleWebKit/537.36 (KHTML, like Gecko)"}
{"ts":"2026-06-21T19:43:40.311Z","level":"info","message":"GET / 304 207ms","ip":"::1","userId":"12b59a57-a87f-4cc4-aad2-433e231111a3","userAgent":"Mozilla/5.0 (Windows NT 10.0; Win64; x64) AppleWebKit/537.36 (KHTML, like Gecko)"}
{"ts":"2026-06-21T19:43:40.403Z","level":"info","message":"GET / 304 90ms","ip":"::1","userId":"12b59a57-a87f-4cc4-aad2-433e231111a3","userAgent":"Mozilla/5.0 (Windows NT 10.0; Win64; x64) AppleWebKit/537.36 (KHTML, like Gecko)"}
{"ts":"2026-06-21T19:43:40.411Z","level":"info","message":"GET / 304 103ms","ip":"::1","userId":"12b59a57-a87f-4cc4-aad2-433e231111a3","userAgent":"Mozilla/5.0 (Windows NT 10.0; Win64; x64) AppleWebKit/537.36 (KHTML, like Gecko)"}
{"ts":"2026-06-21T19:44:03.231Z","level":"warn","message":"POST /login 401 636ms","ip":"::1","userAgent":"Mozilla/5.0 (Windows NT 10.0; Win64; x64) AppleWebKit/537.36 (KHTML, like Gecko)"}
{"ts":"2026-06-21T19:44:09.248Z","level":"info","message":"POST /login 200 703ms","ip":"::1","userAgent":"Mozilla/5.0 (Windows NT 10.0; Win64; x64) AppleWebKit/537.36 (KHTML, like Gecko)"}
{"ts":"2026-06-21T19:44:09.657Z","level":"info","message":"GET / 304 391ms","ip":"::1","userId":"12b59a57-a87f-4cc4-aad2-433e231111a3","userAgent":"Mozilla/5.0 (Windows NT 10.0; Win64; x64) AppleWebKit/537.36 (KHTML, like Gecko)"}
{"ts":"2026-06-21T19:44:09.665Z","level":"info","message":"GET /visits 304 391ms","ip":"::1","userId":"12b59a57-a87f-4cc4-aad2-433e231111a3","userAgent":"Mozilla/5.0 (Windows NT 10.0; Win64; x64) AppleWebKit/537.36 (KHTML, like Gecko)"}
{"ts":"2026-06-21T19:44:09.802Z","level":"info","message":"GET /pending/all 304 535ms","ip":"::1","userId":"12b59a57-a87f-4cc4-aad2-433e231111a3","userAgent":"Mozilla/5.0 (Windows NT 10.0; Win64; x64) AppleWebKit/537.36 (KHTML, like Gecko)"}
{"ts":"2026-06-21T19:44:09.806Z","level":"info","message":"GET /stats 304 548ms","ip":"::1","userId":"12b59a57-a87f-4cc4-aad2-433e231111a3","userAgent":"Mozilla/5.0 (Windows NT 10.0; Win64; x64) AppleWebKit/537.36 (KHTML, like Gecko)"}
{"ts":"2026-06-21T19:44:09.863Z","level":"info","message":"GET /profit 304 593ms","ip":"::1","userId":"12b59a57-a87f-4cc4-aad2-433e231111a3","userAgent":"Mozilla/5.0 (Windows NT 10.0; Win64; x64) AppleWebKit/537.36 (KHTML, like Gecko)"}
{"ts":"2026-06-21T19:44:09.869Z","level":"info","message":"GET /visits 304 202ms","ip":"::1","userId":"12b59a57-a87f-4cc4-aad2-433e231111a3","userAgent":"Mozilla/5.0 (Windows NT 10.0; Win64; x64) AppleWebKit/537.36 (KHTML, like Gecko)"}
{"ts":"2026-06-21T19:44:09.874Z","level":"info","message":"GET / 304 214ms","ip":"::1","userId":"12b59a57-a87f-4cc4-aad2-433e231111a3","userAgent":"Mozilla/5.0 (Windows NT 10.0; Win64; x64) AppleWebKit/537.36 (KHTML, like Gecko)"}
{"ts":"2026-06-21T19:44:09.980Z","level":"info","message":"GET /pending/all 304 177ms","ip":"::1","userId":"12b59a57-a87f-4cc4-aad2-433e231111a3","userAgent":"Mozilla/5.0 (Windows NT 10.0; Win64; x64) AppleWebKit/537.36 (KHTML, like Gecko)"}
{"ts":"2026-06-21T19:44:10.011Z","level":"info","message":"GET /stats 304 205ms","ip":"::1","userId":"12b59a57-a87f-4cc4-aad2-433e231111a3","userAgent":"Mozilla/5.0 (Windows NT 10.0; Win64; x64) AppleWebKit/537.36 (KHTML, like Gecko)"}
{"ts":"2026-06-21T19:44:10.016Z","level":"info","message":"GET /profit 304 150ms","ip":"::1","userId":"12b59a57-a87f-4cc4-aad2-433e231111a3","userAgent":"Mozilla/5.0 (Windows NT 10.0; Win64; x64) AppleWebKit/537.36 (KHTML, like Gecko)"}
{"ts":"2026-06-21T19:44:11.451Z","level":"info","message":"GET / 304 121ms","ip":"::1","userId":"12b59a57-a87f-4cc4-aad2-433e231111a3","userAgent":"Mozilla/5.0 (Windows NT 10.0; Win64; x64) AppleWebKit/537.36 (KHTML, like Gecko)"}
{"ts":"2026-06-21T19:44:11.458Z","level":"info","message":"GET /pending/all 304 129ms","ip":"::1","userId":"12b59a57-a87f-4cc4-aad2-433e231111a3","userAgent":"Mozilla/5.0 (Windows NT 10.0; Win64; x64) AppleWebKit/537.36 (KHTML, like Gecko)"}
{"ts":"2026-06-21T19:44:11.552Z","level":"info","message":"GET / 304 99ms","ip":"::1","userId":"12b59a57-a87f-4cc4-aad2-433e231111a3","userAgent":"Mozilla/5.0 (Windows NT 10.0; Win64; x64) AppleWebKit/537.36 (KHTML, like Gecko)"}
{"ts":"2026-06-21T19:44:11.578Z","level":"info","message":"GET /pending/all 304 110ms","ip":"::1","userId":"12b59a57-a87f-4cc4-aad2-433e231111a3","userAgent":"Mozilla/5.0 (Windows NT 10.0; Win64; x64) AppleWebKit/537.36 (KHTML, like Gecko)"}
{"ts":"2026-06-21T19:44:11.790Z","level":"info","message":"GET / 304 112ms","ip":"::1","userId":"12b59a57-a87f-4cc4-aad2-433e231111a3","userAgent":"Mozilla/5.0 (Windows NT 10.0; Win64; x64) AppleWebKit/537.36 (KHTML, like Gecko)"}
{"ts":"2026-06-21T19:44:11.814Z","level":"info","message":"GET / 304 134ms","ip":"::1","userId":"12b59a57-a87f-4cc4-aad2-433e231111a3","userAgent":"Mozilla/5.0 (Windows NT 10.0; Win64; x64) AppleWebKit/537.36 (KHTML, like Gecko)"}
{"ts":"2026-06-21T19:44:11.885Z","level":"info","message":"GET / 304 93ms","ip":"::1","userId":"12b59a57-a87f-4cc4-aad2-433e231111a3","userAgent":"Mozilla/5.0 (Windows NT 10.0; Win64; x64) AppleWebKit/537.36 (KHTML, like Gecko)"}
{"ts":"2026-06-21T19:44:11.926Z","level":"info","message":"GET / 304 110ms","ip":"::1","userId":"12b59a57-a87f-4cc4-aad2-433e231111a3","userAgent":"Mozilla/5.0 (Windows NT 10.0; Win64; x64) AppleWebKit/537.36 (KHTML, like Gecko)"}
{"ts":"2026-06-21T19:44:12.464Z","level":"info","message":"GET / 304 122ms","ip":"::1","userId":"12b59a57-a87f-4cc4-aad2-433e231111a3","userAgent":"Mozilla/5.0 (Windows NT 10.0; Win64; x64) AppleWebKit/537.36 (KHTML, like Gecko)"}
{"ts":"2026-06-21T19:44:12.473Z","level":"info","message":"GET /pending/all 304 130ms","ip":"::1","userId":"12b59a57-a87f-4cc4-aad2-433e231111a3","userAgent":"Mozilla/5.0 (Windows NT 10.0; Win64; x64) AppleWebKit/537.36 (KHTML, like Gecko)"}
{"ts":"2026-06-21T19:44:12.560Z","level":"info","message":"GET / 304 92ms","ip":"::1","userId":"12b59a57-a87f-4cc4-aad2-433e231111a3","userAgent":"Mozilla/5.0 (Windows NT 10.0; Win64; x64) AppleWebKit/537.36 (KHTML, like Gecko)"}
{"ts":"2026-06-21T19:44:12.568Z","level":"info","message":"GET /pending/all 304 93ms","ip":"::1","userId":"12b59a57-a87f-4cc4-aad2-433e231111a3","userAgent":"Mozilla/5.0 (Windows NT 10.0; Win64; x64) AppleWebKit/537.36 (KHTML, like Gecko)"}
{"ts":"2026-06-21T19:44:15.017Z","level":"info","message":"GET /pending/all 304 249ms","ip":"::1","userId":"12b59a57-a87f-4cc4-aad2-433e231111a3","userAgent":"Mozilla/5.0 (Windows NT 10.0; Win64; x64) AppleWebKit/537.36 (KHTML, like Gecko)"}
{"ts":"2026-06-21T19:44:15.118Z","level":"info","message":"GET /pending/all 304 98ms","ip":"::1","userId":"12b59a57-a87f-4cc4-aad2-433e231111a3","userAgent":"Mozilla/5.0 (Windows NT 10.0; Win64; x64) AppleWebKit/537.36 (KHTML, like Gecko)"}
{"ts":"2026-06-21T19:44:15.462Z","level":"info","message":"GET / 304 153ms","ip":"::1","userId":"12b59a57-a87f-4cc4-aad2-433e231111a3","userAgent":"Mozilla/5.0 (Windows NT 10.0; Win64; x64) AppleWebKit/537.36 (KHTML, like Gecko)"}
{"ts":"2026-06-21T19:44:15.469Z","level":"info","message":"GET /pending/all 304 159ms","ip":"::1","userId":"12b59a57-a87f-4cc4-aad2-433e231111a3","userAgent":"Mozilla/5.0 (Windows NT 10.0; Win64; x64) AppleWebKit/537.36 (KHTML, like Gecko)"}
{"ts":"2026-06-21T19:44:15.566Z","level":"info","message":"GET /pending/all 304 95ms","ip":"::1","userId":"12b59a57-a87f-4cc4-aad2-433e231111a3","userAgent":"Mozilla/5.0 (Windows NT 10.0; Win64; x64) AppleWebKit/537.36 (KHTML, like Gecko)"}
{"ts":"2026-06-21T19:44:15.573Z","level":"info","message":"GET / 304 110ms","ip":"::1","userId":"12b59a57-a87f-4cc4-aad2-433e231111a3","userAgent":"Mozilla/5.0 (Windows NT 10.0; Win64; x64) AppleWebKit/537.36 (KHTML, like Gecko)"}
{"ts":"2026-06-21T19:44:15.898Z","level":"info","message":"GET / 304 94ms","ip":"::1","userId":"12b59a57-a87f-4cc4-aad2-433e231111a3","userAgent":"Mozilla/5.0 (Windows NT 10.0; Win64; x64) AppleWebKit/537.36 (KHTML, like Gecko)"}
{"ts":"2026-06-21T19:44:15.906Z","level":"info","message":"GET / 304 104ms","ip":"::1","userId":"12b59a57-a87f-4cc4-aad2-433e231111a3","userAgent":"Mozilla/5.0 (Windows NT 10.0; Win64; x64) AppleWebKit/537.36 (KHTML, like Gecko)"}
{"ts":"2026-06-21T19:44:15.999Z","level":"info","message":"GET / 304 98ms","ip":"::1","userId":"12b59a57-a87f-4cc4-aad2-433e231111a3","userAgent":"Mozilla/5.0 (Windows NT 10.0; Win64; x64) AppleWebKit/537.36 (KHTML, like Gecko)"}
{"ts":"2026-06-21T19:44:16.005Z","level":"info","message":"GET / 304 95ms","ip":"::1","userId":"12b59a57-a87f-4cc4-aad2-433e231111a3","userAgent":"Mozilla/5.0 (Windows NT 10.0; Win64; x64) AppleWebKit/537.36 (KHTML, like Gecko)"}
{"ts":"2026-06-21T19:44:16.368Z","level":"info","message":"GET /pending/all 304 120ms","ip":"::1","userId":"12b59a57-a87f-4cc4-aad2-433e231111a3","userAgent":"Mozilla/5.0 (Windows NT 10.0; Win64; x64) AppleWebKit/537.36 (KHTML, like Gecko)"}
{"ts":"2026-06-21T19:44:16.462Z","level":"info","message":"GET /visits 304 201ms","ip":"::1","userId":"12b59a57-a87f-4cc4-aad2-433e231111a3","userAgent":"Mozilla/5.0 (Windows NT 10.0; Win64; x64) AppleWebKit/537.36 (KHTML, like Gecko)"}
{"ts":"2026-06-21T19:44:16.485Z","level":"info","message":"GET /stats 304 234ms","ip":"::1","userId":"12b59a57-a87f-4cc4-aad2-433e231111a3","userAgent":"Mozilla/5.0 (Windows NT 10.0; Win64; x64) AppleWebKit/537.36 (KHTML, like Gecko)"}
{"ts":"2026-06-21T19:44:16.489Z","level":"info","message":"GET /profit 304 231ms","ip":"::1","userId":"12b59a57-a87f-4cc4-aad2-433e231111a3","userAgent":"Mozilla/5.0 (Windows NT 10.0; Win64; x64) AppleWebKit/537.36 (KHTML, like Gecko)"}
{"ts":"2026-06-21T19:44:16.502Z","level":"info","message":"GET /pending/all 304 132ms","ip":"::1","userId":"12b59a57-a87f-4cc4-aad2-433e231111a3","userAgent":"Mozilla/5.0 (Windows NT 10.0; Win64; x64) AppleWebKit/537.36 (KHTML, like Gecko)"}
{"ts":"2026-06-21T19:44:16.508Z","level":"info","message":"GET / 304 252ms","ip":"::1","userId":"12b59a57-a87f-4cc4-aad2-433e231111a3","userAgent":"Mozilla/5.0 (Windows NT 10.0; Win64; x64) AppleWebKit/537.36 (KHTML, like Gecko)"}
{"ts":"2026-06-21T19:44:16.550Z","level":"info","message":"GET /visits 304 87ms","ip":"::1","userId":"12b59a57-a87f-4cc4-aad2-433e231111a3","userAgent":"Mozilla/5.0 (Windows NT 10.0; Win64; x64) AppleWebKit/537.36 (KHTML, like Gecko)"}
{"ts":"2026-06-21T19:44:16.602Z","level":"info","message":"GET /profit 304 103ms","ip":"::1","userId":"12b59a57-a87f-4cc4-aad2-433e231111a3","userAgent":"Mozilla/5.0 (Windows NT 10.0; Win64; x64) AppleWebKit/537.36 (KHTML, like Gecko)"}
{"ts":"2026-06-21T19:44:16.608Z","level":"info","message":"GET / 304 98ms","ip":"::1","userId":"12b59a57-a87f-4cc4-aad2-433e231111a3","userAgent":"Mozilla/5.0 (Windows NT 10.0; Win64; x64) AppleWebKit/537.36 (KHTML, like Gecko)"}
{"ts":"2026-06-21T19:44:16.687Z","level":"info","message":"GET /stats 304 196ms","ip":"::1","userId":"12b59a57-a87f-4cc4-aad2-433e231111a3","userAgent":"Mozilla/5.0 (Windows NT 10.0; Win64; x64) AppleWebKit/537.36 (KHTML, like Gecko)"}
{"ts":"2026-06-21T19:44:27.741Z","level":"info","message":"GET /pending/all 304 3473ms","ip":"::1","userId":"12b59a57-a87f-4cc4-aad2-433e231111a3","userAgent":"Mozilla/5.0 (Windows NT 10.0; Win64; x64) AppleWebKit/537.36 (KHTML, like Gecko)"}
{"ts":"2026-06-21T19:44:28.575Z","level":"info","message":"GET /pending/all 304 832ms","ip":"::1","userId":"12b59a57-a87f-4cc4-aad2-433e231111a3","userAgent":"Mozilla/5.0 (Windows NT 10.0; Win64; x64) AppleWebKit/537.36 (KHTML, like Gecko)"}
{"ts":"2026-06-21T19:44:28.692Z","level":"info","message":"GET / 304 5748ms","ip":"::1","userId":"12b59a57-a87f-4cc4-aad2-433e231111a3","userAgent":"Mozilla/5.0 (Windows NT 10.0; Win64; x64) AppleWebKit/537.36 (KHTML, like Gecko)"}
{"ts":"2026-06-21T19:44:28.821Z","level":"info","message":"GET / 304 5878ms","ip":"::1","userId":"12b59a57-a87f-4cc4-aad2-433e231111a3","userAgent":"Mozilla/5.0 (Windows NT 10.0; Win64; x64) AppleWebKit/537.36 (KHTML, like Gecko)"}
{"ts":"2026-06-21T19:44:28.924Z","level":"info","message":"GET / 304 230ms","ip":"::1","userId":"12b59a57-a87f-4cc4-aad2-433e231111a3","userAgent":"Mozilla/5.0 (Windows NT 10.0; Win64; x64) AppleWebKit/537.36 (KHTML, like Gecko)"}
{"ts":"2026-06-21T19:44:29.806Z","level":"info","message":"GET / 304 983ms","ip":"::1","userId":"12b59a57-a87f-4cc4-aad2-433e231111a3","userAgent":"Mozilla/5.0 (Windows NT 10.0; Win64; x64) AppleWebKit/537.36 (KHTML, like Gecko)"}
{"ts":"2026-06-21T19:44:30.388Z","level":"info","message":"GET / 304 1462ms","ip":"::1","userId":"12b59a57-a87f-4cc4-aad2-433e231111a3","userAgent":"Mozilla/5.0 (Windows NT 10.0; Win64; x64) AppleWebKit/537.36 (KHTML, like Gecko)"}
{"ts":"2026-06-21T19:44:31.006Z","level":"info","message":"GET / 304 617ms","ip":"::1","userId":"12b59a57-a87f-4cc4-aad2-433e231111a3","userAgent":"Mozilla/5.0 (Windows NT 10.0; Win64; x64) AppleWebKit/537.36 (KHTML, like Gecko)"}
{"ts":"2026-06-21T19:45:25.566Z","level":"info","message":"POST /login 200 799ms","ip":"::1","userAgent":"Mozilla/5.0 (Windows NT 10.0; Win64; x64) AppleWebKit/537.36 (KHTML, like Gecko)"}
{"ts":"2026-06-21T19:45:26.130Z","level":"info","message":"GET /pending/all 304 540ms","ip":"::1","userId":"12b59a57-a87f-4cc4-aad2-433e231111a3","userAgent":"Mozilla/5.0 (Windows NT 10.0; Win64; x64) AppleWebKit/537.36 (KHTML, like Gecko)"}
{"ts":"2026-06-21T19:45:26.135Z","level":"info","message":"GET /stats 304 555ms","ip":"::1","userId":"12b59a57-a87f-4cc4-aad2-433e231111a3","userAgent":"Mozilla/5.0 (Windows NT 10.0; Win64; x64) AppleWebKit/537.36 (KHTML, like Gecko)"}
{"ts":"2026-06-21T19:45:26.143Z","level":"info","message":"GET / 304 554ms","ip":"::1","userId":"12b59a57-a87f-4cc4-aad2-433e231111a3","userAgent":"Mozilla/5.0 (Windows NT 10.0; Win64; x64) AppleWebKit/537.36 (KHTML, like Gecko)"}
{"ts":"2026-06-21T19:45:26.147Z","level":"info","message":"GET /profit 304 553ms","ip":"::1","userId":"12b59a57-a87f-4cc4-aad2-433e231111a3","userAgent":"Mozilla/5.0 (Windows NT 10.0; Win64; x64) AppleWebKit/537.36 (KHTML, like Gecko)"}
{"ts":"2026-06-21T19:45:26.156Z","level":"info","message":"GET /visits 304 557ms","ip":"::1","userId":"12b59a57-a87f-4cc4-aad2-433e231111a3","userAgent":"Mozilla/5.0 (Windows NT 10.0; Win64; x64) AppleWebKit/537.36 (KHTML, like Gecko)"}
{"ts":"2026-06-21T19:45:26.315Z","level":"info","message":"GET /pending/all 304 184ms","ip":"::1","userId":"12b59a57-a87f-4cc4-aad2-433e231111a3","userAgent":"Mozilla/5.0 (Windows NT 10.0; Win64; x64) AppleWebKit/537.36 (KHTML, like Gecko)"}
{"ts":"2026-06-21T19:45:26.371Z","level":"info","message":"GET /stats 304 235ms","ip":"::1","userId":"12b59a57-a87f-4cc4-aad2-433e231111a3","userAgent":"Mozilla/5.0 (Windows NT 10.0; Win64; x64) AppleWebKit/537.36 (KHTML, like Gecko)"}
{"ts":"2026-06-21T19:45:26.378Z","level":"info","message":"GET /profit 304 228ms","ip":"::1","userId":"12b59a57-a87f-4cc4-aad2-433e231111a3","userAgent":"Mozilla/5.0 (Windows NT 10.0; Win64; x64) AppleWebKit/537.36 (KHTML, like Gecko)"}
{"ts":"2026-06-21T19:45:26.380Z","level":"info","message":"GET /visits 304 223ms","ip":"::1","userId":"12b59a57-a87f-4cc4-aad2-433e231111a3","userAgent":"Mozilla/5.0 (Windows NT 10.0; Win64; x64) AppleWebKit/537.36 (KHTML, like Gecko)"}
{"ts":"2026-06-21T19:45:26.415Z","level":"info","message":"GET / 304 271ms","ip":"::1","userId":"12b59a57-a87f-4cc4-aad2-433e231111a3","userAgent":"Mozilla/5.0 (Windows NT 10.0; Win64; x64) AppleWebKit/537.36 (KHTML, like Gecko)"}
{"ts":"2026-06-21T19:45:27.418Z","level":"info","message":"GET / 304 96ms","ip":"::1","userId":"12b59a57-a87f-4cc4-aad2-433e231111a3","userAgent":"Mozilla/5.0 (Windows NT 10.0; Win64; x64) AppleWebKit/537.36 (KHTML, like Gecko)"}
{"ts":"2026-06-21T19:45:27.448Z","level":"info","message":"GET / 304 125ms","ip":"::1","userId":"12b59a57-a87f-4cc4-aad2-433e231111a3","userAgent":"Mozilla/5.0 (Windows NT 10.0; Win64; x64) AppleWebKit/537.36 (KHTML, like Gecko)"}
{"ts":"2026-06-21T19:45:27.514Z","level":"info","message":"GET / 304 94ms","ip":"::1","userId":"12b59a57-a87f-4cc4-aad2-433e231111a3","userAgent":"Mozilla/5.0 (Windows NT 10.0; Win64; x64) AppleWebKit/537.36 (KHTML, like Gecko)"}
{"ts":"2026-06-21T19:45:27.575Z","level":"info","message":"GET / 304 120ms","ip":"::1","userId":"12b59a57-a87f-4cc4-aad2-433e231111a3","userAgent":"Mozilla/5.0 (Windows NT 10.0; Win64; x64) AppleWebKit/537.36 (KHTML, like Gecko)"}
{"ts":"2026-06-21T19:45:28.026Z","level":"info","message":"GET / 304 109ms","ip":"::1","userId":"12b59a57-a87f-4cc4-aad2-433e231111a3","userAgent":"Mozilla/5.0 (Windows NT 10.0; Win64; x64) AppleWebKit/537.36 (KHTML, like Gecko)"}
{"ts":"2026-06-21T19:45:28.030Z","level":"info","message":"GET /pending/all 304 111ms","ip":"::1","userId":"12b59a57-a87f-4cc4-aad2-433e231111a3","userAgent":"Mozilla/5.0 (Windows NT 10.0; Win64; x64) AppleWebKit/537.36 (KHTML, like Gecko)"}
{"ts":"2026-06-21T19:45:28.123Z","level":"info","message":"GET / 304 95ms","ip":"::1","userId":"12b59a57-a87f-4cc4-aad2-433e231111a3","userAgent":"Mozilla/5.0 (Windows NT 10.0; Win64; x64) AppleWebKit/537.36 (KHTML, like Gecko)"}
{"ts":"2026-06-21T19:45:28.128Z","level":"info","message":"GET /pending/all 304 94ms","ip":"::1","userId":"12b59a57-a87f-4cc4-aad2-433e231111a3","userAgent":"Mozilla/5.0 (Windows NT 10.0; Win64; x64) AppleWebKit/537.36 (KHTML, like Gecko)"}
{"ts":"2026-06-21T19:45:29.104Z","level":"info","message":"GET /pending/all 304 94ms","ip":"::1","userId":"12b59a57-a87f-4cc4-aad2-433e231111a3","userAgent":"Mozilla/5.0 (Windows NT 10.0; Win64; x64) AppleWebKit/537.36 (KHTML, like Gecko)"}
{"ts":"2026-06-21T19:45:29.192Z","level":"info","message":"GET /pending/all 304 86ms","ip":"::1","userId":"12b59a57-a87f-4cc4-aad2-433e231111a3","userAgent":"Mozilla/5.0 (Windows NT 10.0; Win64; x64) AppleWebKit/537.36 (KHTML, like Gecko)"}
{"ts":"2026-06-21T19:45:29.595Z","level":"info","message":"GET /pending/all 304 92ms","ip":"::1","userId":"12b59a57-a87f-4cc4-aad2-433e231111a3","userAgent":"Mozilla/5.0 (Windows NT 10.0; Win64; x64) AppleWebKit/537.36 (KHTML, like Gecko)"}
{"ts":"2026-06-21T19:45:29.607Z","level":"info","message":"GET / 304 105ms","ip":"::1","userId":"12b59a57-a87f-4cc4-aad2-433e231111a3","userAgent":"Mozilla/5.0 (Windows NT 10.0; Win64; x64) AppleWebKit/537.36 (KHTML, like Gecko)"}
{"ts":"2026-06-21T19:45:29.686Z","level":"info","message":"GET /pending/all 304 90ms","ip":"::1","userId":"12b59a57-a87f-4cc4-aad2-433e231111a3","userAgent":"Mozilla/5.0 (Windows NT 10.0; Win64; x64) AppleWebKit/537.36 (KHTML, like Gecko)"}
{"ts":"2026-06-21T19:45:29.705Z","level":"info","message":"GET / 304 97ms","ip":"::1","userId":"12b59a57-a87f-4cc4-aad2-433e231111a3","userAgent":"Mozilla/5.0 (Windows NT 10.0; Win64; x64) AppleWebKit/537.36 (KHTML, like Gecko)"}
{"ts":"2026-06-21T19:45:29.995Z","level":"info","message":"GET / 304 93ms","ip":"::1","userId":"12b59a57-a87f-4cc4-aad2-433e231111a3","userAgent":"Mozilla/5.0 (Windows NT 10.0; Win64; x64) AppleWebKit/537.36 (KHTML, like Gecko)"}
{"ts":"2026-06-21T19:45:30.000Z","level":"info","message":"GET / 304 97ms","ip":"::1","userId":"12b59a57-a87f-4cc4-aad2-433e231111a3","userAgent":"Mozilla/5.0 (Windows NT 10.0; Win64; x64) AppleWebKit/537.36 (KHTML, like Gecko)"}
{"ts":"2026-06-21T19:45:30.085Z","level":"info","message":"GET / 304 88ms","ip":"::1","userId":"12b59a57-a87f-4cc4-aad2-433e231111a3","userAgent":"Mozilla/5.0 (Windows NT 10.0; Win64; x64) AppleWebKit/537.36 (KHTML, like Gecko)"}
{"ts":"2026-06-21T19:45:30.095Z","level":"info","message":"GET / 304 93ms","ip":"::1","userId":"12b59a57-a87f-4cc4-aad2-433e231111a3","userAgent":"Mozilla/5.0 (Windows NT 10.0; Win64; x64) AppleWebKit/537.36 (KHTML, like Gecko)"}
{"ts":"2026-06-21T19:45:43.537Z","level":"info","message":"POST /login 200 413ms","ip":"::1","userAgent":"Mozilla/5.0 (Windows NT 10.0; Win64; x64) AppleWebKit/537.36 (KHTML, like Gecko)"}
{"ts":"2026-06-21T19:45:43.890Z","level":"info","message":"GET /visits 304 323ms","ip":"::1","userId":"12b59a57-a87f-4cc4-aad2-433e231111a3","userAgent":"Mozilla/5.0 (Windows NT 10.0; Win64; x64) AppleWebKit/537.36 (KHTML, like Gecko)"}
{"ts":"2026-06-21T19:45:43.966Z","level":"info","message":"GET /profit 304 405ms","ip":"::1","userId":"12b59a57-a87f-4cc4-aad2-433e231111a3","userAgent":"Mozilla/5.0 (Windows NT 10.0; Win64; x64) AppleWebKit/537.36 (KHTML, like Gecko)"}
{"ts":"2026-06-21T19:45:43.975Z","level":"info","message":"GET /pending/all 304 417ms","ip":"::1","userId":"12b59a57-a87f-4cc4-aad2-433e231111a3","userAgent":"Mozilla/5.0 (Windows NT 10.0; Win64; x64) AppleWebKit/537.36 (KHTML, like Gecko)"}
{"ts":"2026-06-21T19:45:43.988Z","level":"info","message":"GET / 304 432ms","ip":"::1","userId":"12b59a57-a87f-4cc4-aad2-433e231111a3","userAgent":"Mozilla/5.0 (Windows NT 10.0; Win64; x64) AppleWebKit/537.36 (KHTML, like Gecko)"}
{"ts":"2026-06-21T19:45:43.994Z","level":"info","message":"GET /stats 304 446ms","ip":"::1","userId":"12b59a57-a87f-4cc4-aad2-433e231111a3","userAgent":"Mozilla/5.0 (Windows NT 10.0; Win64; x64) AppleWebKit/537.36 (KHTML, like Gecko)"}
{"ts":"2026-06-21T19:45:44.004Z","level":"info","message":"GET /visits 304 111ms","ip":"::1","userId":"12b59a57-a87f-4cc4-aad2-433e231111a3","userAgent":"Mozilla/5.0 (Windows NT 10.0; Win64; x64) AppleWebKit/537.36 (KHTML, like Gecko)"}
{"ts":"2026-06-21T19:45:44.146Z","level":"info","message":"GET /pending/all 304 169ms","ip":"::1","userId":"12b59a57-a87f-4cc4-aad2-433e231111a3","userAgent":"Mozilla/5.0 (Windows NT 10.0; Win64; x64) AppleWebKit/537.36 (KHTML, like Gecko)"}
{"ts":"2026-06-21T19:45:44.160Z","level":"info","message":"GET / 304 171ms","ip":"::1","userId":"12b59a57-a87f-4cc4-aad2-433e231111a3","userAgent":"Mozilla/5.0 (Windows NT 10.0; Win64; x64) AppleWebKit/537.36 (KHTML, like Gecko)"}
{"ts":"2026-06-21T19:45:44.193Z","level":"info","message":"GET /stats 304 195ms","ip":"::1","userId":"12b59a57-a87f-4cc4-aad2-433e231111a3","userAgent":"Mozilla/5.0 (Windows NT 10.0; Win64; x64) AppleWebKit/537.36 (KHTML, like Gecko)"}
{"ts":"2026-06-21T19:45:44.238Z","level":"info","message":"GET /profit 304 270ms","ip":"::1","userId":"12b59a57-a87f-4cc4-aad2-433e231111a3","userAgent":"Mozilla/5.0 (Windows NT 10.0; Win64; x64) AppleWebKit/537.36 (KHTML, like Gecko)"}
{"ts":"2026-06-21T19:45:44.895Z","level":"info","message":"GET /pending/all 304 133ms","ip":"::1","userId":"12b59a57-a87f-4cc4-aad2-433e231111a3","userAgent":"Mozilla/5.0 (Windows NT 10.0; Win64; x64) AppleWebKit/537.36 (KHTML, like Gecko)"}
{"ts":"2026-06-21T19:45:44.999Z","level":"info","message":"GET /pending/all 304 102ms","ip":"::1","userId":"12b59a57-a87f-4cc4-aad2-433e231111a3","userAgent":"Mozilla/5.0 (Windows NT 10.0; Win64; x64) AppleWebKit/537.36 (KHTML, like Gecko)"}
{"ts":"2026-06-21T19:45:45.276Z","level":"info","message":"GET /pending/all 304 98ms","ip":"::1","userId":"12b59a57-a87f-4cc4-aad2-433e231111a3","userAgent":"Mozilla/5.0 (Windows NT 10.0; Win64; x64) AppleWebKit/537.36 (KHTML, like Gecko)"}
{"ts":"2026-06-21T19:45:45.280Z","level":"info","message":"GET / 304 100ms","ip":"::1","userId":"12b59a57-a87f-4cc4-aad2-433e231111a3","userAgent":"Mozilla/5.0 (Windows NT 10.0; Win64; x64) AppleWebKit/537.36 (KHTML, like Gecko)"}
{"ts":"2026-06-21T19:45:45.402Z","level":"info","message":"GET /pending/all 304 124ms","ip":"::1","userId":"12b59a57-a87f-4cc4-aad2-433e231111a3","userAgent":"Mozilla/5.0 (Windows NT 10.0; Win64; x64) AppleWebKit/537.36 (KHTML, like Gecko)"}
{"ts":"2026-06-21T19:45:45.415Z","level":"info","message":"GET / 304 134ms","ip":"::1","userId":"12b59a57-a87f-4cc4-aad2-433e231111a3","userAgent":"Mozilla/5.0 (Windows NT 10.0; Win64; x64) AppleWebKit/537.36 (KHTML, like Gecko)"}
{"ts":"2026-06-21T19:45:46.773Z","level":"info","message":"GET / 304 114ms","ip":"::1","userId":"12b59a57-a87f-4cc4-aad2-433e231111a3","userAgent":"Mozilla/5.0 (Windows NT 10.0; Win64; x64) AppleWebKit/537.36 (KHTML, like Gecko)"}
{"ts":"2026-06-21T19:45:46.782Z","level":"info","message":"GET / 304 120ms","ip":"::1","userId":"12b59a57-a87f-4cc4-aad2-433e231111a3","userAgent":"Mozilla/5.0 (Windows NT 10.0; Win64; x64) AppleWebKit/537.36 (KHTML, like Gecko)"}
{"ts":"2026-06-21T19:45:46.869Z","level":"info","message":"GET / 304 94ms","ip":"::1","userId":"12b59a57-a87f-4cc4-aad2-433e231111a3","userAgent":"Mozilla/5.0 (Windows NT 10.0; Win64; x64) AppleWebKit/537.36 (KHTML, like Gecko)"}
{"ts":"2026-06-21T19:45:46.878Z","level":"info","message":"GET / 304 94ms","ip":"::1","userId":"12b59a57-a87f-4cc4-aad2-433e231111a3","userAgent":"Mozilla/5.0 (Windows NT 10.0; Win64; x64) AppleWebKit/537.36 (KHTML, like Gecko)"}
{"ts":"2026-06-21T19:46:21.301Z","level":"warn","message":"POST /register 409 715ms","ip":"::1","userAgent":"Mozilla/5.0 (Windows NT 10.0; Win64; x64) AppleWebKit/537.36 (KHTML, like Gecko)"}
{"ts":"2026-06-21T19:46:26.865Z","level":"info","message":"POST /login 200 345ms","ip":"::1","userAgent":"Mozilla/5.0 (Windows NT 10.0; Win64; x64) AppleWebKit/537.36 (KHTML, like Gecko)"}
{"ts":"2026-06-21T19:46:27.283Z","level":"info","message":"GET / 304 401ms","ip":"::1","userId":"0c544294-e96b-4556-a5b2-a9af18dfcdcc","userAgent":"Mozilla/5.0 (Windows NT 10.0; Win64; x64) AppleWebKit/537.36 (KHTML, like Gecko)"}
{"ts":"2026-06-21T19:46:27.297Z","level":"info","message":"GET /stats 304 421ms","ip":"::1","userId":"0c544294-e96b-4556-a5b2-a9af18dfcdcc","userAgent":"Mozilla/5.0 (Windows NT 10.0; Win64; x64) AppleWebKit/537.36 (KHTML, like Gecko)"}
{"ts":"2026-06-21T19:46:27.315Z","level":"info","message":"GET /profit 304 429ms","ip":"::1","userId":"0c544294-e96b-4556-a5b2-a9af18dfcdcc","userAgent":"Mozilla/5.0 (Windows NT 10.0; Win64; x64) AppleWebKit/537.36 (KHTML, like Gecko)"}
{"ts":"2026-06-21T19:46:27.333Z","level":"info","message":"GET /visits 304 443ms","ip":"::1","userId":"0c544294-e96b-4556-a5b2-a9af18dfcdcc","userAgent":"Mozilla/5.0 (Windows NT 10.0; Win64; x64) AppleWebKit/537.36 (KHTML, like Gecko)"}
{"ts":"2026-06-21T19:46:27.336Z","level":"info","message":"GET /pending/all 304 451ms","ip":"::1","userId":"0c544294-e96b-4556-a5b2-a9af18dfcdcc","userAgent":"Mozilla/5.0 (Windows NT 10.0; Win64; x64) AppleWebKit/537.36 (KHTML, like Gecko)"}
{"ts":"2026-06-21T19:46:27.546Z","level":"info","message":"GET / 304 260ms","ip":"::1","userId":"0c544294-e96b-4556-a5b2-a9af18dfcdcc","userAgent":"Mozilla/5.0 (Windows NT 10.0; Win64; x64) AppleWebKit/537.36 (KHTML, like Gecko)"}
{"ts":"2026-06-21T19:46:27.563Z","level":"info","message":"GET /visits 304 225ms","ip":"::1","userId":"0c544294-e96b-4556-a5b2-a9af18dfcdcc","userAgent":"Mozilla/5.0 (Windows NT 10.0; Win64; x64) AppleWebKit/537.36 (KHTML, like Gecko)"}
{"ts":"2026-06-21T19:46:27.572Z","level":"info","message":"GET /profit 304 242ms","ip":"::1","userId":"0c544294-e96b-4556-a5b2-a9af18dfcdcc","userAgent":"Mozilla/5.0 (Windows NT 10.0; Win64; x64) AppleWebKit/537.36 (KHTML, like Gecko)"}
{"ts":"2026-06-21T19:46:27.591Z","level":"info","message":"GET /stats 304 290ms","ip":"::1","userId":"0c544294-e96b-4556-a5b2-a9af18dfcdcc","userAgent":"Mozilla/5.0 (Windows NT 10.0; Win64; x64) AppleWebKit/537.36 (KHTML, like Gecko)"}
{"ts":"2026-06-21T19:46:27.852Z","level":"info","message":"GET /pending/all 304 512ms","ip":"::1","userId":"0c544294-e96b-4556-a5b2-a9af18dfcdcc","userAgent":"Mozilla/5.0 (Windows NT 10.0; Win64; x64) AppleWebKit/537.36 (KHTML, like Gecko)"}
{"ts":"2026-06-21T19:46:43.949Z","level":"info","message":"GET / 304 186ms","ip":"::1","userId":"0c544294-e96b-4556-a5b2-a9af18dfcdcc","userAgent":"Mozilla/5.0 (Windows NT 10.0; Win64; x64) AppleWebKit/537.36 (KHTML, like Gecko)"}
{"ts":"2026-06-21T19:46:44.045Z","level":"info","message":"GET / 304 95ms","ip":"::1","userId":"0c544294-e96b-4556-a5b2-a9af18dfcdcc","userAgent":"Mozilla/5.0 (Windows NT 10.0; Win64; x64) AppleWebKit/537.36 (KHTML, like Gecko)"}
{"ts":"2026-06-21T19:47:12.336Z","level":"info","message":"GET / 304 626ms","ip":"::1","userId":"0c544294-e96b-4556-a5b2-a9af18dfcdcc","userAgent":"Mozilla/5.0 (Windows NT 10.0; Win64; x64) AppleWebKit/537.36 (KHTML, like Gecko)"}
{"ts":"2026-06-21T19:47:12.338Z","level":"info","message":"GET / 304 629ms","ip":"::1","userId":"0c544294-e96b-4556-a5b2-a9af18dfcdcc","userAgent":"Mozilla/5.0 (Windows NT 10.0; Win64; x64) AppleWebKit/537.36 (KHTML, like Gecko)"}
{"ts":"2026-06-21T19:47:12.494Z","level":"info","message":"GET / 304 152ms","ip":"::1","userId":"0c544294-e96b-4556-a5b2-a9af18dfcdcc","userAgent":"Mozilla/5.0 (Windows NT 10.0; Win64; x64) AppleWebKit/537.36 (KHTML, like Gecko)"}
{"ts":"2026-06-21T19:47:12.511Z","level":"info","message":"GET / 304 171ms","ip":"::1","userId":"0c544294-e96b-4556-a5b2-a9af18dfcdcc","userAgent":"Mozilla/5.0 (Windows NT 10.0; Win64; x64) AppleWebKit/537.36 (KHTML, like Gecko)"}
{"ts":"2026-06-21T19:47:14.524Z","level":"info","message":"GET / 304 194ms","ip":"::1","userId":"0c544294-e96b-4556-a5b2-a9af18dfcdcc","userAgent":"Mozilla/5.0 (Windows NT 10.0; Win64; x64) AppleWebKit/537.36 (KHTML, like Gecko)"}
{"ts":"2026-06-21T19:47:14.568Z","level":"info","message":"GET /pending/all 304 237ms","ip":"::1","userId":"0c544294-e96b-4556-a5b2-a9af18dfcdcc","userAgent":"Mozilla/5.0 (Windows NT 10.0; Win64; x64) AppleWebKit/537.36 (KHTML, like Gecko)"}
{"ts":"2026-06-21T19:47:14.692Z","level":"info","message":"GET / 304 167ms","ip":"::1","userId":"0c544294-e96b-4556-a5b2-a9af18dfcdcc","userAgent":"Mozilla/5.0 (Windows NT 10.0; Win64; x64) AppleWebKit/537.36 (KHTML, like Gecko)"}
{"ts":"2026-06-21T19:47:14.803Z","level":"info","message":"GET /pending/all 304 232ms","ip":"::1","userId":"0c544294-e96b-4556-a5b2-a9af18dfcdcc","userAgent":"Mozilla/5.0 (Windows NT 10.0; Win64; x64) AppleWebKit/537.36 (KHTML, like Gecko)"}
{"ts":"2026-06-21T19:47:15.231Z","level":"info","message":"GET / 304 142ms","ip":"::1","userId":"0c544294-e96b-4556-a5b2-a9af18dfcdcc","userAgent":"Mozilla/5.0 (Windows NT 10.0; Win64; x64) AppleWebKit/537.36 (KHTML, like Gecko)"}
{"ts":"2026-06-21T19:47:15.242Z","level":"info","message":"GET / 304 154ms","ip":"::1","userId":"0c544294-e96b-4556-a5b2-a9af18dfcdcc","userAgent":"Mozilla/5.0 (Windows NT 10.0; Win64; x64) AppleWebKit/537.36 (KHTML, like Gecko)"}
{"ts":"2026-06-21T19:47:15.370Z","level":"info","message":"GET / 304 136ms","ip":"::1","userId":"0c544294-e96b-4556-a5b2-a9af18dfcdcc","userAgent":"Mozilla/5.0 (Windows NT 10.0; Win64; x64) AppleWebKit/537.36 (KHTML, like Gecko)"}
{"ts":"2026-06-21T19:47:15.381Z","level":"info","message":"GET / 304 137ms","ip":"::1","userId":"0c544294-e96b-4556-a5b2-a9af18dfcdcc","userAgent":"Mozilla/5.0 (Windows NT 10.0; Win64; x64) AppleWebKit/537.36 (KHTML, like Gecko)"}
{"ts":"2026-06-21T19:47:19.283Z","level":"info","message":"GET /pending/all 304 203ms","ip":"::1","userId":"0c544294-e96b-4556-a5b2-a9af18dfcdcc","userAgent":"Mozilla/5.0 (Windows NT 10.0; Win64; x64) AppleWebKit/537.36 (KHTML, like Gecko)"}
{"ts":"2026-06-21T19:47:19.431Z","level":"info","message":"GET /stats 304 349ms","ip":"::1","userId":"0c544294-e96b-4556-a5b2-a9af18dfcdcc","userAgent":"Mozilla/5.0 (Windows NT 10.0; Win64; x64) AppleWebKit/537.36 (KHTML, like Gecko)"}
{"ts":"2026-06-21T19:47:19.491Z","level":"info","message":"GET /profit 304 402ms","ip":"::1","userId":"0c544294-e96b-4556-a5b2-a9af18dfcdcc","userAgent":"Mozilla/5.0 (Windows NT 10.0; Win64; x64) AppleWebKit/537.36 (KHTML, like Gecko)"}
{"ts":"2026-06-21T19:47:19.501Z","level":"info","message":"GET / 304 414ms","ip":"::1","userId":"0c544294-e96b-4556-a5b2-a9af18dfcdcc","userAgent":"Mozilla/5.0 (Windows NT 10.0; Win64; x64) AppleWebKit/537.36 (KHTML, like Gecko)"}
{"ts":"2026-06-21T19:47:19.525Z","level":"info","message":"GET /visits 304 433ms","ip":"::1","userId":"0c544294-e96b-4556-a5b2-a9af18dfcdcc","userAgent":"Mozilla/5.0 (Windows NT 10.0; Win64; x64) AppleWebKit/537.36 (KHTML, like Gecko)"}
{"ts":"2026-06-21T19:47:19.540Z","level":"info","message":"GET /pending/all 304 254ms","ip":"::1","userId":"0c544294-e96b-4556-a5b2-a9af18dfcdcc","userAgent":"Mozilla/5.0 (Windows NT 10.0; Win64; x64) AppleWebKit/537.36 (KHTML, like Gecko)"}
{"ts":"2026-06-21T19:47:19.597Z","level":"info","message":"GET / 304 93ms","ip":"::1","userId":"0c544294-e96b-4556-a5b2-a9af18dfcdcc","userAgent":"Mozilla/5.0 (Windows NT 10.0; Win64; x64) AppleWebKit/537.36 (KHTML, like Gecko)"}
{"ts":"2026-06-21T19:47:19.602Z","level":"info","message":"GET /profit 304 109ms","ip":"::1","userId":"0c544294-e96b-4556-a5b2-a9af18dfcdcc","userAgent":"Mozilla/5.0 (Windows NT 10.0; Win64; x64) AppleWebKit/537.36 (KHTML, like Gecko)"}
{"ts":"2026-06-21T19:47:19.612Z","level":"info","message":"GET /stats 304 178ms","ip":"::1","userId":"0c544294-e96b-4556-a5b2-a9af18dfcdcc","userAgent":"Mozilla/5.0 (Windows NT 10.0; Win64; x64) AppleWebKit/537.36 (KHTML, like Gecko)"}
{"ts":"2026-06-21T19:47:19.616Z","level":"info","message":"GET /visits 304 89ms","ip":"::1","userId":"0c544294-e96b-4556-a5b2-a9af18dfcdcc","userAgent":"Mozilla/5.0 (Windows NT 10.0; Win64; x64) AppleWebKit/537.36 (KHTML, like Gecko)"}
{"ts":"2026-06-21T19:47:27.166Z","level":"info","message":"GET /pending/all 304 215ms","ip":"::1","userId":"0c544294-e96b-4556-a5b2-a9af18dfcdcc","userAgent":"Mozilla/5.0 (Windows NT 10.0; Win64; x64) AppleWebKit/537.36 (KHTML, like Gecko)"}
{"ts":"2026-06-21T19:47:27.256Z","level":"info","message":"GET /pending/all 304 88ms","ip":"::1","userId":"0c544294-e96b-4556-a5b2-a9af18dfcdcc","userAgent":"Mozilla/5.0 (Windows NT 10.0; Win64; x64) AppleWebKit/537.36 (KHTML, like Gecko)"}
{"ts":"2026-06-21T19:47:55.806Z","level":"info","message":"GET /pending/all 304 999ms","ip":"::1","userId":"0c544294-e96b-4556-a5b2-a9af18dfcdcc","userAgent":"Mozilla/5.0 (Windows NT 10.0; Win64; x64) AppleWebKit/537.36 (KHTML, like Gecko)"}
{"ts":"2026-06-21T19:47:56.652Z","level":"info","message":"PATCH /pending/2c76a84e-6722-4c01-9837-782763f5a5e9/collect 200 840ms","ip":"::1","userId":"0c544294-e96b-4556-a5b2-a9af18dfcdcc","userAgent":"Mozilla/5.0 (Windows NT 10.0; Win64; x64) AppleWebKit/537.36 (KHTML, like Gecko)"}
{"ts":"2026-06-21T19:47:56.885Z","level":"info","message":"GET /pending/all 200 231ms","ip":"::1","userId":"0c544294-e96b-4556-a5b2-a9af18dfcdcc","userAgent":"Mozilla/5.0 (Windows NT 10.0; Win64; x64) AppleWebKit/537.36 (KHTML, like Gecko)"}
{"ts":"2026-06-21T19:48:53.843Z","level":"info","message":"GET /pending/all 304 855ms","ip":"::1","userId":"0c544294-e96b-4556-a5b2-a9af18dfcdcc","userAgent":"Mozilla/5.0 (Windows NT 10.0; Win64; x64) AppleWebKit/537.36 (KHTML, like Gecko)"}
{"ts":"2026-06-21T19:48:54.667Z","level":"info","message":"PATCH /pending/2c76a84e-6722-4c01-9837-782763f5a5e9/collect 200 820ms","ip":"::1","userId":"0c544294-e96b-4556-a5b2-a9af18dfcdcc","userAgent":"Mozilla/5.0 (Windows NT 10.0; Win64; x64) AppleWebKit/537.36 (KHTML, like Gecko)"}
{"ts":"2026-06-21T19:48:55.079Z","level":"info","message":"GET /pending/all 200 407ms","ip":"::1","userId":"0c544294-e96b-4556-a5b2-a9af18dfcdcc","userAgent":"Mozilla/5.0 (Windows NT 10.0; Win64; x64) AppleWebKit/537.36 (KHTML, like Gecko)"}
{"ts":"2026-06-21T19:49:13.019Z","level":"warn","message":"GET /api/reports/reminder_logs 404 1ms","ip":"::1","userAgent":"Mozilla/5.0 (Windows NT 10.0; Win64; x64) AppleWebKit/537.36 (KHTML, like Gecko)"}
{"ts":"2026-06-21T19:49:13.021Z","level":"warn","message":"GET /api/reports/reminder_logs 404 0ms","ip":"::1","userAgent":"Mozilla/5.0 (Windows NT 10.0; Win64; x64) AppleWebKit/537.36 (KHTML, like Gecko)"}
{"ts":"2026-06-21T19:49:13.297Z","level":"info","message":"GET /pending/all 304 281ms","ip":"::1","userId":"0c544294-e96b-4556-a5b2-a9af18dfcdcc","userAgent":"Mozilla/5.0 (Windows NT 10.0; Win64; x64) AppleWebKit/537.36 (KHTML, like Gecko)"}
{"ts":"2026-06-21T19:49:13.482Z","level":"info","message":"GET /pending/all 304 184ms","ip":"::1","userId":"0c544294-e96b-4556-a5b2-a9af18dfcdcc","userAgent":"Mozilla/5.0 (Windows NT 10.0; Win64; x64) AppleWebKit/537.36 (KHTML, like Gecko)"}
{"ts":"2026-06-21T19:56:58.599Z","level":"info","message":"GET / 304 898ms","ip":"::1","userId":"0c544294-e96b-4556-a5b2-a9af18dfcdcc","userAgent":"Mozilla/5.0 (Windows NT 10.0; Win64; x64) AppleWebKit/537.36 (KHTML, like Gecko)"}
{"ts":"2026-06-21T19:56:59.214Z","level":"info","message":"GET / 304 614ms","ip":"::1","userId":"0c544294-e96b-4556-a5b2-a9af18dfcdcc","userAgent":"Mozilla/5.0 (Windows NT 10.0; Win64; x64) AppleWebKit/537.36 (KHTML, like Gecko)"}
{"ts":"2026-06-21T19:57:02.383Z","level":"info","message":"GET / 304 372ms","ip":"::1","userId":"0c544294-e96b-4556-a5b2-a9af18dfcdcc","userAgent":"Mozilla/5.0 (Windows NT 10.0; Win64; x64) AppleWebKit/537.36 (KHTML, like Gecko)"}
{"ts":"2026-06-21T19:57:02.780Z","level":"info","message":"GET / 304 394ms","ip":"::1","userId":"0c544294-e96b-4556-a5b2-a9af18dfcdcc","userAgent":"Mozilla/5.0 (Windows NT 10.0; Win64; x64) AppleWebKit/537.36 (KHTML, like Gecko)"}
{"ts":"2026-06-21T19:57:02.783Z","level":"info","message":"GET /pending/all 304 770ms","ip":"::1","userId":"0c544294-e96b-4556-a5b2-a9af18dfcdcc","userAgent":"Mozilla/5.0 (Windows NT 10.0; Win64; x64) AppleWebKit/537.36 (KHTML, like Gecko)"}
{"ts":"2026-06-21T19:57:03.611Z","level":"info","message":"GET /pending/all 304 826ms","ip":"::1","userId":"0c544294-e96b-4556-a5b2-a9af18dfcdcc","userAgent":"Mozilla/5.0 (Windows NT 10.0; Win64; x64) AppleWebKit/537.36 (KHTML, like Gecko)"}
{"ts":"2026-06-21T19:57:03.620Z","level":"info","message":"GET / 304 174ms","ip":"::1","userId":"0c544294-e96b-4556-a5b2-a9af18dfcdcc","userAgent":"Mozilla/5.0 (Windows NT 10.0; Win64; x64) AppleWebKit/537.36 (KHTML, like Gecko)"}
{"ts":"2026-06-21T19:57:03.778Z","level":"info","message":"GET / 304 157ms","ip":"::1","userId":"0c544294-e96b-4556-a5b2-a9af18dfcdcc","userAgent":"Mozilla/5.0 (Windows NT 10.0; Win64; x64) AppleWebKit/537.36 (KHTML, like Gecko)"}
{"ts":"2026-06-21T19:57:04.167Z","level":"info","message":"GET / 304 187ms","ip":"::1","userId":"0c544294-e96b-4556-a5b2-a9af18dfcdcc","userAgent":"Mozilla/5.0 (Windows NT 10.0; Win64; x64) AppleWebKit/537.36 (KHTML, like Gecko)"}
{"ts":"2026-06-21T19:57:04.179Z","level":"info","message":"GET / 304 201ms","ip":"::1","userId":"0c544294-e96b-4556-a5b2-a9af18dfcdcc","userAgent":"Mozilla/5.0 (Windows NT 10.0; Win64; x64) AppleWebKit/537.36 (KHTML, like Gecko)"}
{"ts":"2026-06-21T19:57:04.321Z","level":"info","message":"GET / 304 152ms","ip":"::1","userId":"0c544294-e96b-4556-a5b2-a9af18dfcdcc","userAgent":"Mozilla/5.0 (Windows NT 10.0; Win64; x64) AppleWebKit/537.36 (KHTML, like Gecko)"}
{"ts":"2026-06-21T19:57:04.344Z","level":"info","message":"GET / 304 162ms","ip":"::1","userId":"0c544294-e96b-4556-a5b2-a9af18dfcdcc","userAgent":"Mozilla/5.0 (Windows NT 10.0; Win64; x64) AppleWebKit/537.36 (KHTML, like Gecko)"}
{"ts":"2026-06-21T19:57:10.834Z","level":"info","message":"POST /login 200 625ms","ip":"::1","userAgent":"Mozilla/5.0 (Windows NT 10.0; Win64; x64) AppleWebKit/537.36 (KHTML, like Gecko)"}
{"ts":"2026-06-21T19:57:11.218Z","level":"info","message":"GET /visits 304 359ms","ip":"::1","userId":"f437545e-506c-4352-8e9b-cd44eaf5218b","userAgent":"Mozilla/5.0 (Windows NT 10.0; Win64; x64) AppleWebKit/537.36 (KHTML, like Gecko)"}
{"ts":"2026-06-21T19:57:11.272Z","level":"info","message":"GET /pending/all 304 424ms","ip":"::1","userId":"f437545e-506c-4352-8e9b-cd44eaf5218b","userAgent":"Mozilla/5.0 (Windows NT 10.0; Win64; x64) AppleWebKit/537.36 (KHTML, like Gecko)"}
{"ts":"2026-06-21T19:57:11.277Z","level":"info","message":"GET / 200 422ms","ip":"::1","userId":"f437545e-506c-4352-8e9b-cd44eaf5218b","userAgent":"Mozilla/5.0 (Windows NT 10.0; Win64; x64) AppleWebKit/537.36 (KHTML, like Gecko)"}
{"ts":"2026-06-21T19:57:11.305Z","level":"info","message":"GET /profit 200 454ms","ip":"::1","userId":"f437545e-506c-4352-8e9b-cd44eaf5218b","userAgent":"Mozilla/5.0 (Windows NT 10.0; Win64; x64) AppleWebKit/537.36 (KHTML, like Gecko)"}
{"ts":"2026-06-21T19:57:11.307Z","level":"info","message":"GET /stats 200 464ms","ip":"::1","userId":"f437545e-506c-4352-8e9b-cd44eaf5218b","userAgent":"Mozilla/5.0 (Windows NT 10.0; Win64; x64) AppleWebKit/537.36 (KHTML, like Gecko)"}
{"ts":"2026-06-21T19:57:11.340Z","level":"info","message":"GET /visits 304 121ms","ip":"::1","userId":"f437545e-506c-4352-8e9b-cd44eaf5218b","userAgent":"Mozilla/5.0 (Windows NT 10.0; Win64; x64) AppleWebKit/537.36 (KHTML, like Gecko)"}
{"ts":"2026-06-21T19:57:11.593Z","level":"info","message":"GET /pending/all 304 319ms","ip":"::1","userId":"f437545e-506c-4352-8e9b-cd44eaf5218b","userAgent":"Mozilla/5.0 (Windows NT 10.0; Win64; x64) AppleWebKit/537.36 (KHTML, like Gecko)"}
{"ts":"2026-06-21T19:57:11.594Z","level":"info","message":"GET /profit 304 286ms","ip":"::1","userId":"f437545e-506c-4352-8e9b-cd44eaf5218b","userAgent":"Mozilla/5.0 (Windows NT 10.0; Win64; x64) AppleWebKit/537.36 (KHTML, like Gecko)"}
{"ts":"2026-06-21T19:57:11.693Z","level":"info","message":"GET / 304 415ms","ip":"::1","userId":"f437545e-506c-4352-8e9b-cd44eaf5218b","userAgent":"Mozilla/5.0 (Windows NT 10.0; Win64; x64) AppleWebKit/537.36 (KHTML, like Gecko)"}
{"ts":"2026-06-21T19:57:11.783Z","level":"info","message":"GET /stats 304 473ms","ip":"::1","userId":"f437545e-506c-4352-8e9b-cd44eaf5218b","userAgent":"Mozilla/5.0 (Windows NT 10.0; Win64; x64) AppleWebKit/537.36 (KHTML, like Gecko)"}
{"ts":"2026-06-21T19:57:14.412Z","level":"info","message":"GET /pending/all 304 118ms","ip":"::1","userId":"f437545e-506c-4352-8e9b-cd44eaf5218b","userAgent":"Mozilla/5.0 (Windows NT 10.0; Win64; x64) AppleWebKit/537.36 (KHTML, like Gecko)"}
{"ts":"2026-06-21T19:57:14.419Z","level":"info","message":"GET / 304 123ms","ip":"::1","userId":"f437545e-506c-4352-8e9b-cd44eaf5218b","userAgent":"Mozilla/5.0 (Windows NT 10.0; Win64; x64) AppleWebKit/537.36 (KHTML, like Gecko)"}
{"ts":"2026-06-21T19:57:14.505Z","level":"info","message":"GET / 304 84ms","ip":"::1","userId":"f437545e-506c-4352-8e9b-cd44eaf5218b","userAgent":"Mozilla/5.0 (Windows NT 10.0; Win64; x64) AppleWebKit/537.36 (KHTML, like Gecko)"}
{"ts":"2026-06-21T19:57:14.510Z","level":"info","message":"GET /pending/all 304 95ms","ip":"::1","userId":"f437545e-506c-4352-8e9b-cd44eaf5218b","userAgent":"Mozilla/5.0 (Windows NT 10.0; Win64; x64) AppleWebKit/537.36 (KHTML, like Gecko)"}
{"ts":"2026-06-21T19:57:14.955Z","level":"info","message":"GET / 304 137ms","ip":"::1","userId":"f437545e-506c-4352-8e9b-cd44eaf5218b","userAgent":"Mozilla/5.0 (Windows NT 10.0; Win64; x64) AppleWebKit/537.36 (KHTML, like Gecko)"}
{"ts":"2026-06-21T19:57:14.960Z","level":"info","message":"GET / 304 145ms","ip":"::1","userId":"f437545e-506c-4352-8e9b-cd44eaf5218b","userAgent":"Mozilla/5.0 (Windows NT 10.0; Win64; x64) AppleWebKit/537.36 (KHTML, like Gecko)"}
{"ts":"2026-06-21T19:57:15.049Z","level":"info","message":"GET / 304 91ms","ip":"::1","userId":"f437545e-506c-4352-8e9b-cd44eaf5218b","userAgent":"Mozilla/5.0 (Windows NT 10.0; Win64; x64) AppleWebKit/537.36 (KHTML, like Gecko)"}
{"ts":"2026-06-21T19:57:15.056Z","level":"info","message":"GET / 304 94ms","ip":"::1","userId":"f437545e-506c-4352-8e9b-cd44eaf5218b","userAgent":"Mozilla/5.0 (Windows NT 10.0; Win64; x64) AppleWebKit/537.36 (KHTML, like Gecko)"}
{"ts":"2026-06-21T19:57:18.043Z","level":"info","message":"GET / 304 1493ms","ip":"::1","userId":"f437545e-506c-4352-8e9b-cd44eaf5218b","userAgent":"Mozilla/5.0 (Windows NT 10.0; Win64; x64) AppleWebKit/537.36 (KHTML, like Gecko)"}
{"ts":"2026-06-21T19:57:18.226Z","level":"info","message":"GET / 304 181ms","ip":"::1","userId":"f437545e-506c-4352-8e9b-cd44eaf5218b","userAgent":"Mozilla/5.0 (Windows NT 10.0; Win64; x64) AppleWebKit/537.36 (KHTML, like Gecko)"}
{"ts":"2026-06-21T19:57:18.324Z","level":"info","message":"GET / 304 95ms","ip":"::1","userId":"f437545e-506c-4352-8e9b-cd44eaf5218b","userAgent":"Mozilla/5.0 (Windows NT 10.0; Win64; x64) AppleWebKit/537.36 (KHTML, like Gecko)"}
{"ts":"2026-06-21T19:57:18.460Z","level":"info","message":"GET / 304 134ms","ip":"::1","userId":"f437545e-506c-4352-8e9b-cd44eaf5218b","userAgent":"Mozilla/5.0 (Windows NT 10.0; Win64; x64) AppleWebKit/537.36 (KHTML, like Gecko)"}
{"ts":"2026-06-21T19:57:18.555Z","level":"info","message":"GET / 304 92ms","ip":"::1","userId":"f437545e-506c-4352-8e9b-cd44eaf5218b","userAgent":"Mozilla/5.0 (Windows NT 10.0; Win64; x64) AppleWebKit/537.36 (KHTML, like Gecko)"}
{"ts":"2026-06-21T19:57:18.652Z","level":"info","message":"GET / 304 95ms","ip":"::1","userId":"f437545e-506c-4352-8e9b-cd44eaf5218b","userAgent":"Mozilla/5.0 (Windows NT 10.0; Win64; x64) AppleWebKit/537.36 (KHTML, like Gecko)"}
{"ts":"2026-06-21T19:57:19.603Z","level":"info","message":"GET /visits 304 3501ms","ip":"::1","userId":"f437545e-506c-4352-8e9b-cd44eaf5218b","userAgent":"Mozilla/5.0 (Windows NT 10.0; Win64; x64) AppleWebKit/537.36 (KHTML, like Gecko)"}
{"ts":"2026-06-21T19:57:19.616Z","level":"info","message":"GET /pending/all 304 3520ms","ip":"::1","userId":"f437545e-506c-4352-8e9b-cd44eaf5218b","userAgent":"Mozilla/5.0 (Windows NT 10.0; Win64; x64) AppleWebKit/537.36 (KHTML, like Gecko)"}
{"ts":"2026-06-21T19:57:19.626Z","level":"info","message":"GET / 304 3532ms","ip":"::1","userId":"f437545e-506c-4352-8e9b-cd44eaf5218b","userAgent":"Mozilla/5.0 (Windows NT 10.0; Win64; x64) AppleWebKit/537.36 (KHTML, like Gecko)"}
{"ts":"2026-06-21T19:57:19.634Z","level":"info","message":"GET /stats 304 3546ms","ip":"::1","userId":"f437545e-506c-4352-8e9b-cd44eaf5218b","userAgent":"Mozilla/5.0 (Windows NT 10.0; Win64; x64) AppleWebKit/537.36 (KHTML, like Gecko)"}
{"ts":"2026-06-21T19:57:19.643Z","level":"info","message":"GET /profit 304 3546ms","ip":"::1","userId":"f437545e-506c-4352-8e9b-cd44eaf5218b","userAgent":"Mozilla/5.0 (Windows NT 10.0; Win64; x64) AppleWebKit/537.36 (KHTML, like Gecko)"}
{"ts":"2026-06-21T19:57:19.710Z","level":"info","message":"GET /visits 304 105ms","ip":"::1","userId":"f437545e-506c-4352-8e9b-cd44eaf5218b","userAgent":"Mozilla/5.0 (Windows NT 10.0; Win64; x64) AppleWebKit/537.36 (KHTML, like Gecko)"}
{"ts":"2026-06-21T19:57:19.818Z","level":"info","message":"GET /profit 304 172ms","ip":"::1","userId":"f437545e-506c-4352-8e9b-cd44eaf5218b","userAgent":"Mozilla/5.0 (Windows NT 10.0; Win64; x64) AppleWebKit/537.36 (KHTML, like Gecko)"}
{"ts":"2026-06-21T19:57:19.819Z","level":"info","message":"GET /pending/all 304 201ms","ip":"::1","userId":"f437545e-506c-4352-8e9b-cd44eaf5218b","userAgent":"Mozilla/5.0 (Windows NT 10.0; Win64; x64) AppleWebKit/537.36 (KHTML, like Gecko)"}
{"ts":"2026-06-21T19:57:19.928Z","level":"info","message":"GET /pending/all 304 107ms","ip":"::1","userId":"f437545e-506c-4352-8e9b-cd44eaf5218b","userAgent":"Mozilla/5.0 (Windows NT 10.0; Win64; x64) AppleWebKit/537.36 (KHTML, like Gecko)"}
{"ts":"2026-06-21T19:57:19.931Z","level":"info","message":"GET /stats 304 294ms","ip":"::1","userId":"f437545e-506c-4352-8e9b-cd44eaf5218b","userAgent":"Mozilla/5.0 (Windows NT 10.0; Win64; x64) AppleWebKit/537.36 (KHTML, like Gecko)"}
{"ts":"2026-06-21T19:57:19.943Z","level":"info","message":"GET / 304 314ms","ip":"::1","userId":"f437545e-506c-4352-8e9b-cd44eaf5218b","userAgent":"Mozilla/5.0 (Windows NT 10.0; Win64; x64) AppleWebKit/537.36 (KHTML, like Gecko)"}
{"ts":"2026-06-21T19:57:20.039Z","level":"info","message":"GET /pending/all 304 109ms","ip":"::1","userId":"f437545e-506c-4352-8e9b-cd44eaf5218b","userAgent":"Mozilla/5.0 (Windows NT 10.0; Win64; x64) AppleWebKit/537.36 (KHTML, like Gecko)"}
{"ts":"2026-06-21T19:57:20.779Z","level":"info","message":"GET / 304 112ms","ip":"::1","userId":"f437545e-506c-4352-8e9b-cd44eaf5218b","userAgent":"Mozilla/5.0 (Windows NT 10.0; Win64; x64) AppleWebKit/537.36 (KHTML, like Gecko)"}
{"ts":"2026-06-21T19:57:20.807Z","level":"info","message":"GET / 304 138ms","ip":"::1","userId":"f437545e-506c-4352-8e9b-cd44eaf5218b","userAgent":"Mozilla/5.0 (Windows NT 10.0; Win64; x64) AppleWebKit/537.36 (KHTML, like Gecko)"}
{"ts":"2026-06-21T19:57:20.931Z","level":"info","message":"GET / 304 150ms","ip":"::1","userId":"f437545e-506c-4352-8e9b-cd44eaf5218b","userAgent":"Mozilla/5.0 (Windows NT 10.0; Win64; x64) AppleWebKit/537.36 (KHTML, like Gecko)"}
{"ts":"2026-06-21T19:57:20.937Z","level":"info","message":"GET / 304 127ms","ip":"::1","userId":"f437545e-506c-4352-8e9b-cd44eaf5218b","userAgent":"Mozilla/5.0 (Windows NT 10.0; Win64; x64) AppleWebKit/537.36 (KHTML, like Gecko)"}
{"ts":"2026-06-21T20:02:50.001Z","level":"info","message":"GET /pending/all 304 892ms","ip":"::1","userId":"f437545e-506c-4352-8e9b-cd44eaf5218b","userAgent":"Mozilla/5.0 (Windows NT 10.0; Win64; x64) AppleWebKit/537.36 (KHTML, like Gecko)"}
{"ts":"2026-06-21T20:02:50.011Z","level":"info","message":"GET / 304 905ms","ip":"::1","userId":"f437545e-506c-4352-8e9b-cd44eaf5218b","userAgent":"Mozilla/5.0 (Windows NT 10.0; Win64; x64) AppleWebKit/537.36 (KHTML, like Gecko)"}
{"ts":"2026-06-21T20:02:50.274Z","level":"info","message":"GET / 304 261ms","ip":"::1","userId":"f437545e-506c-4352-8e9b-cd44eaf5218b","userAgent":"Mozilla/5.0 (Windows NT 10.0; Win64; x64) AppleWebKit/537.36 (KHTML, like Gecko)"}
{"ts":"2026-06-21T20:02:50.279Z","level":"info","message":"GET /pending/all 304 274ms","ip":"::1","userId":"f437545e-506c-4352-8e9b-cd44eaf5218b","userAgent":"Mozilla/5.0 (Windows NT 10.0; Win64; x64) AppleWebKit/537.36 (KHTML, like Gecko)"}
{"ts":"2026-06-21T20:03:49.752Z","level":"info","message":"GET / 304 611ms","ip":"::1","userId":"f437545e-506c-4352-8e9b-cd44eaf5218b","userAgent":"Mozilla/5.0 (Windows NT 10.0; Win64; x64) AppleWebKit/537.36 (KHTML, like Gecko)"}
{"ts":"2026-06-21T20:03:49.763Z","level":"info","message":"GET / 304 623ms","ip":"::1","userId":"f437545e-506c-4352-8e9b-cd44eaf5218b","userAgent":"Mozilla/5.0 (Windows NT 10.0; Win64; x64) AppleWebKit/537.36 (KHTML, like Gecko)"}
{"ts":"2026-06-21T20:03:49.919Z","level":"info","message":"GET / 304 163ms","ip":"::1","userId":"f437545e-506c-4352-8e9b-cd44eaf5218b","userAgent":"Mozilla/5.0 (Windows NT 10.0; Win64; x64) AppleWebKit/537.36 (KHTML, like Gecko)"}
{"ts":"2026-06-21T20:03:49.939Z","level":"info","message":"GET / 304 175ms","ip":"::1","userId":"f437545e-506c-4352-8e9b-cd44eaf5218b","userAgent":"Mozilla/5.0 (Windows NT 10.0; Win64; x64) AppleWebKit/537.36 (KHTML, like Gecko)"}
{"ts":"2026-06-21T20:03:51.756Z","level":"info","message":"GET /pending/all 304 260ms","ip":"::1","userId":"f437545e-506c-4352-8e9b-cd44eaf5218b","userAgent":"Mozilla/5.0 (Windows NT 10.0; Win64; x64) AppleWebKit/537.36 (KHTML, like Gecko)"}
{"ts":"2026-06-21T20:03:51.913Z","level":"info","message":"GET /pending/all 304 155ms","ip":"::1","userId":"f437545e-506c-4352-8e9b-cd44eaf5218b","userAgent":"Mozilla/5.0 (Windows NT 10.0; Win64; x64) AppleWebKit/537.36 (KHTML, like Gecko)"}
{"ts":"2026-06-21T20:03:54.398Z","level":"info","message":"GET /pending/all 304 235ms","ip":"::1","userId":"f437545e-506c-4352-8e9b-cd44eaf5218b","userAgent":"Mozilla/5.0 (Windows NT 10.0; Win64; x64) AppleWebKit/537.36 (KHTML, like Gecko)"}
{"ts":"2026-06-21T20:03:54.433Z","level":"info","message":"GET / 304 269ms","ip":"::1","userId":"f437545e-506c-4352-8e9b-cd44eaf5218b","userAgent":"Mozilla/5.0 (Windows NT 10.0; Win64; x64) AppleWebKit/537.36 (KHTML, like Gecko)"}
{"ts":"2026-06-21T20:03:54.855Z","level":"info","message":"GET / 304 419ms","ip":"::1","userId":"f437545e-506c-4352-8e9b-cd44eaf5218b","userAgent":"Mozilla/5.0 (Windows NT 10.0; Win64; x64) AppleWebKit/537.36 (KHTML, like Gecko)"}
{"ts":"2026-06-21T20:03:54.889Z","level":"info","message":"GET /pending/all 304 489ms","ip":"::1","userId":"f437545e-506c-4352-8e9b-cd44eaf5218b","userAgent":"Mozilla/5.0 (Windows NT 10.0; Win64; x64) AppleWebKit/537.36 (KHTML, like Gecko)"}
{"ts":"2026-06-21T20:03:55.812Z","level":"info","message":"GET / 304 144ms","ip":"::1","userId":"f437545e-506c-4352-8e9b-cd44eaf5218b","userAgent":"Mozilla/5.0 (Windows NT 10.0; Win64; x64) AppleWebKit/537.36 (KHTML, like Gecko)"}
{"ts":"2026-06-21T20:03:55.821Z","level":"info","message":"GET / 304 152ms","ip":"::1","userId":"f437545e-506c-4352-8e9b-cd44eaf5218b","userAgent":"Mozilla/5.0 (Windows NT 10.0; Win64; x64) AppleWebKit/537.36 (KHTML, like Gecko)"}
{"ts":"2026-06-21T20:03:55.961Z","level":"info","message":"GET / 304 147ms","ip":"::1","userId":"f437545e-506c-4352-8e9b-cd44eaf5218b","userAgent":"Mozilla/5.0 (Windows NT 10.0; Win64; x64) AppleWebKit/537.36 (KHTML, like Gecko)"}
{"ts":"2026-06-21T20:03:55.968Z","level":"info","message":"GET / 304 146ms","ip":"::1","userId":"f437545e-506c-4352-8e9b-cd44eaf5218b","userAgent":"Mozilla/5.0 (Windows NT 10.0; Win64; x64) AppleWebKit/537.36 (KHTML, like Gecko)"}
{"ts":"2026-06-21T20:04:09.983Z","level":"info","message":"POST / 201 2753ms","ip":"::1","userId":"f437545e-506c-4352-8e9b-cd44eaf5218b","userAgent":"Mozilla/5.0 (Windows NT 10.0; Win64; x64) AppleWebKit/537.36 (KHTML, like Gecko)"}
{"ts":"2026-06-21T20:04:34.102Z","level":"info","message":"POST / 201 2827ms","ip":"::1","userId":"f437545e-506c-4352-8e9b-cd44eaf5218b","userAgent":"Mozilla/5.0 (Windows NT 10.0; Win64; x64) AppleWebKit/537.36 (KHTML, like Gecko)"}
{"ts":"2026-06-21T20:30:00.107Z","level":"info","message":"Running scheduled backup..."}
{"ts":"2026-06-21T20:30:00.109Z","level":"info","message":"Starting backup: backups\\pos_backup_2026-06-22_02-00"}
{"ts":"2026-06-21T20:30:01.376Z","level":"info","message":"  Backed up customers: 4 rows"}
{"ts":"2026-06-21T20:30:01.651Z","level":"info","message":"  Backed up products: 6 rows"}
{"ts":"2026-06-21T20:30:01.837Z","level":"info","message":"  Backed up bills: 34 rows"}
{"ts":"2026-06-21T20:30:02.047Z","level":"info","message":"  Backed up bill_items: 81 rows"}
{"ts":"2026-06-21T20:30:02.349Z","level":"info","message":"  Backed up pending_payments: 10 rows"}
{"ts":"2026-06-21T20:30:02.654Z","level":"warn","message":"Skipping table payment_history: column payment_history.created_at does not exist"}
{"ts":"2026-06-21T20:30:02.855Z","level":"warn","message":"Skipping table reminders_log: column reminders_log.created_at does not exist"}
{"ts":"2026-06-21T20:30:03.269Z","level":"info","message":"  Backed up customer_visits: 12 rows"}
{"ts":"2026-06-21T20:30:03.670Z","level":"info","message":"  Backed up audit_log: 135 rows"}
{"ts":"2026-06-21T20:30:03.686Z","level":"info","message":"Backup complete: 282 total rows"}
{"ts":"2026-06-21T20:30:03.690Z","level":"info","message":"Scheduled backup complete","timestamp":"2026-06-21T20:30:00.111Z","tables":{"customers":4,"products":6,"bills":34,"bill_items":81,"pending_payments":10,"customer_visits":12,"audit_log":135},"totalRows":282,"backupPath":"backups\\pos_backup_2026-06-22_02-00"}
