{"ts":"2026-07-19T15:20:14.404Z","level":"info","message":"Backup scheduled: 0 2 * * *"}
{"ts":"2026-07-19T15:20:14.407Z","level":"info","message":"🚀 POS Server running on port 3001"}
{"ts":"2026-07-19T15:20:14.407Z","level":"info","message":"   Environment: development"}
{"ts":"2026-07-19T15:20:14.407Z","level":"info","message":"   Client URL:  http://localhost:5173"}
{"ts":"2026-07-19T15:20:16.043Z","level":"info","message":"Backup scheduled: 0 2 * * *"}
{"ts":"2026-07-19T15:20:16.046Z","level":"info","message":"🚀 POS Server running on port 3001"}
{"ts":"2026-07-19T15:20:16.046Z","level":"info","message":"   Environment: development"}
{"ts":"2026-07-19T15:20:16.046Z","level":"info","message":"   Client URL:  http://localhost:5173"}
{"ts":"2026-07-19T15:24:02.252Z","level":"error","message":"Auth middleware error","error":"jwt expired"}
{"ts":"2026-07-19T15:24:02.257Z","level":"warn","message":"GET /stats 401 8ms","ip":"::1","userAgent":"Mozilla/5.0 (Windows NT 10.0; Win64; x64) AppleWebKit/537.36 (KHTML, like Gecko)"}
{"ts":"2026-07-19T15:24:02.258Z","level":"error","message":"Auth middleware error","error":"jwt expired"}
{"ts":"2026-07-19T15:24:02.258Z","level":"warn","message":"GET / 401 0ms","ip":"::1","userAgent":"Mozilla/5.0 (Windows NT 10.0; Win64; x64) AppleWebKit/537.36 (KHTML, like Gecko)"}
{"ts":"2026-07-19T15:24:02.259Z","level":"error","message":"Auth middleware error","error":"jwt expired"}
{"ts":"2026-07-19T15:24:02.260Z","level":"warn","message":"GET /pending/all 401 1ms","ip":"::1","userAgent":"Mozilla/5.0 (Windows NT 10.0; Win64; x64) AppleWebKit/537.36 (KHTML, like Gecko)"}
{"ts":"2026-07-19T15:24:02.261Z","level":"error","message":"Auth middleware error","error":"jwt expired"}
{"ts":"2026-07-19T15:24:02.262Z","level":"warn","message":"GET /profit 401 1ms","ip":"::1","userAgent":"Mozilla/5.0 (Windows NT 10.0; Win64; x64) AppleWebKit/537.36 (KHTML, like Gecko)"}
{"ts":"2026-07-19T15:24:02.262Z","level":"error","message":"Auth middleware error","error":"jwt expired"}
{"ts":"2026-07-19T15:24:02.263Z","level":"warn","message":"GET /visits 401 1ms","ip":"::1","userAgent":"Mozilla/5.0 (Windows NT 10.0; Win64; x64) AppleWebKit/537.36 (KHTML, like Gecko)"}
{"ts":"2026-07-19T15:24:02.264Z","level":"error","message":"Auth middleware error","error":"jwt expired"}
{"ts":"2026-07-19T15:24:02.264Z","level":"warn","message":"GET /stats 401 1ms","ip":"::1","userAgent":"Mozilla/5.0 (Windows NT 10.0; Win64; x64) AppleWebKit/537.36 (KHTML, like Gecko)"}
{"ts":"2026-07-19T15:24:02.265Z","level":"error","message":"Auth middleware error","error":"jwt expired"}
{"ts":"2026-07-19T15:24:02.265Z","level":"warn","message":"GET / 401 1ms","ip":"::1","userAgent":"Mozilla/5.0 (Windows NT 10.0; Win64; x64) AppleWebKit/537.36 (KHTML, like Gecko)"}
{"ts":"2026-07-19T15:24:02.266Z","level":"error","message":"Auth middleware error","error":"jwt expired"}
{"ts":"2026-07-19T15:24:02.266Z","level":"warn","message":"GET /pending/all 401 1ms","ip":"::1","userAgent":"Mozilla/5.0 (Windows NT 10.0; Win64; x64) AppleWebKit/537.36 (KHTML, like Gecko)"}
{"ts":"2026-07-19T15:24:02.267Z","level":"error","message":"Auth middleware error","error":"jwt expired"}
{"ts":"2026-07-19T15:24:02.267Z","level":"warn","message":"GET /profit 401 1ms","ip":"::1","userAgent":"Mozilla/5.0 (Windows NT 10.0; Win64; x64) AppleWebKit/537.36 (KHTML, like Gecko)"}
{"ts":"2026-07-19T15:24:02.268Z","level":"error","message":"Auth middleware error","error":"jwt expired"}
{"ts":"2026-07-19T15:24:02.268Z","level":"warn","message":"GET /visits 401 0ms","ip":"::1","userAgent":"Mozilla/5.0 (Windows NT 10.0; Win64; x64) AppleWebKit/537.36 (KHTML, like Gecko)"}
{"ts":"2026-07-19T15:24:06.187Z","level":"error","message":"Auth middleware error","error":"jwt expired"}
{"ts":"2026-07-19T15:24:06.188Z","level":"warn","message":"GET /stats 401 2ms","ip":"::1","userAgent":"Mozilla/5.0 (Windows NT 10.0; Win64; x64) AppleWebKit/537.36 (KHTML, like Gecko)"}
{"ts":"2026-07-19T15:24:06.189Z","level":"error","message":"Auth middleware error","error":"jwt expired"}
{"ts":"2026-07-19T15:24:06.190Z","level":"warn","message":"GET / 401 1ms","ip":"::1","userAgent":"Mozilla/5.0 (Windows NT 10.0; Win64; x64) AppleWebKit/537.36 (KHTML, like Gecko)"}
{"ts":"2026-07-19T15:24:06.191Z","level":"error","message":"Auth middleware error","error":"jwt expired"}
{"ts":"2026-07-19T15:24:06.192Z","level":"warn","message":"GET /pending/all 401 1ms","ip":"::1","userAgent":"Mozilla/5.0 (Windows NT 10.0; Win64; x64) AppleWebKit/537.36 (KHTML, like Gecko)"}
{"ts":"2026-07-19T15:24:06.194Z","level":"error","message":"Auth middleware error","error":"jwt expired"}
{"ts":"2026-07-19T15:24:06.196Z","level":"warn","message":"GET /profit 401 2ms","ip":"::1","userAgent":"Mozilla/5.0 (Windows NT 10.0; Win64; x64) AppleWebKit/537.36 (KHTML, like Gecko)"}
{"ts":"2026-07-19T15:24:06.198Z","level":"error","message":"Auth middleware error","error":"jwt expired"}
{"ts":"2026-07-19T15:24:06.199Z","level":"warn","message":"GET /visits 401 2ms","ip":"::1","userAgent":"Mozilla/5.0 (Windows NT 10.0; Win64; x64) AppleWebKit/537.36 (KHTML, like Gecko)"}
{"ts":"2026-07-19T15:24:06.619Z","level":"error","message":"Auth middleware error","error":"jwt expired"}
{"ts":"2026-07-19T15:24:06.620Z","level":"warn","message":"GET /stats 401 1ms","ip":"::1","userAgent":"Mozilla/5.0 (Windows NT 10.0; Win64; x64) AppleWebKit/537.36 (KHTML, like Gecko)"}
{"ts":"2026-07-19T15:24:06.621Z","level":"error","message":"Auth middleware error","error":"jwt expired"}
{"ts":"2026-07-19T15:24:06.622Z","level":"warn","message":"GET / 401 1ms","ip":"::1","userAgent":"Mozilla/5.0 (Windows NT 10.0; Win64; x64) AppleWebKit/537.36 (KHTML, like Gecko)"}
{"ts":"2026-07-19T15:24:06.623Z","level":"error","message":"Auth middleware error","error":"jwt expired"}
{"ts":"2026-07-19T15:24:06.624Z","level":"warn","message":"GET /pending/all 401 1ms","ip":"::1","userAgent":"Mozilla/5.0 (Windows NT 10.0; Win64; x64) AppleWebKit/537.36 (KHTML, like Gecko)"}
{"ts":"2026-07-19T15:24:06.627Z","level":"error","message":"Auth middleware error","error":"jwt expired"}
{"ts":"2026-07-19T15:24:06.627Z","level":"warn","message":"GET /profit 401 1ms","ip":"::1","userAgent":"Mozilla/5.0 (Windows NT 10.0; Win64; x64) AppleWebKit/537.36 (KHTML, like Gecko)"}
{"ts":"2026-07-19T15:24:06.629Z","level":"error","message":"Auth middleware error","error":"jwt expired"}
{"ts":"2026-07-19T15:24:06.630Z","level":"warn","message":"GET /visits 401 1ms","ip":"::1","userAgent":"Mozilla/5.0 (Windows NT 10.0; Win64; x64) AppleWebKit/537.36 (KHTML, like Gecko)"}
{"ts":"2026-07-19T15:24:06.799Z","level":"error","message":"Auth middleware error","error":"jwt expired"}
{"ts":"2026-07-19T15:24:06.800Z","level":"warn","message":"GET /stats 401 1ms","ip":"::1","userAgent":"Mozilla/5.0 (Windows NT 10.0; Win64; x64) AppleWebKit/537.36 (KHTML, like Gecko)"}
{"ts":"2026-07-19T15:24:06.801Z","level":"error","message":"Auth middleware error","error":"jwt expired"}
{"ts":"2026-07-19T15:24:06.801Z","level":"warn","message":"GET / 401 1ms","ip":"::1","userAgent":"Mozilla/5.0 (Windows NT 10.0; Win64; x64) AppleWebKit/537.36 (KHTML, like Gecko)"}
{"ts":"2026-07-19T15:24:06.802Z","level":"error","message":"Auth middleware error","error":"jwt expired"}
{"ts":"2026-07-19T15:24:06.802Z","level":"warn","message":"GET /pending/all 401 1ms","ip":"::1","userAgent":"Mozilla/5.0 (Windows NT 10.0; Win64; x64) AppleWebKit/537.36 (KHTML, like Gecko)"}
{"ts":"2026-07-19T15:24:06.803Z","level":"error","message":"Auth middleware error","error":"jwt expired"}
{"ts":"2026-07-19T15:24:06.804Z","level":"warn","message":"GET /profit 401 1ms","ip":"::1","userAgent":"Mozilla/5.0 (Windows NT 10.0; Win64; x64) AppleWebKit/537.36 (KHTML, like Gecko)"}
{"ts":"2026-07-19T15:24:06.805Z","level":"error","message":"Auth middleware error","error":"jwt expired"}
{"ts":"2026-07-19T15:24:06.806Z","level":"warn","message":"GET /visits 401 2ms","ip":"::1","userAgent":"Mozilla/5.0 (Windows NT 10.0; Win64; x64) AppleWebKit/537.36 (KHTML, like Gecko)"}
{"ts":"2026-07-19T15:24:06.963Z","level":"error","message":"Auth middleware error","error":"jwt expired"}
{"ts":"2026-07-19T15:24:06.964Z","level":"warn","message":"GET /stats 401 1ms","ip":"::1","userAgent":"Mozilla/5.0 (Windows NT 10.0; Win64; x64) AppleWebKit/537.36 (KHTML, like Gecko)"}
{"ts":"2026-07-19T15:24:06.965Z","level":"error","message":"Auth middleware error","error":"jwt expired"}
{"ts":"2026-07-19T15:24:06.966Z","level":"warn","message":"GET / 401 1ms","ip":"::1","userAgent":"Mozilla/5.0 (Windows NT 10.0; Win64; x64) AppleWebKit/537.36 (KHTML, like Gecko)"}
{"ts":"2026-07-19T15:24:06.967Z","level":"error","message":"Auth middleware error","error":"jwt expired"}
{"ts":"2026-07-19T15:24:06.968Z","level":"warn","message":"GET /pending/all 401 1ms","ip":"::1","userAgent":"Mozilla/5.0 (Windows NT 10.0; Win64; x64) AppleWebKit/537.36 (KHTML, like Gecko)"}
{"ts":"2026-07-19T15:24:06.969Z","level":"error","message":"Auth middleware error","error":"jwt expired"}
{"ts":"2026-07-19T15:24:06.972Z","level":"warn","message":"GET /profit 401 3ms","ip":"::1","userAgent":"Mozilla/5.0 (Windows NT 10.0; Win64; x64) AppleWebKit/537.36 (KHTML, like Gecko)"}
{"ts":"2026-07-19T15:24:06.974Z","level":"error","message":"Auth middleware error","error":"jwt expired"}
{"ts":"2026-07-19T15:24:06.975Z","level":"warn","message":"GET /visits 401 2ms","ip":"::1","userAgent":"Mozilla/5.0 (Windows NT 10.0; Win64; x64) AppleWebKit/537.36 (KHTML, like Gecko)"}
{"ts":"2026-07-19T15:24:07.130Z","level":"error","message":"Auth middleware error","error":"jwt expired"}
{"ts":"2026-07-19T15:24:07.132Z","level":"warn","message":"GET /stats 401 3ms","ip":"::1","userAgent":"Mozilla/5.0 (Windows NT 10.0; Win64; x64) AppleWebKit/537.36 (KHTML, like Gecko)"}
{"ts":"2026-07-19T15:24:07.133Z","level":"error","message":"Auth middleware error","error":"jwt expired"}
{"ts":"2026-07-19T15:24:07.134Z","level":"warn","message":"GET / 401 1ms","ip":"::1","userAgent":"Mozilla/5.0 (Windows NT 10.0; Win64; x64) AppleWebKit/537.36 (KHTML, like Gecko)"}
{"ts":"2026-07-19T15:24:07.135Z","level":"error","message":"Auth middleware error","error":"jwt expired"}
{"ts":"2026-07-19T15:24:07.135Z","level":"warn","message":"GET /pending/all 401 1ms","ip":"::1","userAgent":"Mozilla/5.0 (Windows NT 10.0; Win64; x64) AppleWebKit/537.36 (KHTML, like Gecko)"}
{"ts":"2026-07-19T15:24:07.136Z","level":"error","message":"Auth middleware error","error":"jwt expired"}
{"ts":"2026-07-19T15:24:07.137Z","level":"warn","message":"GET /profit 401 1ms","ip":"::1","userAgent":"Mozilla/5.0 (Windows NT 10.0; Win64; x64) AppleWebKit/537.36 (KHTML, like Gecko)"}
{"ts":"2026-07-19T15:24:07.140Z","level":"error","message":"Auth middleware error","error":"jwt expired"}
{"ts":"2026-07-19T15:24:07.140Z","level":"warn","message":"GET /visits 401 1ms","ip":"::1","userAgent":"Mozilla/5.0 (Windows NT 10.0; Win64; x64) AppleWebKit/537.36 (KHTML, like Gecko)"}
{"ts":"2026-07-19T15:24:07.289Z","level":"error","message":"Auth middleware error","error":"jwt expired"}
{"ts":"2026-07-19T15:24:07.291Z","level":"warn","message":"GET /stats 401 2ms","ip":"::1","userAgent":"Mozilla/5.0 (Windows NT 10.0; Win64; x64) AppleWebKit/537.36 (KHTML, like Gecko)"}
{"ts":"2026-07-19T15:24:07.292Z","level":"error","message":"Auth middleware error","error":"jwt expired"}
{"ts":"2026-07-19T15:24:07.292Z","level":"warn","message":"GET / 401 0ms","ip":"::1","userAgent":"Mozilla/5.0 (Windows NT 10.0; Win64; x64) AppleWebKit/537.36 (KHTML, like Gecko)"}
{"ts":"2026-07-19T15:24:07.293Z","level":"error","message":"Auth middleware error","error":"jwt expired"}
{"ts":"2026-07-19T15:24:07.294Z","level":"warn","message":"GET /pending/all 401 1ms","ip":"::1","userAgent":"Mozilla/5.0 (Windows NT 10.0; Win64; x64) AppleWebKit/537.36 (KHTML, like Gecko)"}
{"ts":"2026-07-19T15:24:07.294Z","level":"error","message":"Auth middleware error","error":"jwt expired"}
{"ts":"2026-07-19T15:24:07.295Z","level":"warn","message":"GET /profit 401 1ms","ip":"::1","userAgent":"Mozilla/5.0 (Windows NT 10.0; Win64; x64) AppleWebKit/537.36 (KHTML, like Gecko)"}
{"ts":"2026-07-19T15:24:07.296Z","level":"error","message":"Auth middleware error","error":"jwt expired"}
{"ts":"2026-07-19T15:24:07.297Z","level":"warn","message":"GET /visits 401 2ms","ip":"::1","userAgent":"Mozilla/5.0 (Windows NT 10.0; Win64; x64) AppleWebKit/537.36 (KHTML, like Gecko)"}
{"ts":"2026-07-19T15:24:07.446Z","level":"error","message":"Auth middleware error","error":"jwt expired"}
{"ts":"2026-07-19T15:24:07.447Z","level":"warn","message":"GET /stats 401 1ms","ip":"::1","userAgent":"Mozilla/5.0 (Windows NT 10.0; Win64; x64) AppleWebKit/537.36 (KHTML, like Gecko)"}
{"ts":"2026-07-19T15:24:07.449Z","level":"error","message":"Auth middleware error","error":"jwt expired"}
{"ts":"2026-07-19T15:24:07.449Z","level":"warn","message":"GET / 401 1ms","ip":"::1","userAgent":"Mozilla/5.0 (Windows NT 10.0; Win64; x64) AppleWebKit/537.36 (KHTML, like Gecko)"}
{"ts":"2026-07-19T15:24:07.450Z","level":"error","message":"Auth middleware error","error":"jwt expired"}
{"ts":"2026-07-19T15:24:07.451Z","level":"warn","message":"GET /pending/all 401 1ms","ip":"::1","userAgent":"Mozilla/5.0 (Windows NT 10.0; Win64; x64) AppleWebKit/537.36 (KHTML, like Gecko)"}
{"ts":"2026-07-19T15:24:07.452Z","level":"error","message":"Auth middleware error","error":"jwt expired"}
{"ts":"2026-07-19T15:24:07.453Z","level":"warn","message":"GET /profit 401 1ms","ip":"::1","userAgent":"Mozilla/5.0 (Windows NT 10.0; Win64; x64) AppleWebKit/537.36 (KHTML, like Gecko)"}
{"ts":"2026-07-19T15:24:07.457Z","level":"error","message":"Auth middleware error","error":"jwt expired"}
{"ts":"2026-07-19T15:24:07.458Z","level":"warn","message":"GET /visits 401 2ms","ip":"::1","userAgent":"Mozilla/5.0 (Windows NT 10.0; Win64; x64) AppleWebKit/537.36 (KHTML, like Gecko)"}
{"ts":"2026-07-19T15:24:07.605Z","level":"error","message":"Auth middleware error","error":"jwt expired"}
{"ts":"2026-07-19T15:24:07.605Z","level":"warn","message":"GET /stats 401 1ms","ip":"::1","userAgent":"Mozilla/5.0 (Windows NT 10.0; Win64; x64) AppleWebKit/537.36 (KHTML, like Gecko)"}
{"ts":"2026-07-19T15:24:07.606Z","level":"error","message":"Auth middleware error","error":"jwt expired"}
{"ts":"2026-07-19T15:24:07.607Z","level":"warn","message":"GET / 401 1ms","ip":"::1","userAgent":"Mozilla/5.0 (Windows NT 10.0; Win64; x64) AppleWebKit/537.36 (KHTML, like Gecko)"}
{"ts":"2026-07-19T15:24:07.609Z","level":"error","message":"Auth middleware error","error":"jwt expired"}
{"ts":"2026-07-19T15:24:07.609Z","level":"warn","message":"GET /pending/all 401 1ms","ip":"::1","userAgent":"Mozilla/5.0 (Windows NT 10.0; Win64; x64) AppleWebKit/537.36 (KHTML, like Gecko)"}
{"ts":"2026-07-19T15:24:07.610Z","level":"error","message":"Auth middleware error","error":"jwt expired"}
{"ts":"2026-07-19T15:24:07.611Z","level":"warn","message":"GET /profit 401 1ms","ip":"::1","userAgent":"Mozilla/5.0 (Windows NT 10.0; Win64; x64) AppleWebKit/537.36 (KHTML, like Gecko)"}
{"ts":"2026-07-19T15:24:07.612Z","level":"error","message":"Auth middleware error","error":"jwt expired"}
{"ts":"2026-07-19T15:24:07.613Z","level":"warn","message":"GET /visits 401 1ms","ip":"::1","userAgent":"Mozilla/5.0 (Windows NT 10.0; Win64; x64) AppleWebKit/537.36 (KHTML, like Gecko)"}
{"ts":"2026-07-19T15:24:07.771Z","level":"error","message":"Auth middleware error","error":"jwt expired"}
{"ts":"2026-07-19T15:24:07.774Z","level":"warn","message":"GET /stats 401 4ms","ip":"::1","userAgent":"Mozilla/5.0 (Windows NT 10.0; Win64; x64) AppleWebKit/537.36 (KHTML, like Gecko)"}
{"ts":"2026-07-19T15:24:07.778Z","level":"error","message":"Auth middleware error","error":"jwt expired"}
{"ts":"2026-07-19T15:24:07.781Z","level":"warn","message":"GET / 401 3ms","ip":"::1","userAgent":"Mozilla/5.0 (Windows NT 10.0; Win64; x64) AppleWebKit/537.36 (KHTML, like Gecko)"}
{"ts":"2026-07-19T15:24:07.783Z","level":"error","message":"Auth middleware error","error":"jwt expired"}
{"ts":"2026-07-19T15:24:07.786Z","level":"warn","message":"GET /pending/all 401 3ms","ip":"::1","userAgent":"Mozilla/5.0 (Windows NT 10.0; Win64; x64) AppleWebKit/537.36 (KHTML, like Gecko)"}
{"ts":"2026-07-19T15:24:07.790Z","level":"error","message":"Auth middleware error","error":"jwt expired"}
{"ts":"2026-07-19T15:24:07.794Z","level":"warn","message":"GET /profit 401 5ms","ip":"::1","userAgent":"Mozilla/5.0 (Windows NT 10.0; Win64; x64) AppleWebKit/537.36 (KHTML, like Gecko)"}
{"ts":"2026-07-19T15:24:07.798Z","level":"error","message":"Auth middleware error","error":"jwt expired"}
{"ts":"2026-07-19T15:24:07.808Z","level":"warn","message":"GET /visits 401 11ms","ip":"::1","userAgent":"Mozilla/5.0 (Windows NT 10.0; Win64; x64) AppleWebKit/537.36 (KHTML, like Gecko)"}
{"ts":"2026-07-19T15:24:07.952Z","level":"error","message":"Auth middleware error","error":"jwt expired"}
{"ts":"2026-07-19T15:24:07.953Z","level":"warn","message":"GET /stats 401 1ms","ip":"::1","userAgent":"Mozilla/5.0 (Windows NT 10.0; Win64; x64) AppleWebKit/537.36 (KHTML, like Gecko)"}
{"ts":"2026-07-19T15:24:07.954Z","level":"error","message":"Auth middleware error","error":"jwt expired"}
{"ts":"2026-07-19T15:24:07.955Z","level":"warn","message":"GET / 401 1ms","ip":"::1","userAgent":"Mozilla/5.0 (Windows NT 10.0; Win64; x64) AppleWebKit/537.36 (KHTML, like Gecko)"}
{"ts":"2026-07-19T15:24:07.956Z","level":"error","message":"Auth middleware error","error":"jwt expired"}
{"ts":"2026-07-19T15:24:07.956Z","level":"warn","message":"GET /pending/all 401 1ms","ip":"::1","userAgent":"Mozilla/5.0 (Windows NT 10.0; Win64; x64) AppleWebKit/537.36 (KHTML, like Gecko)"}
{"ts":"2026-07-19T15:24:07.957Z","level":"error","message":"Auth middleware error","error":"jwt expired"}
{"ts":"2026-07-19T15:24:07.958Z","level":"warn","message":"GET /profit 401 1ms","ip":"::1","userAgent":"Mozilla/5.0 (Windows NT 10.0; Win64; x64) AppleWebKit/537.36 (KHTML, like Gecko)"}
{"ts":"2026-07-19T15:24:07.960Z","level":"error","message":"Auth middleware error","error":"jwt expired"}
{"ts":"2026-07-19T15:24:07.961Z","level":"warn","message":"GET /visits 401 2ms","ip":"::1","userAgent":"Mozilla/5.0 (Windows NT 10.0; Win64; x64) AppleWebKit/537.36 (KHTML, like Gecko)"}
{"ts":"2026-07-19T15:24:08.132Z","level":"error","message":"Auth middleware error","error":"jwt expired"}
{"ts":"2026-07-19T15:24:08.132Z","level":"warn","message":"GET /stats 401 1ms","ip":"::1","userAgent":"Mozilla/5.0 (Windows NT 10.0; Win64; x64) AppleWebKit/537.36 (KHTML, like Gecko)"}
{"ts":"2026-07-19T15:24:08.133Z","level":"error","message":"Auth middleware error","error":"jwt expired"}
{"ts":"2026-07-19T15:24:08.134Z","level":"warn","message":"GET / 401 1ms","ip":"::1","userAgent":"Mozilla/5.0 (Windows NT 10.0; Win64; x64) AppleWebKit/537.36 (KHTML, like Gecko)"}
{"ts":"2026-07-19T15:24:08.135Z","level":"error","message":"Auth middleware error","error":"jwt expired"}
{"ts":"2026-07-19T15:24:08.135Z","level":"warn","message":"GET /pending/all 401 1ms","ip":"::1","userAgent":"Mozilla/5.0 (Windows NT 10.0; Win64; x64) AppleWebKit/537.36 (KHTML, like Gecko)"}
{"ts":"2026-07-19T15:24:08.136Z","level":"error","message":"Auth middleware error","error":"jwt expired"}
{"ts":"2026-07-19T15:24:08.137Z","level":"warn","message":"GET /profit 401 1ms","ip":"::1","userAgent":"Mozilla/5.0 (Windows NT 10.0; Win64; x64) AppleWebKit/537.36 (KHTML, like Gecko)"}
{"ts":"2026-07-19T15:24:08.139Z","level":"error","message":"Auth middleware error","error":"jwt expired"}
{"ts":"2026-07-19T15:24:08.139Z","level":"warn","message":"GET /visits 401 1ms","ip":"::1","userAgent":"Mozilla/5.0 (Windows NT 10.0; Win64; x64) AppleWebKit/537.36 (KHTML, like Gecko)"}
{"ts":"2026-07-19T15:24:08.312Z","level":"error","message":"Auth middleware error","error":"jwt expired"}
{"ts":"2026-07-19T15:24:08.313Z","level":"warn","message":"GET /stats 401 1ms","ip":"::1","userAgent":"Mozilla/5.0 (Windows NT 10.0; Win64; x64) AppleWebKit/537.36 (KHTML, like Gecko)"}
{"ts":"2026-07-19T15:24:08.314Z","level":"error","message":"Auth middleware error","error":"jwt expired"}
{"ts":"2026-07-19T15:24:08.315Z","level":"warn","message":"GET / 401 1ms","ip":"::1","userAgent":"Mozilla/5.0 (Windows NT 10.0; Win64; x64) AppleWebKit/537.36 (KHTML, like Gecko)"}
{"ts":"2026-07-19T15:24:08.316Z","level":"error","message":"Auth middleware error","error":"jwt expired"}
{"ts":"2026-07-19T15:24:08.316Z","level":"warn","message":"GET /pending/all 401 1ms","ip":"::1","userAgent":"Mozilla/5.0 (Windows NT 10.0; Win64; x64) AppleWebKit/537.36 (KHTML, like Gecko)"}
{"ts":"2026-07-19T15:24:08.318Z","level":"error","message":"Auth middleware error","error":"jwt expired"}
{"ts":"2026-07-19T15:24:08.318Z","level":"warn","message":"GET /profit 401 1ms","ip":"::1","userAgent":"Mozilla/5.0 (Windows NT 10.0; Win64; x64) AppleWebKit/537.36 (KHTML, like Gecko)"}
{"ts":"2026-07-19T15:24:08.319Z","level":"error","message":"Auth middleware error","error":"jwt expired"}
{"ts":"2026-07-19T15:24:08.320Z","level":"warn","message":"GET /visits 401 1ms","ip":"::1","userAgent":"Mozilla/5.0 (Windows NT 10.0; Win64; x64) AppleWebKit/537.36 (KHTML, like Gecko)"}
{"ts":"2026-07-19T15:24:08.528Z","level":"error","message":"Auth middleware error","error":"jwt expired"}
{"ts":"2026-07-19T15:24:08.529Z","level":"warn","message":"GET /stats 401 2ms","ip":"::1","userAgent":"Mozilla/5.0 (Windows NT 10.0; Win64; x64) AppleWebKit/537.36 (KHTML, like Gecko)"}
{"ts":"2026-07-19T15:24:08.530Z","level":"error","message":"Auth middleware error","error":"jwt expired"}
{"ts":"2026-07-19T15:24:08.531Z","level":"warn","message":"GET / 401 1ms","ip":"::1","userAgent":"Mozilla/5.0 (Windows NT 10.0; Win64; x64) AppleWebKit/537.36 (KHTML, like Gecko)"}
{"ts":"2026-07-19T15:24:08.533Z","level":"error","message":"Auth middleware error","error":"jwt expired"}
{"ts":"2026-07-19T15:24:08.534Z","level":"warn","message":"GET /pending/all 401 2ms","ip":"::1","userAgent":"Mozilla/5.0 (Windows NT 10.0; Win64; x64) AppleWebKit/537.36 (KHTML, like Gecko)"}
{"ts":"2026-07-19T15:24:08.535Z","level":"error","message":"Auth middleware error","error":"jwt expired"}
{"ts":"2026-07-19T15:24:08.537Z","level":"warn","message":"GET /profit 401 3ms","ip":"::1","userAgent":"Mozilla/5.0 (Windows NT 10.0; Win64; x64) AppleWebKit/537.36 (KHTML, like Gecko)"}
{"ts":"2026-07-19T15:24:08.539Z","level":"error","message":"Auth middleware error","error":"jwt expired"}
{"ts":"2026-07-19T15:24:08.540Z","level":"warn","message":"GET /visits 401 1ms","ip":"::1","userAgent":"Mozilla/5.0 (Windows NT 10.0; Win64; x64) AppleWebKit/537.36 (KHTML, like Gecko)"}
{"ts":"2026-07-19T15:24:09.557Z","level":"error","message":"Auth middleware error","error":"jwt expired"}
{"ts":"2026-07-19T15:24:09.558Z","level":"warn","message":"GET / 401 1ms","ip":"::1","userAgent":"Mozilla/5.0 (Windows NT 10.0; Win64; x64) AppleWebKit/537.36 (KHTML, like Gecko)"}
{"ts":"2026-07-19T15:24:09.560Z","level":"error","message":"Auth middleware error","error":"jwt expired"}
{"ts":"2026-07-19T15:24:09.561Z","level":"warn","message":"GET / 401 1ms","ip":"::1","userAgent":"Mozilla/5.0 (Windows NT 10.0; Win64; x64) AppleWebKit/537.36 (KHTML, like Gecko)"}
{"ts":"2026-07-19T15:24:09.563Z","level":"error","message":"Auth middleware error","error":"jwt expired"}
{"ts":"2026-07-19T15:24:09.566Z","level":"warn","message":"GET / 401 4ms","ip":"::1","userAgent":"Mozilla/5.0 (Windows NT 10.0; Win64; x64) AppleWebKit/537.36 (KHTML, like Gecko)"}
{"ts":"2026-07-19T15:24:09.568Z","level":"error","message":"Auth middleware error","error":"jwt expired"}
{"ts":"2026-07-19T15:24:09.569Z","level":"warn","message":"GET / 401 1ms","ip":"::1","userAgent":"Mozilla/5.0 (Windows NT 10.0; Win64; x64) AppleWebKit/537.36 (KHTML, like Gecko)"}
{"ts":"2026-07-19T15:24:10.124Z","level":"error","message":"Auth middleware error","error":"jwt expired"}
{"ts":"2026-07-19T15:24:10.126Z","level":"warn","message":"GET / 401 3ms","ip":"::1","userAgent":"Mozilla/5.0 (Windows NT 10.0; Win64; x64) AppleWebKit/537.36 (KHTML, like Gecko)"}
{"ts":"2026-07-19T15:24:10.129Z","level":"error","message":"Auth middleware error","error":"jwt expired"}
{"ts":"2026-07-19T15:24:10.130Z","level":"warn","message":"GET / 401 2ms","ip":"::1","userAgent":"Mozilla/5.0 (Windows NT 10.0; Win64; x64) AppleWebKit/537.36 (KHTML, like Gecko)"}
{"ts":"2026-07-19T15:24:10.134Z","level":"error","message":"Auth middleware error","error":"jwt expired"}
{"ts":"2026-07-19T15:24:10.137Z","level":"warn","message":"GET /pending/all 401 4ms","ip":"::1","userAgent":"Mozilla/5.0 (Windows NT 10.0; Win64; x64) AppleWebKit/537.36 (KHTML, like Gecko)"}
{"ts":"2026-07-19T15:24:10.140Z","level":"error","message":"Auth middleware error","error":"jwt expired"}
{"ts":"2026-07-19T15:24:10.143Z","level":"warn","message":"GET /pending/all 401 4ms","ip":"::1","userAgent":"Mozilla/5.0 (Windows NT 10.0; Win64; x64) AppleWebKit/537.36 (KHTML, like Gecko)"}
{"ts":"2026-07-19T15:24:11.557Z","level":"error","message":"Auth middleware error","error":"jwt expired"}
{"ts":"2026-07-19T15:24:11.558Z","level":"warn","message":"GET / 401 1ms","ip":"::1","userAgent":"Mozilla/5.0 (Windows NT 10.0; Win64; x64) AppleWebKit/537.36 (KHTML, like Gecko)"}
{"ts":"2026-07-19T15:24:11.559Z","level":"error","message":"Auth middleware error","error":"jwt expired"}
{"ts":"2026-07-19T15:24:11.560Z","level":"warn","message":"GET / 401 1ms","ip":"::1","userAgent":"Mozilla/5.0 (Windows NT 10.0; Win64; x64) AppleWebKit/537.36 (KHTML, like Gecko)"}
{"ts":"2026-07-19T15:24:11.561Z","level":"error","message":"Auth middleware error","error":"jwt expired"}
{"ts":"2026-07-19T15:24:11.562Z","level":"warn","message":"GET / 401 1ms","ip":"::1","userAgent":"Mozilla/5.0 (Windows NT 10.0; Win64; x64) AppleWebKit/537.36 (KHTML, like Gecko)"}
{"ts":"2026-07-19T15:24:11.563Z","level":"error","message":"Auth middleware error","error":"jwt expired"}
{"ts":"2026-07-19T15:24:11.563Z","level":"warn","message":"GET / 401 0ms","ip":"::1","userAgent":"Mozilla/5.0 (Windows NT 10.0; Win64; x64) AppleWebKit/537.36 (KHTML, like Gecko)"}
{"ts":"2026-07-19T15:24:12.918Z","level":"error","message":"Auth middleware error","error":"jwt expired"}
{"ts":"2026-07-19T15:24:12.920Z","level":"warn","message":"GET /stats 401 1ms","ip":"::1","userAgent":"Mozilla/5.0 (Windows NT 10.0; Win64; x64) AppleWebKit/537.36 (KHTML, like Gecko)"}
{"ts":"2026-07-19T15:24:12.922Z","level":"error","message":"Auth middleware error","error":"jwt expired"}
{"ts":"2026-07-19T15:24:12.923Z","level":"warn","message":"GET /stats 401 2ms","ip":"::1","userAgent":"Mozilla/5.0 (Windows NT 10.0; Win64; x64) AppleWebKit/537.36 (KHTML, like Gecko)"}
{"ts":"2026-07-19T15:24:12.926Z","level":"error","message":"Auth middleware error","error":"jwt expired"}
{"ts":"2026-07-19T15:24:12.928Z","level":"warn","message":"GET / 401 3ms","ip":"::1","userAgent":"Mozilla/5.0 (Windows NT 10.0; Win64; x64) AppleWebKit/537.36 (KHTML, like Gecko)"}
{"ts":"2026-07-19T15:24:12.929Z","level":"error","message":"Auth middleware error","error":"jwt expired"}
{"ts":"2026-07-19T15:24:12.930Z","level":"warn","message":"GET /pending/all 401 1ms","ip":"::1","userAgent":"Mozilla/5.0 (Windows NT 10.0; Win64; x64) AppleWebKit/537.36 (KHTML, like Gecko)"}
{"ts":"2026-07-19T15:24:12.932Z","level":"error","message":"Auth middleware error","error":"jwt expired"}
{"ts":"2026-07-19T15:24:12.933Z","level":"warn","message":"GET /profit 401 2ms","ip":"::1","userAgent":"Mozilla/5.0 (Windows NT 10.0; Win64; x64) AppleWebKit/537.36 (KHTML, like Gecko)"}
{"ts":"2026-07-19T15:24:12.934Z","level":"error","message":"Auth middleware error","error":"jwt expired"}
{"ts":"2026-07-19T15:24:12.935Z","level":"warn","message":"GET /visits 401 1ms","ip":"::1","userAgent":"Mozilla/5.0 (Windows NT 10.0; Win64; x64) AppleWebKit/537.36 (KHTML, like Gecko)"}
{"ts":"2026-07-19T15:24:12.939Z","level":"error","message":"Auth middleware error","error":"jwt expired"}
{"ts":"2026-07-19T15:24:12.940Z","level":"warn","message":"GET / 401 2ms","ip":"::1","userAgent":"Mozilla/5.0 (Windows NT 10.0; Win64; x64) AppleWebKit/537.36 (KHTML, like Gecko)"}
{"ts":"2026-07-19T15:24:12.942Z","level":"error","message":"Auth middleware error","error":"jwt expired"}
{"ts":"2026-07-19T15:24:12.943Z","level":"warn","message":"GET /profit 401 1ms","ip":"::1","userAgent":"Mozilla/5.0 (Windows NT 10.0; Win64; x64) AppleWebKit/537.36 (KHTML, like Gecko)"}
{"ts":"2026-07-19T15:24:12.945Z","level":"error","message":"Auth middleware error","error":"jwt expired"}
{"ts":"2026-07-19T15:24:12.946Z","level":"warn","message":"GET /pending/all 401 2ms","ip":"::1","userAgent":"Mozilla/5.0 (Windows NT 10.0; Win64; x64) AppleWebKit/537.36 (KHTML, like Gecko)"}
{"ts":"2026-07-19T15:24:12.947Z","level":"error","message":"Auth middleware error","error":"jwt expired"}
{"ts":"2026-07-19T15:24:12.948Z","level":"warn","message":"GET /visits 401 1ms","ip":"::1","userAgent":"Mozilla/5.0 (Windows NT 10.0; Win64; x64) AppleWebKit/537.36 (KHTML, like Gecko)"}
{"ts":"2026-07-19T15:24:24.860Z","level":"info","message":"Backup scheduled: 0 2 * * *"}
{"ts":"2026-07-19T15:24:24.876Z","level":"info","message":"🚀 POS Server running on port 3001"}
{"ts":"2026-07-19T15:24:24.877Z","level":"info","message":"   Environment: development"}
{"ts":"2026-07-19T15:24:24.877Z","level":"info","message":"   Client URL:  http://localhost:5173"}
{"ts":"2026-07-19T15:24:25.821Z","level":"info","message":"POST /login 200 901ms","ip":"::1","userAgent":"Mozilla/5.0 (Windows NT 10.0; Win64; x64) AppleWebKit/537.36 (KHTML, like Gecko)"}
{"ts":"2026-07-19T15:24:26.096Z","level":"info","message":"GET /visits 200 253ms","ip":"::1","userId":"0c544294-e96b-4556-a5b2-a9af18dfcdcc","userAgent":"Mozilla/5.0 (Windows NT 10.0; Win64; x64) AppleWebKit/537.36 (KHTML, like Gecko)"}
{"ts":"2026-07-19T15:24:26.151Z","level":"info","message":"GET /stats 200 321ms","ip":"::ffff:127.0.0.1","userId":"0c544294-e96b-4556-a5b2-a9af18dfcdcc","userAgent":"Mozilla/5.0 (Windows NT 10.0; Win64; x64) AppleWebKit/537.36 (KHTML, like Gecko)"}
{"ts":"2026-07-19T15:24:26.161Z","level":"info","message":"GET /profit 200 321ms","ip":"::1","userId":"0c544294-e96b-4556-a5b2-a9af18dfcdcc","userAgent":"Mozilla/5.0 (Windows NT 10.0; Win64; x64) AppleWebKit/537.36 (KHTML, like Gecko)"}
{"ts":"2026-07-19T15:24:26.167Z","level":"info","message":"GET /pending/all 304 329ms","ip":"::1","userId":"0c544294-e96b-4556-a5b2-a9af18dfcdcc","userAgent":"Mozilla/5.0 (Windows NT 10.0; Win64; x64) AppleWebKit/537.36 (KHTML, like Gecko)"}
{"ts":"2026-07-19T15:24:26.172Z","level":"info","message":"GET /visits 304 74ms","ip":"::1","userId":"0c544294-e96b-4556-a5b2-a9af18dfcdcc","userAgent":"Mozilla/5.0 (Windows NT 10.0; Win64; x64) AppleWebKit/537.36 (KHTML, like Gecko)"}
{"ts":"2026-07-19T15:24:26.182Z","level":"info","message":"GET / 200 345ms","ip":"::1","userId":"0c544294-e96b-4556-a5b2-a9af18dfcdcc","userAgent":"Mozilla/5.0 (Windows NT 10.0; Win64; x64) AppleWebKit/537.36 (KHTML, like Gecko)"}
{"ts":"2026-07-19T15:24:26.270Z","level":"info","message":"GET /profit 304 102ms","ip":"::1","userId":"0c544294-e96b-4556-a5b2-a9af18dfcdcc","userAgent":"Mozilla/5.0 (Windows NT 10.0; Win64; x64) AppleWebKit/537.36 (KHTML, like Gecko)"}
{"ts":"2026-07-19T15:24:26.328Z","level":"info","message":"GET / 304 143ms","ip":"::1","userId":"0c544294-e96b-4556-a5b2-a9af18dfcdcc","userAgent":"Mozilla/5.0 (Windows NT 10.0; Win64; x64) AppleWebKit/537.36 (KHTML, like Gecko)"}
{"ts":"2026-07-19T15:24:26.333Z","level":"info","message":"GET /pending/all 304 159ms","ip":"::1","userId":"0c544294-e96b-4556-a5b2-a9af18dfcdcc","userAgent":"Mozilla/5.0 (Windows NT 10.0; Win64; x64) AppleWebKit/537.36 (KHTML, like Gecko)"}
{"ts":"2026-07-19T15:24:26.505Z","level":"info","message":"GET /stats 304 352ms","ip":"::ffff:127.0.0.1","userId":"0c544294-e96b-4556-a5b2-a9af18dfcdcc","userAgent":"Mozilla/5.0 (Windows NT 10.0; Win64; x64) AppleWebKit/537.36 (KHTML, like Gecko)"}
{"ts":"2026-07-19T15:25:29.480Z","level":"info","message":"GET / 304 1095ms","ip":"::1","userId":"0c544294-e96b-4556-a5b2-a9af18dfcdcc","userAgent":"Mozilla/5.0 (Windows NT 10.0; Win64; x64) AppleWebKit/537.36 (KHTML, like Gecko)"}
{"ts":"2026-07-19T15:25:29.530Z","level":"info","message":"GET /visits 304 1142ms","ip":"::1","userId":"0c544294-e96b-4556-a5b2-a9af18dfcdcc","userAgent":"Mozilla/5.0 (Windows NT 10.0; Win64; x64) AppleWebKit/537.36 (KHTML, like Gecko)"}
{"ts":"2026-07-19T15:25:29.536Z","level":"info","message":"GET /pending/all 304 1158ms","ip":"::1","userId":"0c544294-e96b-4556-a5b2-a9af18dfcdcc","userAgent":"Mozilla/5.0 (Windows NT 10.0; Win64; x64) AppleWebKit/537.36 (KHTML, like Gecko)"}
{"ts":"2026-07-19T15:25:29.538Z","level":"info","message":"GET /profit 304 1158ms","ip":"::1","userId":"0c544294-e96b-4556-a5b2-a9af18dfcdcc","userAgent":"Mozilla/5.0 (Windows NT 10.0; Win64; x64) AppleWebKit/537.36 (KHTML, like Gecko)"}
{"ts":"2026-07-19T15:25:29.542Z","level":"info","message":"GET /stats 304 1173ms","ip":"::1","userId":"0c544294-e96b-4556-a5b2-a9af18dfcdcc","userAgent":"Mozilla/5.0 (Windows NT 10.0; Win64; x64) AppleWebKit/537.36 (KHTML, like Gecko)"}
{"ts":"2026-07-19T15:25:29.584Z","level":"info","message":"GET / 304 102ms","ip":"::1","userId":"0c544294-e96b-4556-a5b2-a9af18dfcdcc","userAgent":"Mozilla/5.0 (Windows NT 10.0; Win64; x64) AppleWebKit/537.36 (KHTML, like Gecko)"}
{"ts":"2026-07-19T15:25:29.614Z","level":"info","message":"GET /visits 304 80ms","ip":"::1","userId":"0c544294-e96b-4556-a5b2-a9af18dfcdcc","userAgent":"Mozilla/5.0 (Windows NT 10.0; Win64; x64) AppleWebKit/537.36 (KHTML, like Gecko)"}
{"ts":"2026-07-19T15:25:29.698Z","level":"info","message":"GET /stats 304 152ms","ip":"::1","userId":"0c544294-e96b-4556-a5b2-a9af18dfcdcc","userAgent":"Mozilla/5.0 (Windows NT 10.0; Win64; x64) AppleWebKit/537.36 (KHTML, like Gecko)"}
{"ts":"2026-07-19T15:25:29.707Z","level":"info","message":"GET /profit 304 164ms","ip":"::1","userId":"0c544294-e96b-4556-a5b2-a9af18dfcdcc","userAgent":"Mozilla/5.0 (Windows NT 10.0; Win64; x64) AppleWebKit/537.36 (KHTML, like Gecko)"}
{"ts":"2026-07-19T15:25:29.709Z","level":"info","message":"GET /pending/all 304 170ms","ip":"::1","userId":"0c544294-e96b-4556-a5b2-a9af18dfcdcc","userAgent":"Mozilla/5.0 (Windows NT 10.0; Win64; x64) AppleWebKit/537.36 (KHTML, like Gecko)"}
{"ts":"2026-07-19T15:25:37.290Z","level":"info","message":"POST /login 200 215ms","ip":"::1","userAgent":"Mozilla/5.0 (Windows NT 10.0; Win64; x64) AppleWebKit/537.36 (KHTML, like Gecko)"}
{"ts":"2026-07-19T15:25:37.413Z","level":"info","message":"GET /visits 304 98ms","ip":"::1","userId":"f437545e-506c-4352-8e9b-cd44eaf5218b","userAgent":"Mozilla/5.0 (Windows NT 10.0; Win64; x64) AppleWebKit/537.36 (KHTML, like Gecko)"}
{"ts":"2026-07-19T15:25:37.414Z","level":"info","message":"GET / 304 110ms","ip":"::1","userId":"f437545e-506c-4352-8e9b-cd44eaf5218b","userAgent":"Mozilla/5.0 (Windows NT 10.0; Win64; x64) AppleWebKit/537.36 (KHTML, like Gecko)"}
{"ts":"2026-07-19T15:25:37.417Z","level":"info","message":"GET /pending/all 304 111ms","ip":"::1","userId":"f437545e-506c-4352-8e9b-cd44eaf5218b","userAgent":"Mozilla/5.0 (Windows NT 10.0; Win64; x64) AppleWebKit/537.36 (KHTML, like Gecko)"}
{"ts":"2026-07-19T15:25:37.424Z","level":"info","message":"GET /profit 304 115ms","ip":"::1","userId":"f437545e-506c-4352-8e9b-cd44eaf5218b","userAgent":"Mozilla/5.0 (Windows NT 10.0; Win64; x64) AppleWebKit/537.36 (KHTML, like Gecko)"}
{"ts":"2026-07-19T15:25:37.482Z","level":"info","message":"GET / 304 64ms","ip":"::1","userId":"f437545e-506c-4352-8e9b-cd44eaf5218b","userAgent":"Mozilla/5.0 (Windows NT 10.0; Win64; x64) AppleWebKit/537.36 (KHTML, like Gecko)"}
{"ts":"2026-07-19T15:25:37.509Z","level":"info","message":"GET /pending/all 304 90ms","ip":"::1","userId":"f437545e-506c-4352-8e9b-cd44eaf5218b","userAgent":"Mozilla/5.0 (Windows NT 10.0; Win64; x64) AppleWebKit/537.36 (KHTML, like Gecko)"}
{"ts":"2026-07-19T15:25:37.511Z","level":"info","message":"GET /visits 304 95ms","ip":"::1","userId":"f437545e-506c-4352-8e9b-cd44eaf5218b","userAgent":"Mozilla/5.0 (Windows NT 10.0; Win64; x64) AppleWebKit/537.36 (KHTML, like Gecko)"}
{"ts":"2026-07-19T15:25:37.515Z","level":"info","message":"GET /profit 304 88ms","ip":"::1","userId":"f437545e-506c-4352-8e9b-cd44eaf5218b","userAgent":"Mozilla/5.0 (Windows NT 10.0; Win64; x64) AppleWebKit/537.36 (KHTML, like Gecko)"}
{"ts":"2026-07-19T15:25:37.560Z","level":"info","message":"GET /stats 304 262ms","ip":"::1","userId":"f437545e-506c-4352-8e9b-cd44eaf5218b","userAgent":"Mozilla/5.0 (Windows NT 10.0; Win64; x64) AppleWebKit/537.36 (KHTML, like Gecko)"}
{"ts":"2026-07-19T15:25:37.651Z","level":"info","message":"GET /stats 304 90ms","ip":"::1","userId":"f437545e-506c-4352-8e9b-cd44eaf5218b","userAgent":"Mozilla/5.0 (Windows NT 10.0; Win64; x64) AppleWebKit/537.36 (KHTML, like Gecko)"}
{"ts":"2026-07-19T15:25:39.192Z","level":"info","message":"GET / 304 68ms","ip":"::1","userId":"f437545e-506c-4352-8e9b-cd44eaf5218b","userAgent":"Mozilla/5.0 (Windows NT 10.0; Win64; x64) AppleWebKit/537.36 (KHTML, like Gecko)"}
{"ts":"2026-07-19T15:25:39.193Z","level":"info","message":"GET / 304 66ms","ip":"::1","userId":"f437545e-506c-4352-8e9b-cd44eaf5218b","userAgent":"Mozilla/5.0 (Windows NT 10.0; Win64; x64) AppleWebKit/537.36 (KHTML, like Gecko)"}
{"ts":"2026-07-19T15:25:39.256Z","level":"info","message":"GET / 304 62ms","ip":"::1","userId":"f437545e-506c-4352-8e9b-cd44eaf5218b","userAgent":"Mozilla/5.0 (Windows NT 10.0; Win64; x64) AppleWebKit/537.36 (KHTML, like Gecko)"}
{"ts":"2026-07-19T15:25:39.270Z","level":"info","message":"GET / 304 74ms","ip":"::1","userId":"f437545e-506c-4352-8e9b-cd44eaf5218b","userAgent":"Mozilla/5.0 (Windows NT 10.0; Win64; x64) AppleWebKit/537.36 (KHTML, like Gecko)"}
{"ts":"2026-07-19T15:25:39.688Z","level":"info","message":"GET / 304 60ms","ip":"::1","userId":"f437545e-506c-4352-8e9b-cd44eaf5218b","userAgent":"Mozilla/5.0 (Windows NT 10.0; Win64; x64) AppleWebKit/537.36 (KHTML, like Gecko)"}
{"ts":"2026-07-19T15:25:39.703Z","level":"info","message":"GET /pending/all 304 74ms","ip":"::1","userId":"f437545e-506c-4352-8e9b-cd44eaf5218b","userAgent":"Mozilla/5.0 (Windows NT 10.0; Win64; x64) AppleWebKit/537.36 (KHTML, like Gecko)"}
{"ts":"2026-07-19T15:25:39.749Z","level":"info","message":"GET / 304 60ms","ip":"::1","userId":"f437545e-506c-4352-8e9b-cd44eaf5218b","userAgent":"Mozilla/5.0 (Windows NT 10.0; Win64; x64) AppleWebKit/537.36 (KHTML, like Gecko)"}
{"ts":"2026-07-19T15:25:39.768Z","level":"info","message":"GET /pending/all 304 63ms","ip":"::1","userId":"f437545e-506c-4352-8e9b-cd44eaf5218b","userAgent":"Mozilla/5.0 (Windows NT 10.0; Win64; x64) AppleWebKit/537.36 (KHTML, like Gecko)"}
{"ts":"2026-07-19T15:25:40.253Z","level":"info","message":"GET /pending/all 304 64ms","ip":"::1","userId":"f437545e-506c-4352-8e9b-cd44eaf5218b","userAgent":"Mozilla/5.0 (Windows NT 10.0; Win64; x64) AppleWebKit/537.36 (KHTML, like Gecko)"}
{"ts":"2026-07-19T15:25:40.331Z","level":"info","message":"GET /pending/all 304 77ms","ip":"::1","userId":"f437545e-506c-4352-8e9b-cd44eaf5218b","userAgent":"Mozilla/5.0 (Windows NT 10.0; Win64; x64) AppleWebKit/537.36 (KHTML, like Gecko)"}
{"ts":"2026-07-19T15:25:40.747Z","level":"info","message":"GET / 304 61ms","ip":"::1","userId":"f437545e-506c-4352-8e9b-cd44eaf5218b","userAgent":"Mozilla/5.0 (Windows NT 10.0; Win64; x64) AppleWebKit/537.36 (KHTML, like Gecko)"}
{"ts":"2026-07-19T15:25:40.749Z","level":"info","message":"GET /pending/all 304 62ms","ip":"::1","userId":"f437545e-506c-4352-8e9b-cd44eaf5218b","userAgent":"Mozilla/5.0 (Windows NT 10.0; Win64; x64) AppleWebKit/537.36 (KHTML, like Gecko)"}
{"ts":"2026-07-19T15:25:40.811Z","level":"info","message":"GET / 304 63ms","ip":"::1","userId":"f437545e-506c-4352-8e9b-cd44eaf5218b","userAgent":"Mozilla/5.0 (Windows NT 10.0; Win64; x64) AppleWebKit/537.36 (KHTML, like Gecko)"}
{"ts":"2026-07-19T15:25:40.813Z","level":"info","message":"GET /pending/all 304 63ms","ip":"::1","userId":"f437545e-506c-4352-8e9b-cd44eaf5218b","userAgent":"Mozilla/5.0 (Windows NT 10.0; Win64; x64) AppleWebKit/537.36 (KHTML, like Gecko)"}
{"ts":"2026-07-19T15:25:41.331Z","level":"info","message":"GET / 304 198ms","ip":"::1","userId":"f437545e-506c-4352-8e9b-cd44eaf5218b","userAgent":"Mozilla/5.0 (Windows NT 10.0; Win64; x64) AppleWebKit/537.36 (KHTML, like Gecko)"}
{"ts":"2026-07-19T15:25:41.344Z","level":"info","message":"GET / 304 209ms","ip":"::1","userId":"f437545e-506c-4352-8e9b-cd44eaf5218b","userAgent":"Mozilla/5.0 (Windows NT 10.0; Win64; x64) AppleWebKit/537.36 (KHTML, like Gecko)"}
{"ts":"2026-07-19T15:25:41.395Z","level":"info","message":"GET / 304 62ms","ip":"::1","userId":"f437545e-506c-4352-8e9b-cd44eaf5218b","userAgent":"Mozilla/5.0 (Windows NT 10.0; Win64; x64) AppleWebKit/537.36 (KHTML, like Gecko)"}
{"ts":"2026-07-19T15:25:41.422Z","level":"info","message":"GET / 304 76ms","ip":"::1","userId":"f437545e-506c-4352-8e9b-cd44eaf5218b","userAgent":"Mozilla/5.0 (Windows NT 10.0; Win64; x64) AppleWebKit/537.36 (KHTML, like Gecko)"}
{"ts":"2026-07-19T15:25:42.168Z","level":"info","message":"GET /pending/all 304 86ms","ip":"::1","userId":"f437545e-506c-4352-8e9b-cd44eaf5218b","userAgent":"Mozilla/5.0 (Windows NT 10.0; Win64; x64) AppleWebKit/537.36 (KHTML, like Gecko)"}
{"ts":"2026-07-19T15:25:42.179Z","level":"info","message":"GET /profit 304 96ms","ip":"::1","userId":"f437545e-506c-4352-8e9b-cd44eaf5218b","userAgent":"Mozilla/5.0 (Windows NT 10.0; Win64; x64) AppleWebKit/537.36 (KHTML, like Gecko)"}
{"ts":"2026-07-19T15:25:42.188Z","level":"info","message":"GET /stats 304 112ms","ip":"::1","userId":"f437545e-506c-4352-8e9b-cd44eaf5218b","userAgent":"Mozilla/5.0 (Windows NT 10.0; Win64; x64) AppleWebKit/537.36 (KHTML, like Gecko)"}
{"ts":"2026-07-19T15:25:42.193Z","level":"info","message":"GET /visits 304 107ms","ip":"::1","userId":"f437545e-506c-4352-8e9b-cd44eaf5218b","userAgent":"Mozilla/5.0 (Windows NT 10.0; Win64; x64) AppleWebKit/537.36 (KHTML, like Gecko)"}
{"ts":"2026-07-19T15:25:42.235Z","level":"info","message":"GET /pending/all 304 65ms","ip":"::1","userId":"f437545e-506c-4352-8e9b-cd44eaf5218b","userAgent":"Mozilla/5.0 (Windows NT 10.0; Win64; x64) AppleWebKit/537.36 (KHTML, like Gecko)"}
{"ts":"2026-07-19T15:25:42.258Z","level":"info","message":"GET /visits 304 62ms","ip":"::1","userId":"f437545e-506c-4352-8e9b-cd44eaf5218b","userAgent":"Mozilla/5.0 (Windows NT 10.0; Win64; x64) AppleWebKit/537.36 (KHTML, like Gecko)"}
{"ts":"2026-07-19T15:25:42.272Z","level":"info","message":"GET /profit 304 91ms","ip":"::1","userId":"f437545e-506c-4352-8e9b-cd44eaf5218b","userAgent":"Mozilla/5.0 (Windows NT 10.0; Win64; x64) AppleWebKit/537.36 (KHTML, like Gecko)"}
{"ts":"2026-07-19T15:25:42.288Z","level":"info","message":"GET /stats 304 99ms","ip":"::1","userId":"f437545e-506c-4352-8e9b-cd44eaf5218b","userAgent":"Mozilla/5.0 (Windows NT 10.0; Win64; x64) AppleWebKit/537.36 (KHTML, like Gecko)"}
{"ts":"2026-07-19T15:25:42.309Z","level":"info","message":"GET / 304 228ms","ip":"::1","userId":"f437545e-506c-4352-8e9b-cd44eaf5218b","userAgent":"Mozilla/5.0 (Windows NT 10.0; Win64; x64) AppleWebKit/537.36 (KHTML, like Gecko)"}
{"ts":"2026-07-19T15:25:42.373Z","level":"info","message":"GET / 304 63ms","ip":"::1","userId":"f437545e-506c-4352-8e9b-cd44eaf5218b","userAgent":"Mozilla/5.0 (Windows NT 10.0; Win64; x64) AppleWebKit/537.36 (KHTML, like Gecko)"}
{"ts":"2026-07-19T15:25:43.939Z","level":"info","message":"GET / 304 65ms","ip":"::1","userId":"f437545e-506c-4352-8e9b-cd44eaf5218b","userAgent":"Mozilla/5.0 (Windows NT 10.0; Win64; x64) AppleWebKit/537.36 (KHTML, like Gecko)"}
{"ts":"2026-07-19T15:25:43.956Z","level":"info","message":"GET /pending/all 304 80ms","ip":"::1","userId":"f437545e-506c-4352-8e9b-cd44eaf5218b","userAgent":"Mozilla/5.0 (Windows NT 10.0; Win64; x64) AppleWebKit/537.36 (KHTML, like Gecko)"}
{"ts":"2026-07-19T15:25:44.003Z","level":"info","message":"GET / 304 62ms","ip":"::1","userId":"f437545e-506c-4352-8e9b-cd44eaf5218b","userAgent":"Mozilla/5.0 (Windows NT 10.0; Win64; x64) AppleWebKit/537.36 (KHTML, like Gecko)"}
{"ts":"2026-07-19T15:25:44.017Z","level":"info","message":"GET /pending/all 304 59ms","ip":"::1","userId":"f437545e-506c-4352-8e9b-cd44eaf5218b","userAgent":"Mozilla/5.0 (Windows NT 10.0; Win64; x64) AppleWebKit/537.36 (KHTML, like Gecko)"}
{"ts":"2026-07-19T15:25:50.572Z","level":"warn","message":"DELETE /91fdec7b-36a3-431e-8b6d-474c6f9a4da5 500 130ms","ip":"::1","userId":"f437545e-506c-4352-8e9b-cd44eaf5218b","userAgent":"Mozilla/5.0 (Windows NT 10.0; Win64; x64) AppleWebKit/537.36 (KHTML, like Gecko)"}
{"ts":"2026-07-19T15:25:54.183Z","level":"warn","message":"DELETE /91fdec7b-36a3-431e-8b6d-474c6f9a4da5 500 127ms","ip":"::1","userId":"f437545e-506c-4352-8e9b-cd44eaf5218b","userAgent":"Mozilla/5.0 (Windows NT 10.0; Win64; x64) AppleWebKit/537.36 (KHTML, like Gecko)"}
{"ts":"2026-07-19T15:26:05.360Z","level":"info","message":"GET /91fdec7b-36a3-431e-8b6d-474c6f9a4da5 200 571ms","ip":"::1","userId":"f437545e-506c-4352-8e9b-cd44eaf5218b","userAgent":"Mozilla/5.0 (Windows NT 10.0; Win64; x64) AppleWebKit/537.36 (KHTML, like Gecko)"}
{"ts":"2026-07-19T15:26:05.673Z","level":"info","message":"GET /91fdec7b-36a3-431e-8b6d-474c6f9a4da5 304 310ms","ip":"::1","userId":"f437545e-506c-4352-8e9b-cd44eaf5218b","userAgent":"Mozilla/5.0 (Windows NT 10.0; Win64; x64) AppleWebKit/537.36 (KHTML, like Gecko)"}
