{"ts":"2026-06-19T16:06:31.467Z","level":"info","message":"Backup scheduled: 0 2 * * *"}
{"ts":"2026-06-19T16:06:31.476Z","level":"info","message":"🚀 POS Server running on port 3001"}
{"ts":"2026-06-19T16:06:31.476Z","level":"info","message":"   Environment: development"}
{"ts":"2026-06-19T16:06:31.477Z","level":"info","message":"   Client URL:  http://localhost:5173"}
{"ts":"2026-06-19T16:06:34.567Z","level":"info","message":"Backup scheduled: 0 2 * * *"}
{"ts":"2026-06-19T16:06:34.575Z","level":"info","message":"🚀 POS Server running on port 3001"}
{"ts":"2026-06-19T16:06:34.576Z","level":"info","message":"   Environment: development"}
{"ts":"2026-06-19T16:06:34.576Z","level":"info","message":"   Client URL:  http://localhost:5173"}
{"ts":"2026-06-19T16:07:24.204Z","level":"error","message":"Auth middleware error","error":"jwt expired"}
{"ts":"2026-06-19T16:07:24.221Z","level":"warn","message":"GET /stats 401 25ms","ip":"::1","userAgent":"Mozilla/5.0 (Windows NT 10.0; Win64; x64) AppleWebKit/537.36 (KHTML, like Gecko)"}
{"ts":"2026-06-19T16:07:24.226Z","level":"error","message":"Auth middleware error","error":"jwt expired"}
{"ts":"2026-06-19T16:07:24.228Z","level":"warn","message":"GET / 401 4ms","ip":"::1","userAgent":"Mozilla/5.0 (Windows NT 10.0; Win64; x64) AppleWebKit/537.36 (KHTML, like Gecko)"}
{"ts":"2026-06-19T16:07:24.231Z","level":"error","message":"Auth middleware error","error":"jwt expired"}
{"ts":"2026-06-19T16:07:24.233Z","level":"warn","message":"GET /pending/all 401 3ms","ip":"::1","userAgent":"Mozilla/5.0 (Windows NT 10.0; Win64; x64) AppleWebKit/537.36 (KHTML, like Gecko)"}
{"ts":"2026-06-19T16:07:24.237Z","level":"error","message":"Auth middleware error","error":"jwt expired"}
{"ts":"2026-06-19T16:07:24.239Z","level":"warn","message":"GET /profit 401 3ms","ip":"::1","userAgent":"Mozilla/5.0 (Windows NT 10.0; Win64; x64) AppleWebKit/537.36 (KHTML, like Gecko)"}
{"ts":"2026-06-19T16:07:24.243Z","level":"error","message":"Auth middleware error","error":"jwt expired"}
{"ts":"2026-06-19T16:07:24.245Z","level":"warn","message":"GET /visits 401 3ms","ip":"::1","userAgent":"Mozilla/5.0 (Windows NT 10.0; Win64; x64) AppleWebKit/537.36 (KHTML, like Gecko)"}
{"ts":"2026-06-19T16:07:24.250Z","level":"error","message":"Auth middleware error","error":"jwt expired"}
{"ts":"2026-06-19T16:07:24.252Z","level":"warn","message":"GET / 401 3ms","ip":"::1","userAgent":"Mozilla/5.0 (Windows NT 10.0; Win64; x64) AppleWebKit/537.36 (KHTML, like Gecko)"}
{"ts":"2026-06-19T16:07:24.255Z","level":"error","message":"Auth middleware error","error":"jwt expired"}
{"ts":"2026-06-19T16:07:24.256Z","level":"warn","message":"GET /stats 401 2ms","ip":"::1","userAgent":"Mozilla/5.0 (Windows NT 10.0; Win64; x64) AppleWebKit/537.36 (KHTML, like Gecko)"}
{"ts":"2026-06-19T16:07:24.259Z","level":"error","message":"Auth middleware error","error":"jwt expired"}
{"ts":"2026-06-19T16:07:24.261Z","level":"warn","message":"GET /pending/all 401 3ms","ip":"::1","userAgent":"Mozilla/5.0 (Windows NT 10.0; Win64; x64) AppleWebKit/537.36 (KHTML, like Gecko)"}
{"ts":"2026-06-19T16:07:24.263Z","level":"error","message":"Auth middleware error","error":"jwt expired"}
{"ts":"2026-06-19T16:07:24.265Z","level":"warn","message":"GET /profit 401 2ms","ip":"::1","userAgent":"Mozilla/5.0 (Windows NT 10.0; Win64; x64) AppleWebKit/537.36 (KHTML, like Gecko)"}
{"ts":"2026-06-19T16:07:24.268Z","level":"error","message":"Auth middleware error","error":"jwt expired"}
{"ts":"2026-06-19T16:07:24.270Z","level":"warn","message":"GET /visits 401 2ms","ip":"::1","userAgent":"Mozilla/5.0 (Windows NT 10.0; Win64; x64) AppleWebKit/537.36 (KHTML, like Gecko)"}
{"ts":"2026-06-19T16:07:26.781Z","level":"error","message":"Auth middleware error","error":"jwt expired"}
{"ts":"2026-06-19T16:07:26.783Z","level":"warn","message":"GET /stats 401 2ms","ip":"::1","userAgent":"Mozilla/5.0 (Windows NT 10.0; Win64; x64) AppleWebKit/537.36 (KHTML, like Gecko)"}
{"ts":"2026-06-19T16:07:26.785Z","level":"error","message":"Auth middleware error","error":"jwt expired"}
{"ts":"2026-06-19T16:07:26.788Z","level":"warn","message":"GET / 401 3ms","ip":"::1","userAgent":"Mozilla/5.0 (Windows NT 10.0; Win64; x64) AppleWebKit/537.36 (KHTML, like Gecko)"}
{"ts":"2026-06-19T16:07:26.790Z","level":"error","message":"Auth middleware error","error":"jwt expired"}
{"ts":"2026-06-19T16:07:26.791Z","level":"warn","message":"GET /pending/all 401 2ms","ip":"::1","userAgent":"Mozilla/5.0 (Windows NT 10.0; Win64; x64) AppleWebKit/537.36 (KHTML, like Gecko)"}
{"ts":"2026-06-19T16:07:26.794Z","level":"error","message":"Auth middleware error","error":"jwt expired"}
{"ts":"2026-06-19T16:07:26.796Z","level":"warn","message":"GET /profit 401 2ms","ip":"::1","userAgent":"Mozilla/5.0 (Windows NT 10.0; Win64; x64) AppleWebKit/537.36 (KHTML, like Gecko)"}
{"ts":"2026-06-19T16:07:26.798Z","level":"error","message":"Auth middleware error","error":"jwt expired"}
{"ts":"2026-06-19T16:07:26.799Z","level":"warn","message":"GET /visits 401 2ms","ip":"::1","userAgent":"Mozilla/5.0 (Windows NT 10.0; Win64; x64) AppleWebKit/537.36 (KHTML, like Gecko)"}
{"ts":"2026-06-19T16:07:27.471Z","level":"error","message":"Auth middleware error","error":"jwt expired"}
{"ts":"2026-06-19T16:07:27.473Z","level":"warn","message":"GET /stats 401 3ms","ip":"::1","userAgent":"Mozilla/5.0 (Windows NT 10.0; Win64; x64) AppleWebKit/537.36 (KHTML, like Gecko)"}
{"ts":"2026-06-19T16:07:27.475Z","level":"error","message":"Auth middleware error","error":"jwt expired"}
{"ts":"2026-06-19T16:07:27.477Z","level":"warn","message":"GET / 401 3ms","ip":"::1","userAgent":"Mozilla/5.0 (Windows NT 10.0; Win64; x64) AppleWebKit/537.36 (KHTML, like Gecko)"}
{"ts":"2026-06-19T16:07:27.479Z","level":"error","message":"Auth middleware error","error":"jwt expired"}
{"ts":"2026-06-19T16:07:27.480Z","level":"warn","message":"GET /pending/all 401 2ms","ip":"::1","userAgent":"Mozilla/5.0 (Windows NT 10.0; Win64; x64) AppleWebKit/537.36 (KHTML, like Gecko)"}
{"ts":"2026-06-19T16:07:27.482Z","level":"error","message":"Auth middleware error","error":"jwt expired"}
{"ts":"2026-06-19T16:07:27.483Z","level":"warn","message":"GET /profit 401 2ms","ip":"::1","userAgent":"Mozilla/5.0 (Windows NT 10.0; Win64; x64) AppleWebKit/537.36 (KHTML, like Gecko)"}
{"ts":"2026-06-19T16:07:27.486Z","level":"error","message":"Auth middleware error","error":"jwt expired"}
{"ts":"2026-06-19T16:07:27.487Z","level":"warn","message":"GET /visits 401 2ms","ip":"::1","userAgent":"Mozilla/5.0 (Windows NT 10.0; Win64; x64) AppleWebKit/537.36 (KHTML, like Gecko)"}
{"ts":"2026-06-19T16:07:42.209Z","level":"error","message":"Auth middleware error","error":"jwt expired"}
{"ts":"2026-06-19T16:07:42.215Z","level":"warn","message":"GET /stats 401 8ms","ip":"::1","userAgent":"Mozilla/5.0 (Windows NT 10.0; Win64; x64) AppleWebKit/537.36 (KHTML, like Gecko)"}
{"ts":"2026-06-19T16:07:42.223Z","level":"error","message":"Auth middleware error","error":"jwt expired"}
{"ts":"2026-06-19T16:07:42.226Z","level":"warn","message":"GET / 401 5ms","ip":"::1","userAgent":"Mozilla/5.0 (Windows NT 10.0; Win64; x64) AppleWebKit/537.36 (KHTML, like Gecko)"}
{"ts":"2026-06-19T16:07:42.242Z","level":"error","message":"Auth middleware error","error":"jwt expired"}
{"ts":"2026-06-19T16:07:42.245Z","level":"warn","message":"GET /pending/all 401 6ms","ip":"::1","userAgent":"Mozilla/5.0 (Windows NT 10.0; Win64; x64) AppleWebKit/537.36 (KHTML, like Gecko)"}
{"ts":"2026-06-19T16:07:42.251Z","level":"error","message":"Auth middleware error","error":"jwt expired"}
{"ts":"2026-06-19T16:07:42.254Z","level":"warn","message":"GET /profit 401 5ms","ip":"::1","userAgent":"Mozilla/5.0 (Windows NT 10.0; Win64; x64) AppleWebKit/537.36 (KHTML, like Gecko)"}
{"ts":"2026-06-19T16:07:42.259Z","level":"error","message":"Auth middleware error","error":"jwt expired"}
{"ts":"2026-06-19T16:07:42.263Z","level":"warn","message":"GET /visits 401 5ms","ip":"::1","userAgent":"Mozilla/5.0 (Windows NT 10.0; Win64; x64) AppleWebKit/537.36 (KHTML, like Gecko)"}
{"ts":"2026-06-19T16:07:45.681Z","level":"error","message":"Auth middleware error","error":"jwt expired"}
{"ts":"2026-06-19T16:07:45.685Z","level":"warn","message":"GET /stats 401 6ms","ip":"::1","userAgent":"Mozilla/5.0 (Windows NT 10.0; Win64; x64) AppleWebKit/537.36 (KHTML, like Gecko)"}
{"ts":"2026-06-19T16:07:45.689Z","level":"error","message":"Auth middleware error","error":"jwt expired"}
{"ts":"2026-06-19T16:07:45.693Z","level":"warn","message":"GET / 401 6ms","ip":"::1","userAgent":"Mozilla/5.0 (Windows NT 10.0; Win64; x64) AppleWebKit/537.36 (KHTML, like Gecko)"}
{"ts":"2026-06-19T16:07:45.697Z","level":"error","message":"Auth middleware error","error":"jwt expired"}
{"ts":"2026-06-19T16:07:45.704Z","level":"warn","message":"GET /pending/all 401 8ms","ip":"::1","userAgent":"Mozilla/5.0 (Windows NT 10.0; Win64; x64) AppleWebKit/537.36 (KHTML, like Gecko)"}
{"ts":"2026-06-19T16:07:45.708Z","level":"error","message":"Auth middleware error","error":"jwt expired"}
{"ts":"2026-06-19T16:07:45.712Z","level":"warn","message":"GET /profit 401 5ms","ip":"::1","userAgent":"Mozilla/5.0 (Windows NT 10.0; Win64; x64) AppleWebKit/537.36 (KHTML, like Gecko)"}
{"ts":"2026-06-19T16:07:45.717Z","level":"error","message":"Auth middleware error","error":"jwt expired"}
{"ts":"2026-06-19T16:07:45.718Z","level":"warn","message":"GET /visits 401 2ms","ip":"::1","userAgent":"Mozilla/5.0 (Windows NT 10.0; Win64; x64) AppleWebKit/537.36 (KHTML, like Gecko)"}
{"ts":"2026-06-19T16:08:19.192Z","level":"info","message":"Backup scheduled: 0 2 * * *"}
{"ts":"2026-06-19T16:08:19.206Z","level":"info","message":"🚀 POS Server running on port 3001"}
{"ts":"2026-06-19T16:08:19.206Z","level":"info","message":"   Environment: development"}
{"ts":"2026-06-19T16:08:19.207Z","level":"info","message":"   Client URL:  http://localhost:5173"}
{"ts":"2026-06-19T16:08:44.978Z","level":"warn","message":"POST /login 401 992ms","ip":"::1","userAgent":"Mozilla/5.0 (Windows NT 10.0; Win64; x64) AppleWebKit/537.36 (KHTML, like Gecko)"}
{"ts":"2026-06-19T16:08:59.869Z","level":"warn","message":"POST /login 401 385ms","ip":"::1","userAgent":"Mozilla/5.0 (Windows NT 10.0; Win64; x64) AppleWebKit/537.36 (KHTML, like Gecko)"}
{"ts":"2026-06-19T16:09:07.547Z","level":"warn","message":"POST /login 401 272ms","ip":"::1","userAgent":"Mozilla/5.0 (Windows NT 10.0; Win64; x64) AppleWebKit/537.36 (KHTML, like Gecko)"}
{"ts":"2026-06-19T16:09:30.164Z","level":"warn","message":"POST /login 401 265ms","ip":"::1","userAgent":"Mozilla/5.0 (Windows NT 10.0; Win64; x64) AppleWebKit/537.36 (KHTML, like Gecko)"}
{"ts":"2026-06-19T16:09:56.586Z","level":"warn","message":"POST /login 401 226ms","ip":"::1","userAgent":"Mozilla/5.0 (Windows NT 10.0; Win64; x64) AppleWebKit/537.36 (KHTML, like Gecko)"}
{"ts":"2026-06-19T16:10:09.368Z","level":"warn","message":"POST /login 401 467ms","ip":"::1","userAgent":"Mozilla/5.0 (Windows NT 10.0; Win64; x64) AppleWebKit/537.36 (KHTML, like Gecko)"}
{"ts":"2026-06-19T16:10:15.652Z","level":"info","message":"POST /register 201 431ms","ip":"::1","userAgent":"Mozilla/5.0 (Windows NT 10.0; Win64; x64) AppleWebKit/537.36 (KHTML, like Gecko)"}
{"ts":"2026-06-19T16:10:16.183Z","level":"info","message":"GET /pending/all 200 394ms","ip":"::1","userId":"12b59a57-a87f-4cc4-aad2-433e231111a3","userAgent":"Mozilla/5.0 (Windows NT 10.0; Win64; x64) AppleWebKit/537.36 (KHTML, like Gecko)"}
{"ts":"2026-06-19T16:10:16.249Z","level":"info","message":"GET /visits 200 441ms","ip":"::1","userId":"12b59a57-a87f-4cc4-aad2-433e231111a3","userAgent":"Mozilla/5.0 (Windows NT 10.0; Win64; x64) AppleWebKit/537.36 (KHTML, like Gecko)"}
{"ts":"2026-06-19T16:10:16.357Z","level":"info","message":"GET /pending/all 304 173ms","ip":"::1","userId":"12b59a57-a87f-4cc4-aad2-433e231111a3","userAgent":"Mozilla/5.0 (Windows NT 10.0; Win64; x64) AppleWebKit/537.36 (KHTML, like Gecko)"}
{"ts":"2026-06-19T16:10:16.382Z","level":"info","message":"GET /profit 200 586ms","ip":"::1","userId":"12b59a57-a87f-4cc4-aad2-433e231111a3","userAgent":"Mozilla/5.0 (Windows NT 10.0; Win64; x64) AppleWebKit/537.36 (KHTML, like Gecko)"}
{"ts":"2026-06-19T16:10:16.463Z","level":"info","message":"GET / 200 680ms","ip":"::1","userId":"12b59a57-a87f-4cc4-aad2-433e231111a3","userAgent":"Mozilla/5.0 (Windows NT 10.0; Win64; x64) AppleWebKit/537.36 (KHTML, like Gecko)"}
{"ts":"2026-06-19T16:10:16.562Z","level":"info","message":"GET / 304 97ms","ip":"::1","userId":"12b59a57-a87f-4cc4-aad2-433e231111a3","userAgent":"Mozilla/5.0 (Windows NT 10.0; Win64; x64) AppleWebKit/537.36 (KHTML, like Gecko)"}
{"ts":"2026-06-19T16:10:17.204Z","level":"info","message":"GET /visits 304 952ms","ip":"::1","userId":"12b59a57-a87f-4cc4-aad2-433e231111a3","userAgent":"Mozilla/5.0 (Windows NT 10.0; Win64; x64) AppleWebKit/537.36 (KHTML, like Gecko)"}
{"ts":"2026-06-19T16:10:17.287Z","level":"info","message":"GET /profit 304 903ms","ip":"::1","userId":"12b59a57-a87f-4cc4-aad2-433e231111a3","userAgent":"Mozilla/5.0 (Windows NT 10.0; Win64; x64) AppleWebKit/537.36 (KHTML, like Gecko)"}
{"ts":"2026-06-19T16:10:34.045Z","level":"warn","message":"POST /login 401 386ms","ip":"::1","userAgent":"Mozilla/5.0 (Windows NT 10.0; Win64; x64) AppleWebKit/537.36 (KHTML, like Gecko)"}
{"ts":"2026-06-19T16:10:35.950Z","level":"info","message":"GET /stats 200 192ms","ip":"::1","userId":"12b59a57-a87f-4cc4-aad2-433e231111a3","userAgent":"Mozilla/5.0 (Windows NT 10.0; Win64; x64) AppleWebKit/537.36 (KHTML, like Gecko)"}
{"ts":"2026-06-19T16:11:01.762Z","level":"warn","message":"POST /login 401 497ms","ip":"::1","userAgent":"Mozilla/5.0 (Windows NT 10.0; Win64; x64) AppleWebKit/537.36 (KHTML, like Gecko)"}
{"ts":"2026-06-19T16:11:19.198Z","level":"info","message":"POST /login 200 456ms","ip":"::1","userAgent":"Mozilla/5.0 (Windows NT 10.0; Win64; x64) AppleWebKit/537.36 (KHTML, like Gecko)"}
{"ts":"2026-06-19T16:11:19.437Z","level":"info","message":"GET / 304 205ms","ip":"::1","userId":"12b59a57-a87f-4cc4-aad2-433e231111a3","userAgent":"Mozilla/5.0 (Windows NT 10.0; Win64; x64) AppleWebKit/537.36 (KHTML, like Gecko)"}
{"ts":"2026-06-19T16:11:19.539Z","level":"info","message":"GET /visits 304 294ms","ip":"::1","userId":"12b59a57-a87f-4cc4-aad2-433e231111a3","userAgent":"Mozilla/5.0 (Windows NT 10.0; Win64; x64) AppleWebKit/537.36 (KHTML, like Gecko)"}
{"ts":"2026-06-19T16:11:19.561Z","level":"info","message":"GET /profit 304 323ms","ip":"::1","userId":"12b59a57-a87f-4cc4-aad2-433e231111a3","userAgent":"Mozilla/5.0 (Windows NT 10.0; Win64; x64) AppleWebKit/537.36 (KHTML, like Gecko)"}
{"ts":"2026-06-19T16:11:19.639Z","level":"info","message":"GET /pending/all 304 405ms","ip":"::1","userId":"12b59a57-a87f-4cc4-aad2-433e231111a3","userAgent":"Mozilla/5.0 (Windows NT 10.0; Win64; x64) AppleWebKit/537.36 (KHTML, like Gecko)"}
{"ts":"2026-06-19T16:11:19.644Z","level":"info","message":"GET / 304 206ms","ip":"::1","userId":"12b59a57-a87f-4cc4-aad2-433e231111a3","userAgent":"Mozilla/5.0 (Windows NT 10.0; Win64; x64) AppleWebKit/537.36 (KHTML, like Gecko)"}
{"ts":"2026-06-19T16:11:19.741Z","level":"info","message":"GET /visits 304 200ms","ip":"::1","userId":"12b59a57-a87f-4cc4-aad2-433e231111a3","userAgent":"Mozilla/5.0 (Windows NT 10.0; Win64; x64) AppleWebKit/537.36 (KHTML, like Gecko)"}
{"ts":"2026-06-19T16:11:19.844Z","level":"info","message":"GET /pending/all 304 204ms","ip":"::1","userId":"12b59a57-a87f-4cc4-aad2-433e231111a3","userAgent":"Mozilla/5.0 (Windows NT 10.0; Win64; x64) AppleWebKit/537.36 (KHTML, like Gecko)"}
{"ts":"2026-06-19T16:11:19.849Z","level":"info","message":"GET /profit 304 287ms","ip":"::1","userId":"12b59a57-a87f-4cc4-aad2-433e231111a3","userAgent":"Mozilla/5.0 (Windows NT 10.0; Win64; x64) AppleWebKit/537.36 (KHTML, like Gecko)"}
{"ts":"2026-06-19T16:11:27.836Z","level":"info","message":"GET /stats 200 72081ms","ip":"::1","userId":"12b59a57-a87f-4cc4-aad2-433e231111a3","userAgent":"Mozilla/5.0 (Windows NT 10.0; Win64; x64) AppleWebKit/537.36 (KHTML, like Gecko)"}
{"ts":"2026-06-19T16:11:28.139Z","level":"info","message":"GET /stats 304 300ms","ip":"::1","userId":"12b59a57-a87f-4cc4-aad2-433e231111a3","userAgent":"Mozilla/5.0 (Windows NT 10.0; Win64; x64) AppleWebKit/537.36 (KHTML, like Gecko)"}
{"ts":"2026-06-19T16:11:28.346Z","level":"info","message":"GET /stats 304 205ms","ip":"::1","userId":"12b59a57-a87f-4cc4-aad2-433e231111a3","userAgent":"Mozilla/5.0 (Windows NT 10.0; Win64; x64) AppleWebKit/537.36 (KHTML, like Gecko)"}
{"ts":"2026-06-19T16:11:28.920Z","level":"warn","message":"POST /login 401 308ms","ip":"::1","userAgent":"Mozilla/5.0 (Windows NT 10.0; Win64; x64) AppleWebKit/537.36 (KHTML, like Gecko)"}
{"ts":"2026-06-19T16:11:34.443Z","level":"info","message":"POST /login 200 330ms","ip":"::1","userAgent":"Mozilla/5.0 (Windows NT 10.0; Win64; x64) AppleWebKit/537.36 (KHTML, like Gecko)"}
{"ts":"2026-06-19T16:11:34.695Z","level":"info","message":"GET /visits 304 216ms","ip":"::1","userId":"12b59a57-a87f-4cc4-aad2-433e231111a3","userAgent":"Mozilla/5.0 (Windows NT 10.0; Win64; x64) AppleWebKit/537.36 (KHTML, like Gecko)"}
{"ts":"2026-06-19T16:11:34.705Z","level":"info","message":"GET /pending/all 304 236ms","ip":"::1","userId":"12b59a57-a87f-4cc4-aad2-433e231111a3","userAgent":"Mozilla/5.0 (Windows NT 10.0; Win64; x64) AppleWebKit/537.36 (KHTML, like Gecko)"}
{"ts":"2026-06-19T16:11:34.723Z","level":"info","message":"GET /profit 304 250ms","ip":"::1","userId":"12b59a57-a87f-4cc4-aad2-433e231111a3","userAgent":"Mozilla/5.0 (Windows NT 10.0; Win64; x64) AppleWebKit/537.36 (KHTML, like Gecko)"}
{"ts":"2026-06-19T16:11:34.725Z","level":"info","message":"GET / 304 259ms","ip":"::1","userId":"12b59a57-a87f-4cc4-aad2-433e231111a3","userAgent":"Mozilla/5.0 (Windows NT 10.0; Win64; x64) AppleWebKit/537.36 (KHTML, like Gecko)"}
{"ts":"2026-06-19T16:11:34.795Z","level":"info","message":"GET /visits 304 83ms","ip":"::1","userId":"12b59a57-a87f-4cc4-aad2-433e231111a3","userAgent":"Mozilla/5.0 (Windows NT 10.0; Win64; x64) AppleWebKit/537.36 (KHTML, like Gecko)"}
{"ts":"2026-06-19T16:11:34.799Z","level":"info","message":"GET / 304 69ms","ip":"::1","userId":"12b59a57-a87f-4cc4-aad2-433e231111a3","userAgent":"Mozilla/5.0 (Windows NT 10.0; Win64; x64) AppleWebKit/537.36 (KHTML, like Gecko)"}
{"ts":"2026-06-19T16:11:34.899Z","level":"info","message":"GET /profit 304 173ms","ip":"::1","userId":"12b59a57-a87f-4cc4-aad2-433e231111a3","userAgent":"Mozilla/5.0 (Windows NT 10.0; Win64; x64) AppleWebKit/537.36 (KHTML, like Gecko)"}
{"ts":"2026-06-19T16:11:34.901Z","level":"info","message":"GET /pending/all 304 187ms","ip":"::1","userId":"12b59a57-a87f-4cc4-aad2-433e231111a3","userAgent":"Mozilla/5.0 (Windows NT 10.0; Win64; x64) AppleWebKit/537.36 (KHTML, like Gecko)"}
{"ts":"2026-06-19T16:11:34.904Z","level":"info","message":"GET /stats 304 443ms","ip":"::1","userId":"12b59a57-a87f-4cc4-aad2-433e231111a3","userAgent":"Mozilla/5.0 (Windows NT 10.0; Win64; x64) AppleWebKit/537.36 (KHTML, like Gecko)"}
{"ts":"2026-06-19T16:11:35.000Z","level":"info","message":"GET /stats 304 91ms","ip":"::1","userId":"12b59a57-a87f-4cc4-aad2-433e231111a3","userAgent":"Mozilla/5.0 (Windows NT 10.0; Win64; x64) AppleWebKit/537.36 (KHTML, like Gecko)"}
{"ts":"2026-06-19T16:11:43.874Z","level":"info","message":"POST /login 200 317ms","ip":"::1","userAgent":"Mozilla/5.0 (Windows NT 10.0; Win64; x64) AppleWebKit/537.36 (KHTML, like Gecko)"}
{"ts":"2026-06-19T16:11:44.102Z","level":"info","message":"GET /visits 200 192ms","ip":"::1","userId":"12b59a57-a87f-4cc4-aad2-433e231111a3","userAgent":"Mozilla/5.0 (Windows NT 10.0; Win64; x64) AppleWebKit/537.36 (KHTML, like Gecko)"}
{"ts":"2026-06-19T16:11:44.103Z","level":"info","message":"GET /pending/all 304 200ms","ip":"::1","userId":"12b59a57-a87f-4cc4-aad2-433e231111a3","userAgent":"Mozilla/5.0 (Windows NT 10.0; Win64; x64) AppleWebKit/537.36 (KHTML, like Gecko)"}
{"ts":"2026-06-19T16:11:44.108Z","level":"info","message":"GET /stats 200 217ms","ip":"::1","userId":"12b59a57-a87f-4cc4-aad2-433e231111a3","userAgent":"Mozilla/5.0 (Windows NT 10.0; Win64; x64) AppleWebKit/537.36 (KHTML, like Gecko)"}
{"ts":"2026-06-19T16:11:44.111Z","level":"info","message":"GET / 304 211ms","ip":"::1","userId":"12b59a57-a87f-4cc4-aad2-433e231111a3","userAgent":"Mozilla/5.0 (Windows NT 10.0; Win64; x64) AppleWebKit/537.36 (KHTML, like Gecko)"}
{"ts":"2026-06-19T16:11:44.113Z","level":"info","message":"GET /profit 200 208ms","ip":"::1","userId":"12b59a57-a87f-4cc4-aad2-433e231111a3","userAgent":"Mozilla/5.0 (Windows NT 10.0; Win64; x64) AppleWebKit/537.36 (KHTML, like Gecko)"}
{"ts":"2026-06-19T16:11:44.206Z","level":"info","message":"GET /visits 304 91ms","ip":"::1","userId":"12b59a57-a87f-4cc4-aad2-433e231111a3","userAgent":"Mozilla/5.0 (Windows NT 10.0; Win64; x64) AppleWebKit/537.36 (KHTML, like Gecko)"}
{"ts":"2026-06-19T16:11:44.208Z","level":"info","message":"GET /pending/all 304 91ms","ip":"::1","userId":"12b59a57-a87f-4cc4-aad2-433e231111a3","userAgent":"Mozilla/5.0 (Windows NT 10.0; Win64; x64) AppleWebKit/537.36 (KHTML, like Gecko)"}
{"ts":"2026-06-19T16:11:44.306Z","level":"info","message":"GET /profit 304 179ms","ip":"::1","userId":"12b59a57-a87f-4cc4-aad2-433e231111a3","userAgent":"Mozilla/5.0 (Windows NT 10.0; Win64; x64) AppleWebKit/537.36 (KHTML, like Gecko)"}
{"ts":"2026-06-19T16:11:44.311Z","level":"info","message":"GET / 304 193ms","ip":"::1","userId":"12b59a57-a87f-4cc4-aad2-433e231111a3","userAgent":"Mozilla/5.0 (Windows NT 10.0; Win64; x64) AppleWebKit/537.36 (KHTML, like Gecko)"}
{"ts":"2026-06-19T16:11:44.504Z","level":"info","message":"GET /stats 304 384ms","ip":"::1","userId":"12b59a57-a87f-4cc4-aad2-433e231111a3","userAgent":"Mozilla/5.0 (Windows NT 10.0; Win64; x64) AppleWebKit/537.36 (KHTML, like Gecko)"}
{"ts":"2026-06-19T16:11:50.656Z","level":"info","message":"GET / 304 585ms","ip":"::1","userId":"12b59a57-a87f-4cc4-aad2-433e231111a3","userAgent":"Mozilla/5.0 (Windows NT 10.0; Win64; x64) AppleWebKit/537.36 (KHTML, like Gecko)"}
{"ts":"2026-06-19T16:11:50.661Z","level":"info","message":"GET / 304 594ms","ip":"::1","userId":"12b59a57-a87f-4cc4-aad2-433e231111a3","userAgent":"Mozilla/5.0 (Windows NT 10.0; Win64; x64) AppleWebKit/537.36 (KHTML, like Gecko)"}
{"ts":"2026-06-19T16:11:50.762Z","level":"info","message":"GET / 304 99ms","ip":"::1","userId":"12b59a57-a87f-4cc4-aad2-433e231111a3","userAgent":"Mozilla/5.0 (Windows NT 10.0; Win64; x64) AppleWebKit/537.36 (KHTML, like Gecko)"}
{"ts":"2026-06-19T16:11:50.858Z","level":"info","message":"GET / 304 192ms","ip":"::1","userId":"12b59a57-a87f-4cc4-aad2-433e231111a3","userAgent":"Mozilla/5.0 (Windows NT 10.0; Win64; x64) AppleWebKit/537.36 (KHTML, like Gecko)"}
{"ts":"2026-06-19T16:12:28.895Z","level":"info","message":"POST /login 200 710ms","ip":"::1","userAgent":"Mozilla/5.0 (Windows NT 10.0; Win64; x64) AppleWebKit/537.36 (KHTML, like Gecko)"}
{"ts":"2026-06-19T16:12:30.688Z","level":"info","message":"GET / 304 1711ms","ip":"::1","userId":"f437545e-506c-4352-8e9b-cd44eaf5218b","userAgent":"Mozilla/5.0 (Windows NT 10.0; Win64; x64) AppleWebKit/537.36 (KHTML, like Gecko)"}
{"ts":"2026-06-19T16:12:30.695Z","level":"info","message":"GET /visits 304 1707ms","ip":"::1","userId":"f437545e-506c-4352-8e9b-cd44eaf5218b","userAgent":"Mozilla/5.0 (Windows NT 10.0; Win64; x64) AppleWebKit/537.36 (KHTML, like Gecko)"}
{"ts":"2026-06-19T16:12:30.788Z","level":"info","message":"GET /stats 304 1818ms","ip":"::1","userId":"f437545e-506c-4352-8e9b-cd44eaf5218b","userAgent":"Mozilla/5.0 (Windows NT 10.0; Win64; x64) AppleWebKit/537.36 (KHTML, like Gecko)"}
{"ts":"2026-06-19T16:12:31.303Z","level":"info","message":"GET /pending/all 304 2324ms","ip":"::1","userId":"f437545e-506c-4352-8e9b-cd44eaf5218b","userAgent":"Mozilla/5.0 (Windows NT 10.0; Win64; x64) AppleWebKit/537.36 (KHTML, like Gecko)"}
{"ts":"2026-06-19T16:12:31.310Z","level":"info","message":"GET /profit 304 2329ms","ip":"::1","userId":"f437545e-506c-4352-8e9b-cd44eaf5218b","userAgent":"Mozilla/5.0 (Windows NT 10.0; Win64; x64) AppleWebKit/537.36 (KHTML, like Gecko)"}
{"ts":"2026-06-19T16:12:31.426Z","level":"info","message":"GET /stats 304 635ms","ip":"::1","userId":"f437545e-506c-4352-8e9b-cd44eaf5218b","userAgent":"Mozilla/5.0 (Windows NT 10.0; Win64; x64) AppleWebKit/537.36 (KHTML, like Gecko)"}
{"ts":"2026-06-19T16:12:31.438Z","level":"info","message":"GET / 304 740ms","ip":"::1","userId":"f437545e-506c-4352-8e9b-cd44eaf5218b","userAgent":"Mozilla/5.0 (Windows NT 10.0; Win64; x64) AppleWebKit/537.36 (KHTML, like Gecko)"}
{"ts":"2026-06-19T16:12:31.516Z","level":"info","message":"GET /visits 304 816ms","ip":"::1","userId":"f437545e-506c-4352-8e9b-cd44eaf5218b","userAgent":"Mozilla/5.0 (Windows NT 10.0; Win64; x64) AppleWebKit/537.36 (KHTML, like Gecko)"}
{"ts":"2026-06-19T16:12:31.612Z","level":"info","message":"GET /profit 304 295ms","ip":"::1","userId":"f437545e-506c-4352-8e9b-cd44eaf5218b","userAgent":"Mozilla/5.0 (Windows NT 10.0; Win64; x64) AppleWebKit/537.36 (KHTML, like Gecko)"}
{"ts":"2026-06-19T16:12:31.614Z","level":"info","message":"GET /pending/all 304 307ms","ip":"::1","userId":"f437545e-506c-4352-8e9b-cd44eaf5218b","userAgent":"Mozilla/5.0 (Windows NT 10.0; Win64; x64) AppleWebKit/537.36 (KHTML, like Gecko)"}
{"ts":"2026-06-19T16:12:36.521Z","level":"warn","message":"GET /api/reports/reminder_logs 404 0ms","ip":"::1","userAgent":"Mozilla/5.0 (Windows NT 10.0; Win64; x64) AppleWebKit/537.36 (KHTML, like Gecko)"}
{"ts":"2026-06-19T16:12:36.524Z","level":"warn","message":"GET /api/reports/reminder_logs 404 0ms","ip":"::1","userAgent":"Mozilla/5.0 (Windows NT 10.0; Win64; x64) AppleWebKit/537.36 (KHTML, like Gecko)"}
{"ts":"2026-06-19T16:12:36.727Z","level":"info","message":"GET /pending/all 304 208ms","ip":"::1","userId":"f437545e-506c-4352-8e9b-cd44eaf5218b","userAgent":"Mozilla/5.0 (Windows NT 10.0; Win64; x64) AppleWebKit/537.36 (KHTML, like Gecko)"}
{"ts":"2026-06-19T16:12:36.843Z","level":"info","message":"GET /pending/all 304 114ms","ip":"::1","userId":"f437545e-506c-4352-8e9b-cd44eaf5218b","userAgent":"Mozilla/5.0 (Windows NT 10.0; Win64; x64) AppleWebKit/537.36 (KHTML, like Gecko)"}
{"ts":"2026-06-19T16:12:38.468Z","level":"info","message":"GET /pending/all 304 268ms","ip":"::1","userId":"f437545e-506c-4352-8e9b-cd44eaf5218b","userAgent":"Mozilla/5.0 (Windows NT 10.0; Win64; x64) AppleWebKit/537.36 (KHTML, like Gecko)"}
{"ts":"2026-06-19T16:12:38.775Z","level":"info","message":"GET /pending/all 304 306ms","ip":"::1","userId":"f437545e-506c-4352-8e9b-cd44eaf5218b","userAgent":"Mozilla/5.0 (Windows NT 10.0; Win64; x64) AppleWebKit/537.36 (KHTML, like Gecko)"}
{"ts":"2026-06-19T16:12:39.902Z","level":"info","message":"GET /pending/all 304 260ms","ip":"::1","userId":"f437545e-506c-4352-8e9b-cd44eaf5218b","userAgent":"Mozilla/5.0 (Windows NT 10.0; Win64; x64) AppleWebKit/537.36 (KHTML, like Gecko)"}
{"ts":"2026-06-19T16:12:40.006Z","level":"info","message":"GET / 200 361ms","ip":"::1","userId":"f437545e-506c-4352-8e9b-cd44eaf5218b","userAgent":"Mozilla/5.0 (Windows NT 10.0; Win64; x64) AppleWebKit/537.36 (KHTML, like Gecko)"}
{"ts":"2026-06-19T16:12:40.106Z","level":"info","message":"GET /pending/all 304 202ms","ip":"::1","userId":"f437545e-506c-4352-8e9b-cd44eaf5218b","userAgent":"Mozilla/5.0 (Windows NT 10.0; Win64; x64) AppleWebKit/537.36 (KHTML, like Gecko)"}
{"ts":"2026-06-19T16:12:40.209Z","level":"info","message":"GET / 304 200ms","ip":"::1","userId":"f437545e-506c-4352-8e9b-cd44eaf5218b","userAgent":"Mozilla/5.0 (Windows NT 10.0; Win64; x64) AppleWebKit/537.36 (KHTML, like Gecko)"}
{"ts":"2026-06-19T16:12:42.462Z","level":"info","message":"GET / 304 89ms","ip":"::1","userId":"f437545e-506c-4352-8e9b-cd44eaf5218b","userAgent":"Mozilla/5.0 (Windows NT 10.0; Win64; x64) AppleWebKit/537.36 (KHTML, like Gecko)"}
{"ts":"2026-06-19T16:12:42.489Z","level":"info","message":"GET / 200 119ms","ip":"::1","userId":"f437545e-506c-4352-8e9b-cd44eaf5218b","userAgent":"Mozilla/5.0 (Windows NT 10.0; Win64; x64) AppleWebKit/537.36 (KHTML, like Gecko)"}
{"ts":"2026-06-19T16:12:42.882Z","level":"info","message":"GET / 304 419ms","ip":"::1","userId":"f437545e-506c-4352-8e9b-cd44eaf5218b","userAgent":"Mozilla/5.0 (Windows NT 10.0; Win64; x64) AppleWebKit/537.36 (KHTML, like Gecko)"}
{"ts":"2026-06-19T16:12:42.889Z","level":"info","message":"GET / 304 400ms","ip":"::1","userId":"f437545e-506c-4352-8e9b-cd44eaf5218b","userAgent":"Mozilla/5.0 (Windows NT 10.0; Win64; x64) AppleWebKit/537.36 (KHTML, like Gecko)"}
{"ts":"2026-06-19T16:13:23.637Z","level":"info","message":"POST / 201 3863ms","ip":"::1","userId":"f437545e-506c-4352-8e9b-cd44eaf5218b","userAgent":"Mozilla/5.0 (Windows NT 10.0; Win64; x64) AppleWebKit/537.36 (KHTML, like Gecko)"}
{"ts":"2026-06-19T16:13:32.137Z","level":"info","message":"GET / 304 229ms","ip":"::1","userId":"f437545e-506c-4352-8e9b-cd44eaf5218b","userAgent":"Mozilla/5.0 (Windows NT 10.0; Win64; x64) AppleWebKit/537.36 (KHTML, like Gecko)"}
{"ts":"2026-06-19T16:13:32.140Z","level":"info","message":"GET /pending/all 200 231ms","ip":"::1","userId":"f437545e-506c-4352-8e9b-cd44eaf5218b","userAgent":"Mozilla/5.0 (Windows NT 10.0; Win64; x64) AppleWebKit/537.36 (KHTML, like Gecko)"}
{"ts":"2026-06-19T16:13:32.237Z","level":"info","message":"GET / 304 97ms","ip":"::1","userId":"f437545e-506c-4352-8e9b-cd44eaf5218b","userAgent":"Mozilla/5.0 (Windows NT 10.0; Win64; x64) AppleWebKit/537.36 (KHTML, like Gecko)"}
{"ts":"2026-06-19T16:13:32.339Z","level":"info","message":"GET /pending/all 304 198ms","ip":"::1","userId":"f437545e-506c-4352-8e9b-cd44eaf5218b","userAgent":"Mozilla/5.0 (Windows NT 10.0; Win64; x64) AppleWebKit/537.36 (KHTML, like Gecko)"}
{"ts":"2026-06-19T16:13:34.594Z","level":"info","message":"GET /pending/all 304 227ms","ip":"::1","userId":"f437545e-506c-4352-8e9b-cd44eaf5218b","userAgent":"Mozilla/5.0 (Windows NT 10.0; Win64; x64) AppleWebKit/537.36 (KHTML, like Gecko)"}
{"ts":"2026-06-19T16:13:34.695Z","level":"info","message":"GET /pending/all 304 100ms","ip":"::1","userId":"f437545e-506c-4352-8e9b-cd44eaf5218b","userAgent":"Mozilla/5.0 (Windows NT 10.0; Win64; x64) AppleWebKit/537.36 (KHTML, like Gecko)"}
{"ts":"2026-06-19T16:13:39.721Z","level":"info","message":"GET /visits 200 255ms","ip":"::1","userId":"f437545e-506c-4352-8e9b-cd44eaf5218b","userAgent":"Mozilla/5.0 (Windows NT 10.0; Win64; x64) AppleWebKit/537.36 (KHTML, like Gecko)"}
{"ts":"2026-06-19T16:13:39.722Z","level":"info","message":"GET /stats 200 264ms","ip":"::1","userId":"f437545e-506c-4352-8e9b-cd44eaf5218b","userAgent":"Mozilla/5.0 (Windows NT 10.0; Win64; x64) AppleWebKit/537.36 (KHTML, like Gecko)"}
{"ts":"2026-06-19T16:13:39.724Z","level":"info","message":"GET /pending/all 304 253ms","ip":"::1","userId":"f437545e-506c-4352-8e9b-cd44eaf5218b","userAgent":"Mozilla/5.0 (Windows NT 10.0; Win64; x64) AppleWebKit/537.36 (KHTML, like Gecko)"}
{"ts":"2026-06-19T16:13:39.725Z","level":"info","message":"GET /profit 200 257ms","ip":"::1","userId":"f437545e-506c-4352-8e9b-cd44eaf5218b","userAgent":"Mozilla/5.0 (Windows NT 10.0; Win64; x64) AppleWebKit/537.36 (KHTML, like Gecko)"}
{"ts":"2026-06-19T16:13:39.739Z","level":"info","message":"GET / 200 263ms","ip":"::1","userId":"f437545e-506c-4352-8e9b-cd44eaf5218b","userAgent":"Mozilla/5.0 (Windows NT 10.0; Win64; x64) AppleWebKit/537.36 (KHTML, like Gecko)"}
{"ts":"2026-06-19T16:13:39.819Z","level":"info","message":"GET /visits 304 93ms","ip":"::1","userId":"f437545e-506c-4352-8e9b-cd44eaf5218b","userAgent":"Mozilla/5.0 (Windows NT 10.0; Win64; x64) AppleWebKit/537.36 (KHTML, like Gecko)"}
{"ts":"2026-06-19T16:13:39.822Z","level":"info","message":"GET /pending/all 304 91ms","ip":"::1","userId":"f437545e-506c-4352-8e9b-cd44eaf5218b","userAgent":"Mozilla/5.0 (Windows NT 10.0; Win64; x64) AppleWebKit/537.36 (KHTML, like Gecko)"}
{"ts":"2026-06-19T16:13:39.831Z","level":"info","message":"GET /profit 304 98ms","ip":"::1","userId":"f437545e-506c-4352-8e9b-cd44eaf5218b","userAgent":"Mozilla/5.0 (Windows NT 10.0; Win64; x64) AppleWebKit/537.36 (KHTML, like Gecko)"}
{"ts":"2026-06-19T16:13:39.926Z","level":"info","message":"GET /stats 304 198ms","ip":"::1","userId":"f437545e-506c-4352-8e9b-cd44eaf5218b","userAgent":"Mozilla/5.0 (Windows NT 10.0; Win64; x64) AppleWebKit/537.36 (KHTML, like Gecko)"}
{"ts":"2026-06-19T16:13:39.928Z","level":"info","message":"GET / 304 187ms","ip":"::1","userId":"f437545e-506c-4352-8e9b-cd44eaf5218b","userAgent":"Mozilla/5.0 (Windows NT 10.0; Win64; x64) AppleWebKit/537.36 (KHTML, like Gecko)"}
{"ts":"2026-06-19T16:13:43.093Z","level":"info","message":"GET / 304 140ms","ip":"::1","userId":"f437545e-506c-4352-8e9b-cd44eaf5218b","userAgent":"Mozilla/5.0 (Windows NT 10.0; Win64; x64) AppleWebKit/537.36 (KHTML, like Gecko)"}
{"ts":"2026-06-19T16:13:43.099Z","level":"info","message":"GET / 200 144ms","ip":"::1","userId":"f437545e-506c-4352-8e9b-cd44eaf5218b","userAgent":"Mozilla/5.0 (Windows NT 10.0; Win64; x64) AppleWebKit/537.36 (KHTML, like Gecko)"}
{"ts":"2026-06-19T16:13:43.195Z","level":"info","message":"GET / 304 99ms","ip":"::1","userId":"f437545e-506c-4352-8e9b-cd44eaf5218b","userAgent":"Mozilla/5.0 (Windows NT 10.0; Win64; x64) AppleWebKit/537.36 (KHTML, like Gecko)"}
{"ts":"2026-06-19T16:13:43.196Z","level":"info","message":"GET / 304 96ms","ip":"::1","userId":"f437545e-506c-4352-8e9b-cd44eaf5218b","userAgent":"Mozilla/5.0 (Windows NT 10.0; Win64; x64) AppleWebKit/537.36 (KHTML, like Gecko)"}
{"ts":"2026-06-19T16:13:50.981Z","level":"info","message":"GET /visits 304 387ms","ip":"::1","userId":"f437545e-506c-4352-8e9b-cd44eaf5218b","userAgent":"Mozilla/5.0 (Windows NT 10.0; Win64; x64) AppleWebKit/537.36 (KHTML, like Gecko)"}
{"ts":"2026-06-19T16:13:50.983Z","level":"info","message":"GET /pending/all 304 395ms","ip":"::1","userId":"f437545e-506c-4352-8e9b-cd44eaf5218b","userAgent":"Mozilla/5.0 (Windows NT 10.0; Win64; x64) AppleWebKit/537.36 (KHTML, like Gecko)"}
{"ts":"2026-06-19T16:13:50.987Z","level":"info","message":"GET /profit 304 398ms","ip":"::1","userId":"f437545e-506c-4352-8e9b-cd44eaf5218b","userAgent":"Mozilla/5.0 (Windows NT 10.0; Win64; x64) AppleWebKit/537.36 (KHTML, like Gecko)"}
{"ts":"2026-06-19T16:13:50.989Z","level":"info","message":"GET /stats 304 407ms","ip":"::1","userId":"f437545e-506c-4352-8e9b-cd44eaf5218b","userAgent":"Mozilla/5.0 (Windows NT 10.0; Win64; x64) AppleWebKit/537.36 (KHTML, like Gecko)"}
{"ts":"2026-06-19T16:13:51.008Z","level":"info","message":"GET / 304 429ms","ip":"::1","userId":"f437545e-506c-4352-8e9b-cd44eaf5218b","userAgent":"Mozilla/5.0 (Windows NT 10.0; Win64; x64) AppleWebKit/537.36 (KHTML, like Gecko)"}
{"ts":"2026-06-19T16:13:51.080Z","level":"info","message":"GET /visits 304 96ms","ip":"::1","userId":"f437545e-506c-4352-8e9b-cd44eaf5218b","userAgent":"Mozilla/5.0 (Windows NT 10.0; Win64; x64) AppleWebKit/537.36 (KHTML, like Gecko)"}
{"ts":"2026-06-19T16:13:51.082Z","level":"info","message":"GET /pending/all 304 97ms","ip":"::1","userId":"f437545e-506c-4352-8e9b-cd44eaf5218b","userAgent":"Mozilla/5.0 (Windows NT 10.0; Win64; x64) AppleWebKit/537.36 (KHTML, like Gecko)"}
{"ts":"2026-06-19T16:13:51.186Z","level":"info","message":"GET /stats 304 184ms","ip":"::1","userId":"f437545e-506c-4352-8e9b-cd44eaf5218b","userAgent":"Mozilla/5.0 (Windows NT 10.0; Win64; x64) AppleWebKit/537.36 (KHTML, like Gecko)"}
{"ts":"2026-06-19T16:13:51.189Z","level":"info","message":"GET / 304 180ms","ip":"::1","userId":"f437545e-506c-4352-8e9b-cd44eaf5218b","userAgent":"Mozilla/5.0 (Windows NT 10.0; Win64; x64) AppleWebKit/537.36 (KHTML, like Gecko)"}
{"ts":"2026-06-19T16:13:51.192Z","level":"info","message":"GET /profit 304 197ms","ip":"::1","userId":"f437545e-506c-4352-8e9b-cd44eaf5218b","userAgent":"Mozilla/5.0 (Windows NT 10.0; Win64; x64) AppleWebKit/537.36 (KHTML, like Gecko)"}
{"ts":"2026-06-19T16:32:46.936Z","level":"info","message":"Backup scheduled: 0 2 * * *"}
{"ts":"2026-06-19T16:32:46.942Z","level":"info","message":"🚀 POS Server running on port 3001"}
{"ts":"2026-06-19T16:32:46.942Z","level":"info","message":"   Environment: development"}
{"ts":"2026-06-19T16:32:46.943Z","level":"info","message":"   Client URL:  http://localhost:5173"}
{"ts":"2026-06-19T16:33:07.184Z","level":"info","message":"GET /visits 304 1677ms","ip":"::1","userId":"f437545e-506c-4352-8e9b-cd44eaf5218b","userAgent":"Mozilla/5.0 (Windows NT 10.0; Win64; x64) AppleWebKit/537.36 (KHTML, like Gecko)"}
{"ts":"2026-06-19T16:33:07.190Z","level":"info","message":"GET /profit 304 1678ms","ip":"::1","userId":"f437545e-506c-4352-8e9b-cd44eaf5218b","userAgent":"Mozilla/5.0 (Windows NT 10.0; Win64; x64) AppleWebKit/537.36 (KHTML, like Gecko)"}
{"ts":"2026-06-19T16:33:07.192Z","level":"info","message":"GET /pending/all 304 1673ms","ip":"::1","userId":"f437545e-506c-4352-8e9b-cd44eaf5218b","userAgent":"Mozilla/5.0 (Windows NT 10.0; Win64; x64) AppleWebKit/537.36 (KHTML, like Gecko)"}
{"ts":"2026-06-19T16:33:07.193Z","level":"info","message":"GET /stats 304 1762ms","ip":"::1","userId":"f437545e-506c-4352-8e9b-cd44eaf5218b","userAgent":"Mozilla/5.0 (Windows NT 10.0; Win64; x64) AppleWebKit/537.36 (KHTML, like Gecko)"}
{"ts":"2026-06-19T16:33:07.203Z","level":"info","message":"GET / 304 1701ms","ip":"::1","userId":"f437545e-506c-4352-8e9b-cd44eaf5218b","userAgent":"Mozilla/5.0 (Windows NT 10.0; Win64; x64) AppleWebKit/537.36 (KHTML, like Gecko)"}
{"ts":"2026-06-19T16:33:07.360Z","level":"info","message":"GET /visits 304 164ms","ip":"::1","userId":"f437545e-506c-4352-8e9b-cd44eaf5218b","userAgent":"Mozilla/5.0 (Windows NT 10.0; Win64; x64) AppleWebKit/537.36 (KHTML, like Gecko)"}
{"ts":"2026-06-19T16:33:07.361Z","level":"info","message":"GET /stats 304 154ms","ip":"::1","userId":"f437545e-506c-4352-8e9b-cd44eaf5218b","userAgent":"Mozilla/5.0 (Windows NT 10.0; Win64; x64) AppleWebKit/537.36 (KHTML, like Gecko)"}
{"ts":"2026-06-19T16:33:07.362Z","level":"info","message":"GET /pending/all 304 157ms","ip":"::1","userId":"f437545e-506c-4352-8e9b-cd44eaf5218b","userAgent":"Mozilla/5.0 (Windows NT 10.0; Win64; x64) AppleWebKit/537.36 (KHTML, like Gecko)"}
{"ts":"2026-06-19T16:33:07.364Z","level":"info","message":"GET / 304 154ms","ip":"::1","userId":"f437545e-506c-4352-8e9b-cd44eaf5218b","userAgent":"Mozilla/5.0 (Windows NT 10.0; Win64; x64) AppleWebKit/537.36 (KHTML, like Gecko)"}
{"ts":"2026-06-19T16:33:07.456Z","level":"info","message":"GET /profit 304 259ms","ip":"::1","userId":"f437545e-506c-4352-8e9b-cd44eaf5218b","userAgent":"Mozilla/5.0 (Windows NT 10.0; Win64; x64) AppleWebKit/537.36 (KHTML, like Gecko)"}
{"ts":"2026-06-19T16:33:22.013Z","level":"info","message":"GET /visits 200 228ms","ip":"::1","userId":"12b59a57-a87f-4cc4-aad2-433e231111a3","userAgent":"Mozilla/5.0 (Windows NT 10.0; Win64; x64) AppleWebKit/537.36 (KHTML, like Gecko)"}
{"ts":"2026-06-19T16:33:22.016Z","level":"info","message":"GET /pending/all 200 234ms","ip":"::1","userId":"12b59a57-a87f-4cc4-aad2-433e231111a3","userAgent":"Mozilla/5.0 (Windows NT 10.0; Win64; x64) AppleWebKit/537.36 (KHTML, like Gecko)"}
{"ts":"2026-06-19T16:33:22.038Z","level":"info","message":"GET / 200 259ms","ip":"::1","userId":"12b59a57-a87f-4cc4-aad2-433e231111a3","userAgent":"Mozilla/5.0 (Windows NT 10.0; Win64; x64) AppleWebKit/537.36 (KHTML, like Gecko)"}
{"ts":"2026-06-19T16:33:22.103Z","level":"info","message":"GET /profit 200 316ms","ip":"::1","userId":"12b59a57-a87f-4cc4-aad2-433e231111a3","userAgent":"Mozilla/5.0 (Windows NT 10.0; Win64; x64) AppleWebKit/537.36 (KHTML, like Gecko)"}
{"ts":"2026-06-19T16:33:22.108Z","level":"info","message":"GET /visits 304 89ms","ip":"::1","userId":"12b59a57-a87f-4cc4-aad2-433e231111a3","userAgent":"Mozilla/5.0 (Windows NT 10.0; Win64; x64) AppleWebKit/537.36 (KHTML, like Gecko)"}
{"ts":"2026-06-19T16:33:22.110Z","level":"info","message":"GET /stats 200 343ms","ip":"::1","userId":"12b59a57-a87f-4cc4-aad2-433e231111a3","userAgent":"Mozilla/5.0 (Windows NT 10.0; Win64; x64) AppleWebKit/537.36 (KHTML, like Gecko)"}
{"ts":"2026-06-19T16:33:22.210Z","level":"info","message":"GET /pending/all 304 182ms","ip":"::1","userId":"12b59a57-a87f-4cc4-aad2-433e231111a3","userAgent":"Mozilla/5.0 (Windows NT 10.0; Win64; x64) AppleWebKit/537.36 (KHTML, like Gecko)"}
{"ts":"2026-06-19T16:33:22.212Z","level":"info","message":"GET /stats 304 92ms","ip":"::1","userId":"12b59a57-a87f-4cc4-aad2-433e231111a3","userAgent":"Mozilla/5.0 (Windows NT 10.0; Win64; x64) AppleWebKit/537.36 (KHTML, like Gecko)"}
{"ts":"2026-06-19T16:33:22.213Z","level":"info","message":"GET / 304 172ms","ip":"::1","userId":"12b59a57-a87f-4cc4-aad2-433e231111a3","userAgent":"Mozilla/5.0 (Windows NT 10.0; Win64; x64) AppleWebKit/537.36 (KHTML, like Gecko)"}
{"ts":"2026-06-19T16:33:22.309Z","level":"info","message":"GET /profit 304 195ms","ip":"::1","userId":"12b59a57-a87f-4cc4-aad2-433e231111a3","userAgent":"Mozilla/5.0 (Windows NT 10.0; Win64; x64) AppleWebKit/537.36 (KHTML, like Gecko)"}
{"ts":"2026-06-19T16:33:29.783Z","level":"info","message":"GET /pending/all 304 160ms","ip":"::1","userId":"12b59a57-a87f-4cc4-aad2-433e231111a3","userAgent":"Mozilla/5.0 (Windows NT 10.0; Win64; x64) AppleWebKit/537.36 (KHTML, like Gecko)"}
{"ts":"2026-06-19T16:33:29.909Z","level":"info","message":"GET /pending/all 304 122ms","ip":"::1","userId":"12b59a57-a87f-4cc4-aad2-433e231111a3","userAgent":"Mozilla/5.0 (Windows NT 10.0; Win64; x64) AppleWebKit/537.36 (KHTML, like Gecko)"}
{"ts":"2026-06-19T16:33:43.437Z","level":"info","message":"GET /pending/all 304 238ms","ip":"::1","userId":"12b59a57-a87f-4cc4-aad2-433e231111a3","userAgent":"Mozilla/5.0 (Windows NT 10.0; Win64; x64) AppleWebKit/537.36 (KHTML, like Gecko)"}
{"ts":"2026-06-19T16:33:44.117Z","level":"info","message":"PATCH /pending/065b9a4d-d3f6-46b1-96f2-5c7c2df93b1b/collect 200 627ms","ip":"::1","userId":"12b59a57-a87f-4cc4-aad2-433e231111a3","userAgent":"Mozilla/5.0 (Windows NT 10.0; Win64; x64) AppleWebKit/537.36 (KHTML, like Gecko)"}
{"ts":"2026-06-19T16:33:44.219Z","level":"info","message":"GET /pending/all 200 95ms","ip":"::1","userId":"12b59a57-a87f-4cc4-aad2-433e231111a3","userAgent":"Mozilla/5.0 (Windows NT 10.0; Win64; x64) AppleWebKit/537.36 (KHTML, like Gecko)"}
{"ts":"2026-06-19T16:33:53.575Z","level":"info","message":"GET /visits 304 3982ms","ip":"::1","userId":"12b59a57-a87f-4cc4-aad2-433e231111a3","userAgent":"Mozilla/5.0 (Windows NT 10.0; Win64; x64) AppleWebKit/537.36 (KHTML, like Gecko)"}
{"ts":"2026-06-19T16:33:53.579Z","level":"info","message":"GET /stats 200 3998ms","ip":"::1","userId":"12b59a57-a87f-4cc4-aad2-433e231111a3","userAgent":"Mozilla/5.0 (Windows NT 10.0; Win64; x64) AppleWebKit/537.36 (KHTML, like Gecko)"}
{"ts":"2026-06-19T16:33:53.580Z","level":"info","message":"GET /profit 200 3985ms","ip":"::1","userId":"12b59a57-a87f-4cc4-aad2-433e231111a3","userAgent":"Mozilla/5.0 (Windows NT 10.0; Win64; x64) AppleWebKit/537.36 (KHTML, like Gecko)"}
{"ts":"2026-06-19T16:33:53.584Z","level":"info","message":"GET /pending/all 304 3993ms","ip":"::1","userId":"12b59a57-a87f-4cc4-aad2-433e231111a3","userAgent":"Mozilla/5.0 (Windows NT 10.0; Win64; x64) AppleWebKit/537.36 (KHTML, like Gecko)"}
{"ts":"2026-06-19T16:33:53.596Z","level":"info","message":"GET / 200 4006ms","ip":"::1","userId":"12b59a57-a87f-4cc4-aad2-433e231111a3","userAgent":"Mozilla/5.0 (Windows NT 10.0; Win64; x64) AppleWebKit/537.36 (KHTML, like Gecko)"}
{"ts":"2026-06-19T16:33:54.588Z","level":"info","message":"GET /visits 304 1007ms","ip":"::1","userId":"12b59a57-a87f-4cc4-aad2-433e231111a3","userAgent":"Mozilla/5.0 (Windows NT 10.0; Win64; x64) AppleWebKit/537.36 (KHTML, like Gecko)"}
{"ts":"2026-06-19T16:33:54.663Z","level":"info","message":"GET /stats 304 1078ms","ip":"::1","userId":"12b59a57-a87f-4cc4-aad2-433e231111a3","userAgent":"Mozilla/5.0 (Windows NT 10.0; Win64; x64) AppleWebKit/537.36 (KHTML, like Gecko)"}
{"ts":"2026-06-19T16:33:54.669Z","level":"info","message":"GET / 304 1072ms","ip":"::1","userId":"12b59a57-a87f-4cc4-aad2-433e231111a3","userAgent":"Mozilla/5.0 (Windows NT 10.0; Win64; x64) AppleWebKit/537.36 (KHTML, like Gecko)"}
{"ts":"2026-06-19T16:33:54.767Z","level":"info","message":"GET /profit 304 1176ms","ip":"::1","userId":"12b59a57-a87f-4cc4-aad2-433e231111a3","userAgent":"Mozilla/5.0 (Windows NT 10.0; Win64; x64) AppleWebKit/537.36 (KHTML, like Gecko)"}
{"ts":"2026-06-19T16:33:54.769Z","level":"info","message":"GET /pending/all 304 1174ms","ip":"::1","userId":"12b59a57-a87f-4cc4-aad2-433e231111a3","userAgent":"Mozilla/5.0 (Windows NT 10.0; Win64; x64) AppleWebKit/537.36 (KHTML, like Gecko)"}
{"ts":"2026-06-19T16:34:46.275Z","level":"info","message":"GET /pending/all 304 778ms","ip":"::1","userId":"12b59a57-a87f-4cc4-aad2-433e231111a3","userAgent":"Mozilla/5.0 (Windows NT 10.0; Win64; x64) AppleWebKit/537.36 (KHTML, like Gecko)"}
{"ts":"2026-06-19T16:34:46.404Z","level":"info","message":"GET /pending/all 304 123ms","ip":"::1","userId":"12b59a57-a87f-4cc4-aad2-433e231111a3","userAgent":"Mozilla/5.0 (Windows NT 10.0; Win64; x64) AppleWebKit/537.36 (KHTML, like Gecko)"}
{"ts":"2026-06-19T16:34:53.541Z","level":"info","message":"GET /pending/all 304 453ms","ip":"::1","userId":"12b59a57-a87f-4cc4-aad2-433e231111a3","userAgent":"Mozilla/5.0 (Windows NT 10.0; Win64; x64) AppleWebKit/537.36 (KHTML, like Gecko)"}
{"ts":"2026-06-19T16:34:54.359Z","level":"info","message":"PATCH /pending/065b9a4d-d3f6-46b1-96f2-5c7c2df93b1b/collect 200 811ms","ip":"::1","userId":"12b59a57-a87f-4cc4-aad2-433e231111a3","userAgent":"Mozilla/5.0 (Windows NT 10.0; Win64; x64) AppleWebKit/537.36 (KHTML, like Gecko)"}
{"ts":"2026-06-19T16:34:54.566Z","level":"info","message":"GET /pending/all 200 204ms","ip":"::1","userId":"12b59a57-a87f-4cc4-aad2-433e231111a3","userAgent":"Mozilla/5.0 (Windows NT 10.0; Win64; x64) AppleWebKit/537.36 (KHTML, like Gecko)"}
{"ts":"2026-06-19T16:34:57.639Z","level":"info","message":"GET /pending/all 304 277ms","ip":"::1","userId":"12b59a57-a87f-4cc4-aad2-433e231111a3","userAgent":"Mozilla/5.0 (Windows NT 10.0; Win64; x64) AppleWebKit/537.36 (KHTML, like Gecko)"}
{"ts":"2026-06-19T16:34:57.746Z","level":"info","message":"GET /stats 200 379ms","ip":"::1","userId":"12b59a57-a87f-4cc4-aad2-433e231111a3","userAgent":"Mozilla/5.0 (Windows NT 10.0; Win64; x64) AppleWebKit/537.36 (KHTML, like Gecko)"}
{"ts":"2026-06-19T16:34:57.754Z","level":"info","message":"GET / 200 379ms","ip":"::1","userId":"12b59a57-a87f-4cc4-aad2-433e231111a3","userAgent":"Mozilla/5.0 (Windows NT 10.0; Win64; x64) AppleWebKit/537.36 (KHTML, like Gecko)"}
{"ts":"2026-06-19T16:34:57.766Z","level":"info","message":"GET /pending/all 304 126ms","ip":"::1","userId":"12b59a57-a87f-4cc4-aad2-433e231111a3","userAgent":"Mozilla/5.0 (Windows NT 10.0; Win64; x64) AppleWebKit/537.36 (KHTML, like Gecko)"}
{"ts":"2026-06-19T16:34:57.886Z","level":"info","message":"GET /visits 304 502ms","ip":"::1","userId":"12b59a57-a87f-4cc4-aad2-433e231111a3","userAgent":"Mozilla/5.0 (Windows NT 10.0; Win64; x64) AppleWebKit/537.36 (KHTML, like Gecko)"}
{"ts":"2026-06-19T16:34:57.892Z","level":"info","message":"GET /profit 200 514ms","ip":"::1","userId":"12b59a57-a87f-4cc4-aad2-433e231111a3","userAgent":"Mozilla/5.0 (Windows NT 10.0; Win64; x64) AppleWebKit/537.36 (KHTML, like Gecko)"}
{"ts":"2026-06-19T16:34:57.948Z","level":"info","message":"GET /stats 304 200ms","ip":"::1","userId":"12b59a57-a87f-4cc4-aad2-433e231111a3","userAgent":"Mozilla/5.0 (Windows NT 10.0; Win64; x64) AppleWebKit/537.36 (KHTML, like Gecko)"}
{"ts":"2026-06-19T16:34:57.967Z","level":"info","message":"GET / 304 212ms","ip":"::1","userId":"12b59a57-a87f-4cc4-aad2-433e231111a3","userAgent":"Mozilla/5.0 (Windows NT 10.0; Win64; x64) AppleWebKit/537.36 (KHTML, like Gecko)"}
{"ts":"2026-06-19T16:34:58.053Z","level":"info","message":"GET /visits 304 158ms","ip":"::1","userId":"12b59a57-a87f-4cc4-aad2-433e231111a3","userAgent":"Mozilla/5.0 (Windows NT 10.0; Win64; x64) AppleWebKit/537.36 (KHTML, like Gecko)"}
{"ts":"2026-06-19T16:34:58.057Z","level":"info","message":"GET /profit 304 159ms","ip":"::1","userId":"12b59a57-a87f-4cc4-aad2-433e231111a3","userAgent":"Mozilla/5.0 (Windows NT 10.0; Win64; x64) AppleWebKit/537.36 (KHTML, like Gecko)"}
