{"ts":"2026-06-10T06:38:50.326Z","action":"INSERT","table":"customers","userId":"0c544294-e96b-4556-a5b2-a9af18dfcdcc","customerId":"993ae7db-cd38-4f42-a232-6967b54fdfdf"}
{"ts":"2026-06-10T07:40:57.551Z","action":"BILL_CREATED","table":"bills","userId":"0c544294-e96b-4556-a5b2-a9af18dfcdcc","billId":"c05598df-64ce-4b65-a3cf-121f1d93239b","total":40,"method":"cash","items":2}
{"ts":"2026-06-10T07:42:46.729Z","action":"BILL_CREATED","table":"bills","userId":"0c544294-e96b-4556-a5b2-a9af18dfcdcc","billId":"0c18b506-b322-4953-b27c-049659b0d142","total":40,"method":"cash","items":1}
{"ts":"2026-06-11T06:50:26.194Z","action":"BILL_CREATED","table":"bills","userId":"0c544294-e96b-4556-a5b2-a9af18dfcdcc","billId":"5e3c9afb-6956-4f63-9729-a3102d2bc124","total":95,"method":"cash","items":3}
{"ts":"2026-06-11T07:06:32.154Z","action":"BILL_CREATED","table":"bills","userId":"0c544294-e96b-4556-a5b2-a9af18dfcdcc","billId":"1ad3ca1f-399e-40d7-a460-f63626f9a1c8","total":50,"method":"cash","items":2}
{"ts":"2026-06-12T08:50:05.423Z","action":"PAYMENT_COLLECTED","table":"pending_payments","userId":"f437545e-506c-4352-8e9b-cd44eaf5218b","pendingId":"c5ced0f5-78db-472b-b349-caaf8b309f77","amount":25,"status":"partial"}
{"ts":"2026-06-12T08:54:04.645Z","action":"PAYMENT_COLLECTED","table":"pending_payments","userId":"0c544294-e96b-4556-a5b2-a9af18dfcdcc","pendingId":"c5ced0f5-78db-472b-b349-caaf8b309f77","amount":10,"status":"partial"}
{"ts":"2026-06-12T08:58:34.389Z","action":"PAYMENT_COLLECTED","table":"pending_payments","userId":"0c544294-e96b-4556-a5b2-a9af18dfcdcc","pendingId":"c5ced0f5-78db-472b-b349-caaf8b309f77","amount":1,"status":"partial"}
{"ts":"2026-06-12T09:04:16.677Z","action":"PAYMENT_COLLECTED","table":"pending_payments","userId":"0c544294-e96b-4556-a5b2-a9af18dfcdcc","pendingId":"c5ced0f5-78db-472b-b349-caaf8b309f77","amount":14,"status":"paid"}
{"ts":"2026-06-12T09:04:45.562Z","action":"PAYMENT_COLLECTED","table":"pending_payments","userId":"0c544294-e96b-4556-a5b2-a9af18dfcdcc","pendingId":"e67829a9-e118-4e76-b21e-00668217c4df","amount":10,"status":"partial"}
{"ts":"2026-06-12T09:44:59.626Z","action":"PAYMENT_COLLECTED","table":"pending_payments","userId":"f437545e-506c-4352-8e9b-cd44eaf5218b","pendingId":"d54c5029-43cb-42fd-9cc3-95da80608a9b","amount":20,"status":"partial"}
{"ts":"2026-06-12T09:45:36.023Z","action":"PAYMENT_COLLECTED","table":"pending_payments","userId":"f437545e-506c-4352-8e9b-cd44eaf5218b","pendingId":"d54c5029-43cb-42fd-9cc3-95da80608a9b","amount":10,"status":"paid"}
{"ts":"2026-06-15T05:47:51.365Z","action":"PAYMENT_COLLECTED","table":"pending_payments","userId":"f437545e-506c-4352-8e9b-cd44eaf5218b","pendingId":"e67829a9-e118-4e76-b21e-00668217c4df","amount":30,"status":"paid"}
{"ts":"2026-06-15T06:33:53.310Z","action":"DELETE","table":"customers","userId":"f437545e-506c-4352-8e9b-cd44eaf5218b","customerId":"993ae7db-cd38-4f42-a232-6967b54fdfdf"}
{"ts":"2026-06-19T16:13:23.636Z","action":"BILL_CREATED","table":"bills","userId":"f437545e-506c-4352-8e9b-cd44eaf5218b","billId":"88c320b3-523a-4514-b3fe-cab7012750bd","total":2195,"method":"cash","items":4}
{"ts":"2026-06-19T16:33:44.115Z","action":"PAYMENT_COLLECTED","table":"pending_payments","userId":"12b59a57-a87f-4cc4-aad2-433e231111a3","pendingId":"065b9a4d-d3f6-46b1-96f2-5c7c2df93b1b","amount":195,"status":"partial"}
{"ts":"2026-06-19T16:34:54.359Z","action":"PAYMENT_COLLECTED","table":"pending_payments","userId":"12b59a57-a87f-4cc4-aad2-433e231111a3","pendingId":"065b9a4d-d3f6-46b1-96f2-5c7c2df93b1b","amount":1000,"status":"partial"}
{"ts":"2026-06-21T19:42:27.463Z","action":"BILL_CREATED","table":"bills","userId":"12b59a57-a87f-4cc4-aad2-433e231111a3","billId":"2f5478e9-ff52-429d-a94e-9ff880e713ef","total":2510,"method":"cash","items":4}
{"ts":"2026-06-21T19:47:56.650Z","action":"PAYMENT_COLLECTED","table":"pending_payments","userId":"0c544294-e96b-4556-a5b2-a9af18dfcdcc","pendingId":"2c76a84e-6722-4c01-9837-782763f5a5e9","amount":500,"status":"partial"}
{"ts":"2026-06-21T19:48:54.666Z","action":"PAYMENT_COLLECTED","table":"pending_payments","userId":"0c544294-e96b-4556-a5b2-a9af18dfcdcc","pendingId":"2c76a84e-6722-4c01-9837-782763f5a5e9","amount":2010,"status":"paid"}
{"ts":"2026-06-21T20:04:09.982Z","action":"BILL_CREATED","table":"bills","userId":"f437545e-506c-4352-8e9b-cd44eaf5218b","billId":"95cc2c42-b906-4579-a772-ec490d8cde7a","total":2440,"method":"cash","items":3}
{"ts":"2026-06-21T20:04:34.099Z","action":"BILL_CREATED","table":"bills","userId":"f437545e-506c-4352-8e9b-cd44eaf5218b","billId":"7cee6736-2453-4b4a-a376-bc2722eecfbc","total":100,"method":"cash","items":2}
{"ts":"2026-06-22T04:54:42.046Z","action":"INSERT","table":"customers","userId":"0c544294-e96b-4556-a5b2-a9af18dfcdcc","customerId":"a542f305-3ed4-4ce1-a2b4-12e7add4b506"}
{"ts":"2026-06-22T04:54:48.108Z","action":"BILL_CREATED","table":"bills","userId":"0c544294-e96b-4556-a5b2-a9af18dfcdcc","billId":"47dfcade-5b67-4497-9bf8-2de72fc82564","total":40,"method":"cash","items":1}
{"ts":"2026-06-22T04:56:21.658Z","action":"PAYMENT_COLLECTED","table":"pending_payments","userId":"0c544294-e96b-4556-a5b2-a9af18dfcdcc","pendingId":"7a58a19e-ec6f-4273-90da-bf32c0a3efd2","amount":10,"status":"partial"}
