{"ts":"2026-06-10T05:56:11.307Z","level":"SECURITY","event":"Rate limit exceeded","ip":"::1","path":"/api/bills"}
{"ts":"2026-06-10T05:56:11.308Z","level":"SECURITY","event":"Rate limit exceeded","ip":"::1","path":"/api/dashboard/stats"}
{"ts":"2026-06-10T05:56:11.308Z","level":"SECURITY","event":"Rate limit exceeded","ip":"::1","path":"/api/analytics/profit"}
{"ts":"2026-06-10T05:56:11.309Z","level":"SECURITY","event":"Rate limit exceeded","ip":"::1","path":"/api/analytics/visits"}
{"ts":"2026-06-10T05:57:17.816Z","level":"SECURITY","event":"Rate limit exceeded","ip":"::1","path":"/api/dashboard/stats"}
{"ts":"2026-06-10T05:57:17.817Z","level":"SECURITY","event":"Rate limit exceeded","ip":"::1","path":"/api/bills"}
{"ts":"2026-06-10T05:57:17.818Z","level":"SECURITY","event":"Rate limit exceeded","ip":"::1","path":"/api/bills/pending/all"}
{"ts":"2026-06-10T05:57:17.819Z","level":"SECURITY","event":"Rate limit exceeded","ip":"::1","path":"/api/analytics/profit"}
{"ts":"2026-06-10T05:57:17.821Z","level":"SECURITY","event":"Rate limit exceeded","ip":"::1","path":"/api/analytics/visits"}
{"ts":"2026-06-10T05:57:18.313Z","level":"SECURITY","event":"Rate limit exceeded","ip":"::1","path":"/api/dashboard/stats"}
{"ts":"2026-06-10T05:57:18.316Z","level":"SECURITY","event":"Rate limit exceeded","ip":"::1","path":"/api/bills"}
{"ts":"2026-06-10T05:57:18.318Z","level":"SECURITY","event":"Rate limit exceeded","ip":"::1","path":"/api/bills/pending/all"}
{"ts":"2026-06-10T05:57:18.320Z","level":"SECURITY","event":"Rate limit exceeded","ip":"::1","path":"/api/analytics/profit"}
{"ts":"2026-06-10T05:57:18.322Z","level":"SECURITY","event":"Rate limit exceeded","ip":"::1","path":"/api/analytics/visits"}
{"ts":"2026-06-10T05:57:18.494Z","level":"SECURITY","event":"Rate limit exceeded","ip":"::1","path":"/api/dashboard/stats"}
{"ts":"2026-06-10T05:57:18.495Z","level":"SECURITY","event":"Rate limit exceeded","ip":"::1","path":"/api/bills"}
{"ts":"2026-06-10T05:57:18.496Z","level":"SECURITY","event":"Rate limit exceeded","ip":"::1","path":"/api/bills/pending/all"}
{"ts":"2026-06-10T05:57:18.497Z","level":"SECURITY","event":"Rate limit exceeded","ip":"::1","path":"/api/analytics/profit"}
{"ts":"2026-06-10T05:57:18.498Z","level":"SECURITY","event":"Rate limit exceeded","ip":"::1","path":"/api/analytics/visits"}
{"ts":"2026-06-10T05:57:18.871Z","level":"SECURITY","event":"Rate limit exceeded","ip":"::1","path":"/api/dashboard/stats"}
{"ts":"2026-06-10T05:57:18.873Z","level":"SECURITY","event":"Rate limit exceeded","ip":"::1","path":"/api/bills"}
{"ts":"2026-06-10T05:57:18.875Z","level":"SECURITY","event":"Rate limit exceeded","ip":"::1","path":"/api/bills/pending/all"}
{"ts":"2026-06-10T05:57:18.877Z","level":"SECURITY","event":"Rate limit exceeded","ip":"::1","path":"/api/analytics/profit"}
{"ts":"2026-06-10T05:57:18.881Z","level":"SECURITY","event":"Rate limit exceeded","ip":"::1","path":"/api/analytics/visits"}
{"ts":"2026-06-10T05:57:19.889Z","level":"SECURITY","event":"Rate limit exceeded","ip":"::1","path":"/api/dashboard/stats"}
{"ts":"2026-06-10T05:57:19.890Z","level":"SECURITY","event":"Rate limit exceeded","ip":"::1","path":"/api/bills"}
{"ts":"2026-06-10T05:57:19.891Z","level":"SECURITY","event":"Rate limit exceeded","ip":"::1","path":"/api/bills/pending/all"}
{"ts":"2026-06-10T05:57:19.892Z","level":"SECURITY","event":"Rate limit exceeded","ip":"::1","path":"/api/analytics/profit"}
{"ts":"2026-06-10T05:57:19.893Z","level":"SECURITY","event":"Rate limit exceeded","ip":"::1","path":"/api/analytics/visits"}
{"ts":"2026-06-10T05:57:20.267Z","level":"SECURITY","event":"Rate limit exceeded","ip":"::1","path":"/api/dashboard/stats"}
{"ts":"2026-06-10T05:57:20.270Z","level":"SECURITY","event":"Rate limit exceeded","ip":"::1","path":"/api/bills"}
{"ts":"2026-06-10T05:57:20.272Z","level":"SECURITY","event":"Rate limit exceeded","ip":"::1","path":"/api/bills/pending/all"}
{"ts":"2026-06-10T05:57:20.274Z","level":"SECURITY","event":"Rate limit exceeded","ip":"::1","path":"/api/analytics/profit"}
{"ts":"2026-06-10T05:57:20.276Z","level":"SECURITY","event":"Rate limit exceeded","ip":"::1","path":"/api/analytics/visits"}
{"ts":"2026-06-10T05:57:20.455Z","level":"SECURITY","event":"Rate limit exceeded","ip":"::1","path":"/api/dashboard/stats"}
{"ts":"2026-06-10T05:57:20.456Z","level":"SECURITY","event":"Rate limit exceeded","ip":"::1","path":"/api/bills"}
{"ts":"2026-06-10T05:57:20.457Z","level":"SECURITY","event":"Rate limit exceeded","ip":"::1","path":"/api/bills/pending/all"}
{"ts":"2026-06-10T05:57:20.462Z","level":"SECURITY","event":"Rate limit exceeded","ip":"::1","path":"/api/analytics/profit"}
{"ts":"2026-06-10T05:57:20.465Z","level":"SECURITY","event":"Rate limit exceeded","ip":"::1","path":"/api/analytics/visits"}
{"ts":"2026-06-10T05:57:22.031Z","level":"SECURITY","event":"Rate limit exceeded","ip":"::1","path":"/api/dashboard/stats"}
{"ts":"2026-06-10T05:57:22.034Z","level":"SECURITY","event":"Rate limit exceeded","ip":"::1","path":"/api/bills/pending/all"}
{"ts":"2026-06-10T05:57:22.032Z","level":"SECURITY","event":"Rate limit exceeded","ip":"::1","path":"/api/bills"}
{"ts":"2026-06-10T05:57:22.035Z","level":"SECURITY","event":"Rate limit exceeded","ip":"::1","path":"/api/analytics/profit"}
{"ts":"2026-06-10T05:57:22.036Z","level":"SECURITY","event":"Rate limit exceeded","ip":"::1","path":"/api/analytics/visits"}
{"ts":"2026-06-10T05:57:22.037Z","level":"SECURITY","event":"Rate limit exceeded","ip":"::1","path":"/api/dashboard/stats"}
{"ts":"2026-06-10T05:57:22.039Z","level":"SECURITY","event":"Rate limit exceeded","ip":"::1","path":"/api/bills"}
{"ts":"2026-06-10T05:57:22.040Z","level":"SECURITY","event":"Rate limit exceeded","ip":"::1","path":"/api/bills/pending/all"}
{"ts":"2026-06-10T05:57:22.041Z","level":"SECURITY","event":"Rate limit exceeded","ip":"::1","path":"/api/analytics/profit"}
{"ts":"2026-06-10T05:57:22.044Z","level":"SECURITY","event":"Rate limit exceeded","ip":"::1","path":"/api/analytics/visits"}
{"ts":"2026-06-10T05:57:23.199Z","level":"SECURITY","event":"Rate limit exceeded","ip":"::1","path":"/api/dashboard/stats"}
{"ts":"2026-06-10T05:57:23.200Z","level":"SECURITY","event":"Rate limit exceeded","ip":"::1","path":"/api/bills"}
{"ts":"2026-06-10T05:57:23.202Z","level":"SECURITY","event":"Rate limit exceeded","ip":"::1","path":"/api/bills/pending/all"}
{"ts":"2026-06-10T05:57:23.203Z","level":"SECURITY","event":"Rate limit exceeded","ip":"::1","path":"/api/analytics/profit"}
{"ts":"2026-06-10T05:57:23.205Z","level":"SECURITY","event":"Rate limit exceeded","ip":"::1","path":"/api/analytics/visits"}
{"ts":"2026-06-10T05:57:23.208Z","level":"SECURITY","event":"Rate limit exceeded","ip":"::1","path":"/api/dashboard/stats"}
{"ts":"2026-06-10T05:57:23.210Z","level":"SECURITY","event":"Rate limit exceeded","ip":"::1","path":"/api/bills"}
{"ts":"2026-06-10T05:57:23.211Z","level":"SECURITY","event":"Rate limit exceeded","ip":"::1","path":"/api/bills/pending/all"}
{"ts":"2026-06-10T05:57:23.214Z","level":"SECURITY","event":"Rate limit exceeded","ip":"::1","path":"/api/analytics/profit"}
{"ts":"2026-06-10T05:57:23.216Z","level":"SECURITY","event":"Rate limit exceeded","ip":"::1","path":"/api/analytics/visits"}
{"ts":"2026-06-10T05:57:23.411Z","level":"SECURITY","event":"Rate limit exceeded","ip":"::1","path":"/api/dashboard/stats"}
{"ts":"2026-06-10T05:57:23.412Z","level":"SECURITY","event":"Rate limit exceeded","ip":"::1","path":"/api/bills/pending/all"}
{"ts":"2026-06-10T05:57:23.413Z","level":"SECURITY","event":"Rate limit exceeded","ip":"::1","path":"/api/analytics/profit"}
{"ts":"2026-06-10T05:57:23.411Z","level":"SECURITY","event":"Rate limit exceeded","ip":"::1","path":"/api/bills"}
{"ts":"2026-06-10T05:57:23.414Z","level":"SECURITY","event":"Rate limit exceeded","ip":"::1","path":"/api/analytics/visits"}
{"ts":"2026-06-10T05:57:23.415Z","level":"SECURITY","event":"Rate limit exceeded","ip":"::1","path":"/api/bills"}
{"ts":"2026-06-10T05:57:23.414Z","level":"SECURITY","event":"Rate limit exceeded","ip":"::1","path":"/api/dashboard/stats"}
{"ts":"2026-06-10T05:57:23.415Z","level":"SECURITY","event":"Rate limit exceeded","ip":"::1","path":"/api/bills/pending/all"}
{"ts":"2026-06-10T05:57:23.415Z","level":"SECURITY","event":"Rate limit exceeded","ip":"::1","path":"/api/analytics/profit"}
{"ts":"2026-06-10T05:57:23.416Z","level":"SECURITY","event":"Rate limit exceeded","ip":"::1","path":"/api/analytics/visits"}
{"ts":"2026-06-10T05:57:23.610Z","level":"SECURITY","event":"Rate limit exceeded","ip":"::1","path":"/api/dashboard/stats"}
{"ts":"2026-06-10T05:57:23.612Z","level":"SECURITY","event":"Rate limit exceeded","ip":"::1","path":"/api/bills"}
{"ts":"2026-06-10T05:57:23.614Z","level":"SECURITY","event":"Rate limit exceeded","ip":"::1","path":"/api/bills/pending/all"}
{"ts":"2026-06-10T05:57:23.615Z","level":"SECURITY","event":"Rate limit exceeded","ip":"::1","path":"/api/analytics/profit"}
{"ts":"2026-06-10T05:57:23.620Z","level":"SECURITY","event":"Rate limit exceeded","ip":"::1","path":"/api/analytics/visits"}
{"ts":"2026-06-10T05:57:23.624Z","level":"SECURITY","event":"Rate limit exceeded","ip":"::1","path":"/api/dashboard/stats"}
{"ts":"2026-06-10T05:57:23.626Z","level":"SECURITY","event":"Rate limit exceeded","ip":"::1","path":"/api/bills/pending/all"}
{"ts":"2026-06-10T05:57:23.625Z","level":"SECURITY","event":"Rate limit exceeded","ip":"::1","path":"/api/bills"}
{"ts":"2026-06-10T05:57:23.629Z","level":"SECURITY","event":"Rate limit exceeded","ip":"::1","path":"/api/analytics/profit"}
{"ts":"2026-06-10T05:57:23.631Z","level":"SECURITY","event":"Rate limit exceeded","ip":"::1","path":"/api/analytics/visits"}
{"ts":"2026-06-10T05:57:25.591Z","level":"SECURITY","event":"Rate limit exceeded","ip":"::1","path":"/api/products"}
{"ts":"2026-06-10T05:57:25.592Z","level":"SECURITY","event":"Rate limit exceeded","ip":"::1","path":"/api/customers"}
{"ts":"2026-06-10T05:57:25.594Z","level":"SECURITY","event":"Rate limit exceeded","ip":"::1","path":"/api/products"}
{"ts":"2026-06-10T05:57:25.596Z","level":"SECURITY","event":"Rate limit exceeded","ip":"::1","path":"/api/customers"}
{"ts":"2026-06-10T05:57:27.210Z","level":"SECURITY","event":"Rate limit exceeded","ip":"::1","path":"/api/products"}
{"ts":"2026-06-10T05:57:27.217Z","level":"SECURITY","event":"Rate limit exceeded","ip":"::1","path":"/api/customers"}
{"ts":"2026-06-10T05:57:27.981Z","level":"SECURITY","event":"Rate limit exceeded","ip":"::1","path":"/api/customers"}
{"ts":"2026-06-10T05:57:27.987Z","level":"SECURITY","event":"Rate limit exceeded","ip":"::1","path":"/api/pending_payments"}
{"ts":"2026-06-10T05:57:27.988Z","level":"SECURITY","event":"Rate limit exceeded","ip":"::1","path":"/api/customers"}
{"ts":"2026-06-10T05:57:27.989Z","level":"SECURITY","event":"Rate limit exceeded","ip":"::1","path":"/api/pending_payments"}
{"ts":"2026-06-10T05:57:30.933Z","level":"SECURITY","event":"Rate limit exceeded","ip":"::1","path":"/api/products"}
{"ts":"2026-06-10T05:57:30.938Z","level":"SECURITY","event":"Rate limit exceeded","ip":"::1","path":"/api/products"}
{"ts":"2026-06-10T05:57:40.608Z","level":"SECURITY","event":"Rate limit exceeded","ip":"::1","path":"/api/bills/pending/all"}
{"ts":"2026-06-10T05:57:40.609Z","level":"SECURITY","event":"Rate limit exceeded","ip":"::1","path":"/api/bills/pending/all"}
{"ts":"2026-06-10T05:57:43.808Z","level":"SECURITY","event":"Rate limit exceeded","ip":"::1","path":"/api/analytics/profit"}
{"ts":"2026-06-10T05:57:43.810Z","level":"SECURITY","event":"Rate limit exceeded","ip":"::1","path":"/api/analytics/profit"}
{"ts":"2026-06-10T05:57:43.812Z","level":"SECURITY","event":"Rate limit exceeded","ip":"::1","path":"/api/reports/top_products"}
{"ts":"2026-06-10T05:57:43.814Z","level":"SECURITY","event":"Rate limit exceeded","ip":"::1","path":"/api/reports/summary"}
{"ts":"2026-06-10T05:57:43.815Z","level":"SECURITY","event":"Rate limit exceeded","ip":"::1","path":"/api/analytics/profit"}
{"ts":"2026-06-10T05:57:43.824Z","level":"SECURITY","event":"Rate limit exceeded","ip":"::1","path":"/api/analytics/profit"}
{"ts":"2026-06-10T05:57:43.826Z","level":"SECURITY","event":"Rate limit exceeded","ip":"::1","path":"/api/reports/top_products"}
{"ts":"2026-06-10T05:57:43.829Z","level":"SECURITY","event":"Rate limit exceeded","ip":"::1","path":"/api/reports/summary"}
{"ts":"2026-06-10T05:57:44.471Z","level":"SECURITY","event":"Rate limit exceeded","ip":"::1","path":"/api/bills/pending/all"}
{"ts":"2026-06-10T05:57:44.474Z","level":"SECURITY","event":"Rate limit exceeded","ip":"::1","path":"/api/reports/reminder_logs"}
{"ts":"2026-06-10T05:57:44.475Z","level":"SECURITY","event":"Rate limit exceeded","ip":"::1","path":"/api/bills/pending/all"}
{"ts":"2026-06-10T05:57:44.478Z","level":"SECURITY","event":"Rate limit exceeded","ip":"::1","path":"/api/reports/reminder_logs"}
{"ts":"2026-06-10T05:57:45.745Z","level":"SECURITY","event":"Rate limit exceeded","ip":"::1","path":"/api/bills/pending/all"}
{"ts":"2026-06-10T05:57:45.749Z","level":"SECURITY","event":"Rate limit exceeded","ip":"::1","path":"/api/bills/pending/all"}
{"ts":"2026-06-10T05:57:46.503Z","level":"SECURITY","event":"Rate limit exceeded","ip":"::1","path":"/api/products"}
{"ts":"2026-06-10T05:57:46.505Z","level":"SECURITY","event":"Rate limit exceeded","ip":"::1","path":"/api/products"}
{"ts":"2026-06-10T05:57:47.354Z","level":"SECURITY","event":"Rate limit exceeded","ip":"::1","path":"/api/customers"}
{"ts":"2026-06-10T05:57:47.357Z","level":"SECURITY","event":"Rate limit exceeded","ip":"::1","path":"/api/pending_payments"}
{"ts":"2026-06-10T05:57:47.359Z","level":"SECURITY","event":"Rate limit exceeded","ip":"::1","path":"/api/customers"}
{"ts":"2026-06-10T05:57:47.360Z","level":"SECURITY","event":"Rate limit exceeded","ip":"::1","path":"/api/pending_payments"}
{"ts":"2026-06-10T05:57:48.590Z","level":"SECURITY","event":"Rate limit exceeded","ip":"::1","path":"/api/products"}
{"ts":"2026-06-10T05:57:48.592Z","level":"SECURITY","event":"Rate limit exceeded","ip":"::1","path":"/api/customers"}
{"ts":"2026-06-10T05:57:48.593Z","level":"SECURITY","event":"Rate limit exceeded","ip":"::1","path":"/api/products"}
{"ts":"2026-06-10T05:57:48.594Z","level":"SECURITY","event":"Rate limit exceeded","ip":"::1","path":"/api/customers"}
{"ts":"2026-06-10T05:58:49.136Z","level":"SECURITY","event":"Rate limit exceeded","ip":"::1","path":"/api/products"}
{"ts":"2026-06-10T05:58:49.137Z","level":"SECURITY","event":"Rate limit exceeded","ip":"::1","path":"/api/customers"}
{"ts":"2026-06-10T05:58:49.863Z","level":"SECURITY","event":"Rate limit exceeded","ip":"::1","path":"/api/products"}
{"ts":"2026-06-10T05:58:49.867Z","level":"SECURITY","event":"Rate limit exceeded","ip":"::1","path":"/api/customers"}
{"ts":"2026-06-10T05:58:50.420Z","level":"SECURITY","event":"Rate limit exceeded","ip":"::1","path":"/api/products"}
{"ts":"2026-06-10T05:58:50.423Z","level":"SECURITY","event":"Rate limit exceeded","ip":"::1","path":"/api/customers"}
{"ts":"2026-06-10T05:58:50.639Z","level":"SECURITY","event":"Rate limit exceeded","ip":"::1","path":"/api/products"}
{"ts":"2026-06-10T05:58:50.642Z","level":"SECURITY","event":"Rate limit exceeded","ip":"::1","path":"/api/customers"}
{"ts":"2026-06-10T05:58:50.817Z","level":"SECURITY","event":"Rate limit exceeded","ip":"::1","path":"/api/products"}
{"ts":"2026-06-10T05:58:50.821Z","level":"SECURITY","event":"Rate limit exceeded","ip":"::1","path":"/api/customers"}
{"ts":"2026-06-10T05:58:51.033Z","level":"SECURITY","event":"Rate limit exceeded","ip":"::1","path":"/api/products"}
{"ts":"2026-06-10T05:58:51.037Z","level":"SECURITY","event":"Rate limit exceeded","ip":"::1","path":"/api/customers"}
{"ts":"2026-06-10T05:58:52.586Z","level":"SECURITY","event":"Rate limit exceeded","ip":"::1","path":"/api/customers"}
{"ts":"2026-06-10T05:58:52.588Z","level":"SECURITY","event":"Rate limit exceeded","ip":"::1","path":"/api/pending_payments"}
{"ts":"2026-06-10T05:58:52.590Z","level":"SECURITY","event":"Rate limit exceeded","ip":"::1","path":"/api/customers"}
{"ts":"2026-06-10T05:58:52.592Z","level":"SECURITY","event":"Rate limit exceeded","ip":"::1","path":"/api/pending_payments"}
{"ts":"2026-06-10T05:58:54.589Z","level":"SECURITY","event":"Rate limit exceeded","ip":"::1","path":"/api/products"}
{"ts":"2026-06-10T05:58:54.590Z","level":"SECURITY","event":"Rate limit exceeded","ip":"::1","path":"/api/customers"}
{"ts":"2026-06-10T05:58:54.592Z","level":"SECURITY","event":"Rate limit exceeded","ip":"::1","path":"/api/customers"}
{"ts":"2026-06-10T05:58:54.594Z","level":"SECURITY","event":"Rate limit exceeded","ip":"::1","path":"/api/products"}
{"ts":"2026-06-10T05:58:55.133Z","level":"SECURITY","event":"Rate limit exceeded","ip":"::1","path":"/api/dashboard/stats"}
{"ts":"2026-06-10T05:58:55.134Z","level":"SECURITY","event":"Rate limit exceeded","ip":"::1","path":"/api/bills"}
{"ts":"2026-06-10T05:58:55.135Z","level":"SECURITY","event":"Rate limit exceeded","ip":"::1","path":"/api/bills/pending/all"}
{"ts":"2026-06-10T05:58:55.137Z","level":"SECURITY","event":"Rate limit exceeded","ip":"::1","path":"/api/analytics/profit"}
{"ts":"2026-06-10T05:58:55.139Z","level":"SECURITY","event":"Rate limit exceeded","ip":"::1","path":"/api/analytics/visits"}
{"ts":"2026-06-10T05:58:55.143Z","level":"SECURITY","event":"Rate limit exceeded","ip":"::1","path":"/api/dashboard/stats"}
{"ts":"2026-06-10T05:58:55.144Z","level":"SECURITY","event":"Rate limit exceeded","ip":"::1","path":"/api/bills"}
{"ts":"2026-06-10T05:58:55.147Z","level":"SECURITY","event":"Rate limit exceeded","ip":"::1","path":"/api/analytics/profit"}
{"ts":"2026-06-10T05:58:55.146Z","level":"SECURITY","event":"Rate limit exceeded","ip":"::1","path":"/api/bills/pending/all"}
{"ts":"2026-06-10T05:58:55.150Z","level":"SECURITY","event":"Rate limit exceeded","ip":"::1","path":"/api/analytics/visits"}
{"ts":"2026-06-10T05:59:12.926Z","level":"SECURITY","event":"Rate limit exceeded","ip":"::1","path":"/api/dashboard/stats"}
{"ts":"2026-06-10T05:59:12.927Z","level":"SECURITY","event":"Rate limit exceeded","ip":"::1","path":"/api/bills"}
{"ts":"2026-06-10T05:59:12.928Z","level":"SECURITY","event":"Rate limit exceeded","ip":"::1","path":"/api/bills/pending/all"}
{"ts":"2026-06-10T05:59:12.929Z","level":"SECURITY","event":"Rate limit exceeded","ip":"::1","path":"/api/analytics/profit"}
{"ts":"2026-06-10T05:59:12.930Z","level":"SECURITY","event":"Rate limit exceeded","ip":"::1","path":"/api/analytics/visits"}
{"ts":"2026-06-10T05:59:12.931Z","level":"SECURITY","event":"Rate limit exceeded","ip":"::1","path":"/api/dashboard/stats"}
{"ts":"2026-06-10T05:59:12.932Z","level":"SECURITY","event":"Rate limit exceeded","ip":"::1","path":"/api/bills"}
{"ts":"2026-06-10T05:59:12.933Z","level":"SECURITY","event":"Rate limit exceeded","ip":"::1","path":"/api/bills/pending/all"}
{"ts":"2026-06-10T05:59:12.934Z","level":"SECURITY","event":"Rate limit exceeded","ip":"::1","path":"/api/analytics/profit"}
{"ts":"2026-06-10T05:59:12.936Z","level":"SECURITY","event":"Rate limit exceeded","ip":"::1","path":"/api/analytics/visits"}
{"ts":"2026-06-10T05:59:14.816Z","level":"SECURITY","event":"Rate limit exceeded","ip":"::1","path":"/api/products"}
{"ts":"2026-06-10T05:59:14.820Z","level":"SECURITY","event":"Rate limit exceeded","ip":"::1","path":"/api/customers"}
{"ts":"2026-06-10T05:59:14.823Z","level":"SECURITY","event":"Rate limit exceeded","ip":"::1","path":"/api/products"}
{"ts":"2026-06-10T05:59:14.830Z","level":"SECURITY","event":"Rate limit exceeded","ip":"::1","path":"/api/customers"}
{"ts":"2026-06-10T05:59:15.532Z","level":"SECURITY","event":"Rate limit exceeded","ip":"::1","path":"/api/customers"}
{"ts":"2026-06-10T05:59:15.535Z","level":"SECURITY","event":"Rate limit exceeded","ip":"::1","path":"/api/pending_payments"}
{"ts":"2026-06-10T05:59:15.539Z","level":"SECURITY","event":"Rate limit exceeded","ip":"::1","path":"/api/customers"}
{"ts":"2026-06-10T05:59:15.540Z","level":"SECURITY","event":"Rate limit exceeded","ip":"::1","path":"/api/pending_payments"}
{"ts":"2026-06-10T05:59:15.986Z","level":"SECURITY","event":"Rate limit exceeded","ip":"::1","path":"/api/bills/pending/all"}
{"ts":"2026-06-10T05:59:15.989Z","level":"SECURITY","event":"Rate limit exceeded","ip":"::1","path":"/api/bills/pending/all"}
{"ts":"2026-06-10T05:59:16.522Z","level":"SECURITY","event":"Rate limit exceeded","ip":"::1","path":"/api/customers"}
{"ts":"2026-06-10T05:59:16.525Z","level":"SECURITY","event":"Rate limit exceeded","ip":"::1","path":"/api/pending_payments"}
{"ts":"2026-06-10T05:59:16.527Z","level":"SECURITY","event":"Rate limit exceeded","ip":"::1","path":"/api/customers"}
{"ts":"2026-06-10T05:59:16.529Z","level":"SECURITY","event":"Rate limit exceeded","ip":"::1","path":"/api/pending_payments"}
{"ts":"2026-06-10T05:59:16.943Z","level":"SECURITY","event":"Rate limit exceeded","ip":"::1","path":"/api/products"}
{"ts":"2026-06-10T05:59:16.947Z","level":"SECURITY","event":"Rate limit exceeded","ip":"::1","path":"/api/products"}
{"ts":"2026-06-10T05:59:17.800Z","level":"SECURITY","event":"Rate limit exceeded","ip":"::1","path":"/api/bills/pending/all"}
{"ts":"2026-06-10T05:59:17.803Z","level":"SECURITY","event":"Rate limit exceeded","ip":"::1","path":"/api/bills/pending/all"}
{"ts":"2026-06-10T05:59:20.464Z","level":"SECURITY","event":"Rate limit exceeded","ip":"::1","path":"/api/bills/pending/all"}
{"ts":"2026-06-10T05:59:20.467Z","level":"SECURITY","event":"Rate limit exceeded","ip":"::1","path":"/api/reports/reminder_logs"}
{"ts":"2026-06-10T05:59:20.468Z","level":"SECURITY","event":"Rate limit exceeded","ip":"::1","path":"/api/bills/pending/all"}
{"ts":"2026-06-10T05:59:20.473Z","level":"SECURITY","event":"Rate limit exceeded","ip":"::1","path":"/api/reports/reminder_logs"}
{"ts":"2026-06-10T05:59:23.060Z","level":"SECURITY","event":"Rate limit exceeded","ip":"::1","path":"/api/analytics/profit"}
{"ts":"2026-06-10T05:59:23.061Z","level":"SECURITY","event":"Rate limit exceeded","ip":"::1","path":"/api/analytics/profit"}
{"ts":"2026-06-10T05:59:23.062Z","level":"SECURITY","event":"Rate limit exceeded","ip":"::1","path":"/api/reports/top_products"}
{"ts":"2026-06-10T05:59:23.065Z","level":"SECURITY","event":"Rate limit exceeded","ip":"::1","path":"/api/reports/summary"}
{"ts":"2026-06-10T05:59:23.066Z","level":"SECURITY","event":"Rate limit exceeded","ip":"::1","path":"/api/analytics/profit"}
{"ts":"2026-06-10T05:59:23.069Z","level":"SECURITY","event":"Rate limit exceeded","ip":"::1","path":"/api/analytics/profit"}
{"ts":"2026-06-10T05:59:23.072Z","level":"SECURITY","event":"Rate limit exceeded","ip":"::1","path":"/api/reports/top_products"}
{"ts":"2026-06-10T05:59:23.076Z","level":"SECURITY","event":"Rate limit exceeded","ip":"::1","path":"/api/reports/summary"}
{"ts":"2026-06-10T05:59:24.221Z","level":"SECURITY","event":"Rate limit exceeded","ip":"::1","path":"/api/bills/pending/all"}
{"ts":"2026-06-10T05:59:24.226Z","level":"SECURITY","event":"Rate limit exceeded","ip":"::1","path":"/api/reports/reminder_logs"}
{"ts":"2026-06-10T05:59:24.230Z","level":"SECURITY","event":"Rate limit exceeded","ip":"::1","path":"/api/bills/pending/all"}
{"ts":"2026-06-10T05:59:24.234Z","level":"SECURITY","event":"Rate limit exceeded","ip":"::1","path":"/api/reports/reminder_logs"}
